Component: ARM Compiler 5.06 update 6 (build 750) Tool: armlink [4d35ed]

==============================================================================

Section Cross References

    startup_stm32f10x_md.o(RESET) refers to startup_stm32f10x_md.o(STACK) for __initial_sp
    startup_stm32f10x_md.o(RESET) refers to startup_stm32f10x_md.o(.text) for Reset_Handler
    startup_stm32f10x_md.o(RESET) refers to stm32f10x_it.o(i.NMI_Handler) for NMI_Handler
    startup_stm32f10x_md.o(RESET) refers to stm32f10x_it.o(i.HardFault_Handler) for HardFault_Handler
    startup_stm32f10x_md.o(RESET) refers to stm32f10x_it.o(i.MemManage_Handler) for MemManage_Handler
    startup_stm32f10x_md.o(RESET) refers to stm32f10x_it.o(i.BusFault_Handler) for BusFault_Handler
    startup_stm32f10x_md.o(RESET) refers to stm32f10x_it.o(i.UsageFault_Handler) for UsageFault_Handler
    startup_stm32f10x_md.o(RESET) refers to stm32f10x_it.o(i.SVC_Handler) for SVC_Handler
    startup_stm32f10x_md.o(RESET) refers to stm32f10x_it.o(i.DebugMon_Handler) for DebugMon_Handler
    startup_stm32f10x_md.o(RESET) refers to stm32f10x_it.o(i.PendSV_Handler) for PendSV_Handler
    startup_stm32f10x_md.o(RESET) refers to stm32f10x_it.o(i.SysTick_Handler) for SysTick_Handler
    startup_stm32f10x_md.o(RESET) refers to heartbeat.o(i.TIM3_IRQHandler) for TIM3_IRQHandler
    startup_stm32f10x_md.o(RESET) refers to serial.o(i.USART2_IRQHandler) for USART2_IRQHandler
    startup_stm32f10x_md.o(.text) refers to system_stm32f10x.o(i.SystemInit) for SystemInit
    startup_stm32f10x_md.o(.text) refers to entry.o(.ARM.Collect$$$$00000000) for __main
    system_stm32f10x.o(i.SetSysClock) refers to system_stm32f10x.o(i.SetSysClockTo72) for SetSysClockTo72
    system_stm32f10x.o(i.SystemCoreClockUpdate) refers to system_stm32f10x.o(.data) for SystemCoreClock
    system_stm32f10x.o(i.SystemInit) refers to system_stm32f10x.o(i.SetSysClock) for SetSysClock
    stm32f10x_adc.o(i.ADC_DeInit) refers to stm32f10x_rcc.o(i.RCC_APB2PeriphResetCmd) for RCC_APB2PeriphResetCmd
    stm32f10x_bkp.o(i.BKP_DeInit) refers to stm32f10x_rcc.o(i.RCC_BackupResetCmd) for RCC_BackupResetCmd
    stm32f10x_can.o(i.CAN_DeInit) refers to stm32f10x_rcc.o(i.RCC_APB1PeriphResetCmd) for RCC_APB1PeriphResetCmd
    stm32f10x_can.o(i.CAN_GetITStatus) refers to stm32f10x_can.o(i.CheckITStatus) for CheckITStatus
    stm32f10x_cec.o(i.CEC_DeInit) refers to stm32f10x_rcc.o(i.RCC_APB1PeriphResetCmd) for RCC_APB1PeriphResetCmd
    stm32f10x_dac.o(i.DAC_DeInit) refers to stm32f10x_rcc.o(i.RCC_APB1PeriphResetCmd) for RCC_APB1PeriphResetCmd
    stm32f10x_flash.o(i.FLASH_EnableWriteProtection) refers to stm32f10x_flash.o(i.FLASH_WaitForLastOperation) for FLASH_WaitForLastOperation
    stm32f10x_flash.o(i.FLASH_EraseAllBank1Pages) refers to stm32f10x_flash.o(i.FLASH_WaitForLastBank1Operation) for FLASH_WaitForLastBank1Operation
    stm32f10x_flash.o(i.FLASH_EraseAllPages) refers to stm32f10x_flash.o(i.FLASH_WaitForLastOperation) for FLASH_WaitForLastOperation
    stm32f10x_flash.o(i.FLASH_EraseOptionBytes) refers to stm32f10x_flash.o(i.FLASH_GetReadOutProtectionStatus) for FLASH_GetReadOutProtectionStatus
    stm32f10x_flash.o(i.FLASH_EraseOptionBytes) refers to stm32f10x_flash.o(i.FLASH_WaitForLastOperation) for FLASH_WaitForLastOperation
    stm32f10x_flash.o(i.FLASH_ErasePage) refers to stm32f10x_flash.o(i.FLASH_WaitForLastOperation) for FLASH_WaitForLastOperation
    stm32f10x_flash.o(i.FLASH_ProgramHalfWord) refers to stm32f10x_flash.o(i.FLASH_WaitForLastOperation) for FLASH_WaitForLastOperation
    stm32f10x_flash.o(i.FLASH_ProgramOptionByteData) refers to stm32f10x_flash.o(i.FLASH_WaitForLastOperation) for FLASH_WaitForLastOperation
    stm32f10x_flash.o(i.FLASH_ProgramWord) refers to stm32f10x_flash.o(i.FLASH_WaitForLastOperation) for FLASH_WaitForLastOperation
    stm32f10x_flash.o(i.FLASH_ReadOutProtection) refers to stm32f10x_flash.o(i.FLASH_WaitForLastOperation) for FLASH_WaitForLastOperation
    stm32f10x_flash.o(i.FLASH_UserOptionByteConfig) refers to stm32f10x_flash.o(i.FLASH_WaitForLastOperation) for FLASH_WaitForLastOperation
    stm32f10x_flash.o(i.FLASH_WaitForLastBank1Operation) refers to stm32f10x_flash.o(i.FLASH_GetBank1Status) for FLASH_GetBank1Status
    stm32f10x_flash.o(i.FLASH_WaitForLastOperation) refers to stm32f10x_flash.o(i.FLASH_GetBank1Status) for FLASH_GetBank1Status
    stm32f10x_gpio.o(i.GPIO_AFIODeInit) refers to stm32f10x_rcc.o(i.RCC_APB2PeriphResetCmd) for RCC_APB2PeriphResetCmd
    stm32f10x_gpio.o(i.GPIO_DeInit) refers to stm32f10x_rcc.o(i.RCC_APB2PeriphResetCmd) for RCC_APB2PeriphResetCmd
    stm32f10x_i2c.o(i.I2C_DeInit) refers to stm32f10x_rcc.o(i.RCC_APB1PeriphResetCmd) for RCC_APB1PeriphResetCmd
    stm32f10x_i2c.o(i.I2C_Init) refers to stm32f10x_rcc.o(i.RCC_GetClocksFreq) for RCC_GetClocksFreq
    stm32f10x_pwr.o(i.PWR_DeInit) refers to stm32f10x_rcc.o(i.RCC_APB1PeriphResetCmd) for RCC_APB1PeriphResetCmd
[...]
    i.USART_SendData                         0x08002e9a   Section        0  stm32f10x_usart.o(i.USART_SendData)
    i.UsageFault_Handler                     0x08002ea2   Section        0  stm32f10x_it.o(i.UsageFault_Handler)
    i.Yaw_Motor_Left                         0x08002ea6   Section        0  motor_pwm.o(i.Yaw_Motor_Left)
    i.Yaw_Motor_Pwm_1                        0x08002ebe   Section        0  motor_pwm.o(i.Yaw_Motor_Pwm_1)
    i.Yaw_Motor_Pwm_2                        0x08002ece   Section        0  motor_pwm.o(i.Yaw_Motor_Pwm_2)
    i.Yaw_Motor_Rigth                        0x08002ede   Section        0  motor_pwm.o(i.Yaw_Motor_Rigth)
    i.Yaw_Motor_Stop                         0x08002ef6   Section        0  motor_pwm.o(i.Yaw_Motor_Stop)
    i.Yaw_Pwm_Init                           0x08002f0c   Section        0  motor_pwm.o(i.Yaw_Pwm_Init)
    i.__0printf                              0x08002fb4   Section        0  printfa.o(i.__0printf)
    i.__0sprintf                             0x08002fd4   Section        0  printfa.o(i.__0sprintf)
    i.__ARM_fpclassify                       0x08002ffc   Section        0  fpclassify.o(i.__ARM_fpclassify)
    i.__ieee754_rem_pio2                     0x08003024   Section        0  rred.o(i.__ieee754_rem_pio2)
    i.__kernel_cos                           0x080033ac   Section        0  cos_i.o(i.__kernel_cos)
    i.__kernel_poly                          0x080034a8   Section        0  poly.o(i.__kernel_poly)
    i.__kernel_sin                           0x08003554   Section        0  sin_i.o(i.__kernel_sin)
    i.__kernel_tan                           0x08003640   Section        0  tan_i.o(i.__kernel_tan)
    i.__mathlib_dbl_divzero                  0x080038bc   Section        0  dunder.o(i.__mathlib_dbl_divzero)
    i.__mathlib_dbl_infnan                   0x080038cc   Section        0  dunder.o(i.__mathlib_dbl_infnan)
    i.__mathlib_dbl_infnan2                  0x080038d2   Section        0  dunder.o(i.__mathlib_dbl_infnan2)
    i.__mathlib_dbl_invalid                  0x080038d6   Section        0  dunder.o(i.__mathlib_dbl_invalid)
    i.__mathlib_dbl_overflow                 0x080038e2   Section        0  dunder.o(i.__mathlib_dbl_overflow)
    i.__mathlib_dbl_underflow                0x080038f0   Section        0  dunder.o(i.__mathlib_dbl_underflow)
    i.__read_errno                           0x08003900   Section        0  errno.o(i.__read_errno)
    i.__scatterload_copy                     0x0800390c   Section       14  handlers.o(i.__scatterload_copy)
    i.__scatterload_null                     0x0800391a   Section        2  handlers.o(i.__scatterload_null)
    i.__scatterload_zeroinit                 0x0800391c   Section       14  handlers.o(i.__scatterload_zeroinit)
    i.__set_errno                            0x0800392c   Section        0  errno.o(i.__set_errno)
    i._fp_digits                             0x08003938   Section        0  printfa.o(i._fp_digits)
    _fp_digits                               0x08003939   Thumb Code   366  printfa.o(i._fp_digits)
    i._is_digit                              0x08003abc   Section        0  scanf_fp.o(i._is_digit)
    i._printf_core                           0x08003acc   Section        0  printfa.o(i._printf_core)
    _printf_core                             0x08003acd   Thumb Code  1744  printfa.o(i._printf_core)
    i._printf_post_padding                   0x080041a8   Section        0  printfa.o(i._printf_post_padding)
    _printf_post_padding                     0x080041a9   Thumb Code    36  printfa.o(i._printf_post_padding)
    i._printf_pre_padding                    0x080041cc   Section        0  printfa.o(i._printf_pre_padding)
    _printf_pre_padding                      0x080041cd   Thumb Code    46  printfa.o(i._printf_pre_padding)
    i._sputc                                 0x080041fa   Section        0  printfa.o(i._sputc)
    _sputc                                   0x080041fb   Thumb Code    10  printfa.o(i._sputc)
    i.aberration_correction                  0x08004204   Section        0  spa.o(i.aberration_correction)
    i.acos                                   0x08004238   Section        0  acos.o(i.acos)
    i.apparent_sun_longitude                 0x080044b4   Section        0  spa.o(i.apparent_sun_longitude)
    i.argument_latitude_moon                 0x080044e0   Section        0  spa.o(i.argument_latitude_moon)
    i.ascending_longitude_moon               0x0800452c   Section        0  spa.o(i.ascending_longitude_moon)
    i.asin                                   0x08004578   Section        0  asin.o(i.asin)
    i.atan                                   0x080047e8   Section        0  atan.o(i.atan)
    i.atan2                                  0x08004a08   Section        0  atan2.o(i.atan2)
    i.atmospheric_refraction_correction      0x08004b88   Section        0  spa.o(i.atmospheric_refraction_correction)
    i.atof                                   0x08004ca0   Section        0  atof.o(i.atof)
    i.calculate_geocentric_sun_right_ascension_and_declination 0x08004cca   Section        0  spa.o(i.calculate_geocentric_sun_right_ascension_and_declination)
    i.convertNE                              0x08004e98   Section        0  gps.o(i.convertNE)
    i.cos                                    0x08004f00   Section        0  cos.o(i.cos)
    i.deg2rad                                0x08004f9c   Section        0  spa.o(i.deg2rad)
    i.earth_heliocentric_latitude            0x08004fb8   Section        0  spa.o(i.earth_heliocentric_latitude)
    i.earth_heliocentric_longitude           0x0800500c   Section        0  spa.o(i.earth_heliocentric_longitude)
    i.earth_periodic_term_summation          0x0800506c   Section        0  spa.o(i.earth_periodic_term_summation)
    i.earth_radius_vector                    0x080050f4   Section        0  spa.o(i.earth_radius_vector)
    i.earth_values                           0x08005140   Section        0  spa.o(i.earth_values)
    i.ecliptic_mean_obliquity                0x080051b8   Section        0  spa.o(i.ecliptic_mean_obliquity)
    i.ecliptic_true_obliquity                0x0800531c   Section        0  spa.o(i.ecliptic_true_obliquity)
    i.floor                                  0x08005348   Section        0  floor.o(i.floor)
    i.fmod                                   0x08005424   Section        0  fmod.o(i.fmod)
    i.fputc                                  0x080054b8   Section        0  serial.o(i.fputc)
    i.geocentric_declination                 0x080054dc   Section        0  spa.o(i.geocentric_declination)
    i.geocentric_latitude                    0x08005588   Section        0  spa.o(i.geocentric_latitude)
    i.geocentric_longitude                   0x08005594   Section        0  spa.o(i.geocentric_longitude)
    i.geocentric_right_ascension             0x080055dc   Section        0  spa.o(i.geocentric_right_ascension)
    i.greenwich_mean_sidereal_time           0x08005688   Section        0  spa.o(i.greenwich_mean_sidereal_time)
    i.greenwich_sidereal_time                0x0800572c   Section        0  spa.o(i.greenwich_sidereal_time)
    i.integer                                0x08005760   Section        0  spa.o(i.integer)
    i.julian_century                         0x08005770   Section        0  spa.o(i.julian_century)
    i.julian_day                             0x0800579c   Section        0  spa.o(i.julian_day)
    i.julian_ephemeris_century               0x08005938   Section        0  spa.o(i.julian_ephemeris_century)
    i.julian_ephemeris_day                   0x08005964   Section        0  spa.o(i.julian_ephemeris_day)
    i.julian_ephemeris_millennium            0x08005990   Section        0  spa.o(i.julian_ephemeris_millennium)
    i.limit_degrees                          0x080059a8   Section        0  spa.o(i.limit_degrees)
    i.main                                   0x08005a0c   Section        0  main.o(i.main)
    i.mean_anomaly_moon                      0x08005a44   Section        0  spa.o(i.mean_anomaly_moon)
    i.mean_anomaly_sun                       0x08005a90   Section        0  spa.o(i.mean_anomaly_sun)
    i.mean_elongation_moon_sun               0x08005adc   Section        0  spa.o(i.mean_elongation_moon_sun)
    i.nutation_longitude_and_obliquity       0x08005b28   Section        0  spa.o(i.nutation_longitude_and_obliquity)
    i.observer_hour_angle                    0x08005c3c   Section        0  spa.o(i.observer_hour_angle)
    i.pow                                    0x08005c68   Section        0  pow.o(i.pow)
    i.rad2deg                                0x08006640   Section        0  spa.o(i.rad2deg)
    i.right_ascension_parallax_and_topocentric_dec 0x0800665c   Section        0  spa.o(i.right_ascension_parallax_and_topocentric_dec)
    i.sin                                    0x08006888   Section        0  sin.o(i.sin)
    i.spa_calculate                          0x08006928   Section        0  spa.o(i.spa_calculate)
    i.sqrt                                   0x08006af6   Section        0  sqrt.o(i.sqrt)
    i.sun_equatorial_horizontal_parallax     0x08006b44   Section        0  spa.o(i.sun_equatorial_horizontal_parallax)
    i.surface_incidence_angle                0x08006b78   Section        0  spa.o(i.surface_incidence_angle)
    i.tan                                    0x08006c30   Section        0  tan.o(i.tan)
    i.third_order_polynomial                 0x08006c94   Section        0  spa.o(i.third_order_polynomial)
    i.topocentric_azimuth_angle              0x08006cf4   Section        0  spa.o(i.topocentric_azimuth_angle)
    i.topocentric_azimuth_angle_astro        0x08006d18   Section        0  spa.o(i.topocentric_azimuth_angle_astro)
    i.topocentric_elevation_angle            0x08006dc4   Section        0  spa.o(i.topocentric_elevation_angle)
    i.topocentric_elevation_angle_corrected  0x08006e70   Section        0  spa.o(i.topocentric_elevation_angle_corrected)
    i.topocentric_local_hour_angle           0x08006e8c   Section        0  spa.o(i.topocentric_local_hour_angle)
    i.topocentric_right_ascension            0x08006ea8   Section        0  spa.o(i.topocentric_right_ascension)
    i.topocentric_zenith_angle               0x08006ec4   Section        0  spa.o(i.topocentric_zenith_angle)
    i.transformLat                           0x08006edc   Section        0  gps.o(i.transformLat)
    i.transformLon                           0x0800717c   Section        0  gps.o(i.transformLon)
    i.validate_inputs                        0x08007408   Section        0  spa.o(i.validate_inputs)
    i.xy_term_summation                      0x0800761c   Section        0  spa.o(i.xy_term_summation)
    .constdata                               0x08007678   Section    17592  spa.o(.constdata)
    .constdata                               0x0800bb30   Section       80  acos.o(.constdata)
    pS                                       0x0800bb30   Data          48  acos.o(.constdata)
    qS                                       0x0800bb60   Data          32  acos.o(.constdata)
    .constdata                               0x0800bb80   Section       80  asin.o(.constdata)
    pS                                       0x0800bb80   Data          48  asin.o(.constdata)
    qS                                       0x0800bbb0   Data          32  asin.o(.constdata)
    .constdata                               0x0800bbd0   Section      152  atan.o(.constdata)
    atanhi                                   0x0800bbd0   Data          32  atan.o(.constdata)
    atanlo                                   0x0800bbf0   Data          32  atan.o(.constdata)
    aTodd                                    0x0800bc10   Data          40  atan.o(.constdata)
    aTeven                                   0x0800bc38   Data          48  atan.o(.constdata)
    .constdata                               0x0800bc68   Section      136  pow.o(.constdata)
    bp                                       0x0800bc68   Data          16  pow.o(.constdata)
    dp_h                                     0x0800bc78   Data          16  pow.o(.constdata)
    dp_l                                     0x0800bc88   Data          16  pow.o(.constdata)
    L                                        0x0800bc98   Data          48  pow.o(.constdata)
    P                                        0x0800bcc8   Data          40  pow.o(.constdata)
    .constdata                               0x0800bcf0   Section       48  cos_i.o(.constdata)
    C                                        0x0800bcf0   Data          48  cos_i.o(.constdata)
    .constdata                               0x0800bd20   Section        8  qnan.o(.constdata)
    .constdata                               0x0800bd28   Section      200  rred.o(.constdata)
    pio2s                                    0x0800bd28   Data          48  rred.o(.constdata)
    twooverpi                                0x0800bd58   Data         152  rred.o(.constdata)
    .constdata                               0x0800bdf0   Section       40  sin_i.o(.constdata)
    S                                        0x0800bdf0   Data          40  sin_i.o(.constdata)
    .constdata                               0x0800be18   Section       96  tan_i.o(.constdata)
    Todd                                     0x0800be18   Data          48  tan_i.o(.constdata)
    Teven                                    0x0800be48   Data          48  tan_i.o(.constdata)
    .constdata                               0x0800be78   Section       64  ctype_c.o(.constdata)
    .data                                    0x20000000   Section       20  stm32f10x_rcc.o(.data)
    APBAHBPrescTable                         0x20000000   Data          16  stm32f10x_rcc.o(.data)
    ADCPrescTable                            0x20000010   Data           4  stm32f10x_rcc.o(.data)
    .data                                    0x20000014   Section        8  my_mpu6050.o(.data)
    Gyroscope_roll                           0x20000014   Data           4  my_mpu6050.o(.data)
    Gyroscope_pitch                          0x20000018   Data           4  my_mpu6050.o(.data)
    .data                                    0x2000001c   Section       36  qmc_5883.o(.data)
    calibration_x                            0x2000001c   Data           2  qmc_5883.o(.data)
    calibration_y                            0x2000001e   Data           2  qmc_5883.o(.data)
    min_x                                    0x20000026   Data           2  qmc_5883.o(.data)
    max_x                                    0x20000028   Data           2  qmc_5883.o(.data)
    min_y                                    0x2000002a   Data           2  qmc_5883.o(.data)
    max_y                                    0x2000002c   Data           2  qmc_5883.o(.data)
    min_z                                    0x2000002e   Data           2  qmc_5883.o(.data)
    max_z                                    0x20000030   Data           2  qmc_5883.o(.data)
    temp_hx                                  0x20000034   Data           4  qmc_5883.o(.data)
    temp_hy                                  0x20000038   Data           4  qmc_5883.o(.data)
    temp_hz                                  0x2000003c   Data           4  qmc_5883.o(.data)
    .data                                    0x20000040   Section        5  serial.o(.data)
    Stare_Index                              0x20000044   Data           1  serial.o(.data)
    .data                                    0x20000048   Section       92  main.o(.data)
    .data                                    0x200000a4   Section        4  strtok.o(.data)
    state                                    0x200000a4   Data           4  strtok.o(.data)
    .data                                    0x200000a8   Section        4  errno.o(.data)
    _errno                                   0x200000a8   Data           4  errno.o(.data)
    .bss                                     0x200000ac   Section      200  serial.o(.bss)
    Usart2_GPS_Data_Buff                     0x20000110   Data         100  serial.o(.bss)
    .bss                                     0x20000178   Section      488  main.o(.bss)
    STACK                                    0x20000360   Section     1024  startup_stm32f10x_md.o(STACK)

    Global Symbols

    Symbol Name                              Value     Ov Type        Size  Object(Section)

    BuildAttributes$$THM_ISAv4$P$D$K$B$S$PE$A:L22UL41UL21$X:L11$S22US41US21$IEEE1$IW$USESV6$~STKCKD$USESV7$~SHL$OTIME$ROPI$IEEEX$EBA8$MICROLIB$REQ8$PRES8$EABIv2 0x00000000   Number         0  anon$$obj.o ABSOLUTE
    __ARM_use_no_argv                        0x00000000   Number         0  main.o ABSOLUTE
    __use_no_errno                           0x00000000   Number         0  useno.o ABSOLUTE
    __use_no_exception_handling              0x00000000   Number         0  useno.o ABSOLUTE
    __use_no_fp                              0x00000000   Number         0  useno.o ABSOLUTE
    __use_no_heap                            0x00000000   Number         0  useno.o ABSOLUTE
    __use_no_heap_region                     0x00000000   Number         0  useno.o ABSOLUTE
    __use_no_semihosting                     0x00000000   Number         0  useno.o ABSOLUTE
    __use_no_semihosting_swi                 0x00000000   Number         0  useno.o ABSOLUTE
    __use_no_signal_handling                 0x00000000   Number         0  useno.o ABSOLUTE
    _printf_a                                0x00000000   Number         0  stubs.o ABSOLUTE
    _printf_c                                0x00000000   Number         0  stubs.o ABSOLUTE
    _printf_charcount                        0x00000000   Number         0  stubs.o ABSOLUTE
    _printf_d                                0x00000000   Number         0  stubs.o ABSOLUTE
    _printf_e                                0x00000000   Number         0  stubs.o ABSOLUTE
    _printf_f                                0x00000000   Number         0  stubs.o ABSOLUTE
    _printf_flags                            0x00000000   Number         0  stubs.o ABSOLUTE
    _printf_fp_dec                           0x00000000   Number         0  stubs.o ABSOLUTE
    _printf_fp_hex                           0x00000000   Number         0  stubs.o ABSOLUTE
    _printf_g                                0x00000000   Number         0  stubs.o ABSOLUTE
    _printf_i                                0x00000000   Number         0  stubs.o ABSOLUTE
    _printf_int_dec                          0x00000000   Number         0  stubs.o ABSOLUTE
    _printf_l                                0x00000000   Number         0  stubs.o ABSOLUTE
    _printf_lc                               0x00000000   Number         0  stubs.o ABSOLUTE
    _printf_ll                               0x00000000   Number         0  stubs.o ABSOLUTE
    _printf_lld                              0x00000000   Number         0  stubs.o ABSOLUTE
    _printf_lli                              0x00000000   Number         0  stubs.o ABSOLUTE
    _printf_llo                              0x00000000   Number         0  stubs.o ABSOLUTE
    _printf_llu                              0x00000000   Number         0  stubs.o ABSOLUTE
    _printf_llx                              0x00000000   Number         0  stubs.o ABSOLUTE
    _printf_longlong_dec                     0x00000000   Number         0  stubs.o ABSOLUTE
    _printf_longlong_hex                     0x00000000   Number         0  stubs.o ABSOLUTE
    _printf_longlong_oct                     0x00000000   Number         0  stubs.o ABSOLUTE
    _printf_ls                               0x00000000   Number         0  stubs.o ABSOLUTE
    _printf_mbtowc                           0x00000000   Number         0  stubs.o ABSOLUTE
    _printf_n                                0x00000000   Number         0  stubs.o ABSOLUTE
    _printf_o                                0x00000000   Number         0  stubs.o ABSOLUTE
    _printf_p                                0x00000000   Number         0  stubs.o ABSOLUTE
    _printf_percent                          0x00000000   Number         0  stubs.o ABSOLUTE
    _printf_pre_padding                      0x00000000   Number         0  stubs.o ABSOLUTE
    _printf_return_value                     0x00000000   Number         0  stubs.o ABSOLUTE
    _printf_s                                0x00000000   Number         0  stubs.o ABSOLUTE
    _printf_sizespec                         0x00000000   Number         0  stubs.o ABSOLUTE
    _printf_str                              0x00000000   Number         0  stubs.o ABSOLUTE
    _printf_truncate_signed                  0x00000000   Number         0  stubs.o ABSOLUTE
    _printf_truncate_unsigned                0x00000000   Number         0  stubs.o ABSOLUTE
    _printf_u                                0x00000000   Number         0  stubs.o ABSOLUTE
    _printf_wc                               0x00000000   Number         0  stubs.o ABSOLUTE
    _printf_wctomb                           0x00000000   Number         0  stubs.o ABSOLUTE
    _printf_widthprec                        0x00000000   Number         0  stubs.o ABSOLUTE
    _printf_x                                0x00000000   Number         0  stubs.o ABSOLUTE
    __cpp_initialize__aeabi_                  - Undefined Weak Reference
    __cxa_finalize                            - Undefined Weak Reference
    __decompress                              - Undefined Weak Reference
    _clock_init                               - Undefined Weak Reference
    _microlib_exit                            - Undefined Weak Reference
    __Vectors_Size                           0x000000ec   Number         0  startup_stm32f10x_md.o ABSOLUTE
    __Vectors                                0x08000000   Data           4  startup_stm32f10x_md.o(RESET)
    __Vectors_End                            0x080000ec   Data           0  startup_stm32f10x_md.o(RESET)
    __main                                   0x080000ed   Thumb Code     0  entry.o(.ARM.Collect$$$$00000000)
    _main_stk                                0x080000ed   Thumb Code     0  entry2.o(.ARM.Collect$$$$00000001)
    _main_scatterload                        0x080000f1   Thumb Code     0  entry5.o(.ARM.Collect$$$$00000004)
    __main_after_scatterload                 0x080000f5   Thumb Code     0  entry5.o(.ARM.Collect$$$$00000004)
    _main_clock                              0x080000f5   Thumb Code     0  entry7b.o(.ARM.Collect$$$$00000008)
    _main_cpp_init                           0x080000f5   Thumb Code     0  entry8b.o(.ARM.Collect$$$$0000000A)
    _main_init                               0x080000f5   Thumb Code     0  entry9a.o(.ARM.Collect$$$$0000000B)
    __rt_final_cpp                           0x080000fd   Thumb Code     0  entry10a.o(.ARM.Collect$$$$0000000D)
    __rt_final_exit                          0x080000fd   Thumb Code     0  entry11a.o(.ARM.Collect$$$$0000000F)
    Reset_Handler                            0x08000101   Thumb Code     8  startup_stm32f10x_md.o(.text)
    ADC1_2_IRQHandler                        0x0800011b   Thumb Code     0  startup_stm32f10x_md.o(.text)
    CAN1_RX1_IRQHandler                      0x0800011b   Thumb Code     0  startup_stm32f10x_md.o(.text)
    CAN1_SCE_IRQHandler                      0x0800011b   Thumb Code     0  startup_stm32f10x_md.o(.text)
    DMA1_Channel1_IRQHandler                 0x0800011b   Thumb Code     0  startup_stm32f10x_md.o(.text)
    DMA1_Channel2_IRQHandler                 0x0800011b   Thumb Code     0  startup_stm32f10x_md.o(.text)
    DMA1_Channel3_IRQHandler                 0x0800011b   Thumb Code     0  startup_stm32f10x_md.o(.text)
    DMA1_Channel4_IRQHandler                 0x0800011b   Thumb Code     0  startup_stm32f10x_md.o(.text)
    DMA1_Channel5_IRQHandler                 0x0800011b   Thumb Code     0  startup_stm32f10x_md.o(.text)
    DMA1_Channel6_IRQHandler                 0x0800011b   Thumb Code     0  startup_stm32f10x_md.o(.text)
    DMA1_Channel7_IRQHandler                 0x0800011b   Thumb Code     0  startup_stm32f10x_md.o(.text)
    EXTI0_IRQHandler                         0x0800011b   Thumb Code     0  startup_stm32f10x_md.o(.text)
    EXTI15_10_IRQHandler                     0x0800011b   Thumb Code     0  startup_stm32f10x_md.o(.text)
    EXTI1_IRQHandler                         0x0800011b   Thumb Code     0  startup_stm32f10x_md.o(.text)
    EXTI2_IRQHandler                         0x0800011b   Thumb Code     0  startup_stm32f10x_md.o(.text)
    EXTI3_IRQHandler                         0x0800011b   Thumb Code     0  startup_stm32f10x_md.o(.text)
    EXTI4_IRQHandler                         0x0800011b   Thumb Code     0  startup_stm32f10x_md.o(.text)
    EXTI9_5_IRQHandler                       0x0800011b   Thumb Code     0  startup_stm32f10x_md.o(.text)
    FLASH_IRQHandler                         0x0800011b   Thumb Code     0  startup_stm32f10x_md.o(.text)
    I2C1_ER_IRQHandler                       0x0800011b   Thumb Code     0  startup_stm32f10x_md.o(.text)
    I2C1_EV_IRQHandler                       0x0800011b   Thumb Code     0  startup_stm32f10x_md.o(.text)
    I2C2_ER_IRQHandler                       0x0800011b   Thumb Code     0  startup_stm32f10x_md.o(.text)
    I2C2_EV_IRQHandler                       0x0800011b   Thumb Code     0  startup_stm32f10x_md.o(.text)
    PVD_IRQHandler                           0x0800011b   Thumb Code     0  startup_stm32f10x_md.o(.text)
    RCC_IRQHandler                           0x0800011b   Thumb Code     0  startup_stm32f10x_md.o(.text)
    RTCAlarm_IRQHandler                      0x0800011b   Thumb Code     0  startup_stm32f10x_md.o(.text)
    RTC_IRQHandler                           0x0800011b   Thumb Code     0  startup_stm32f10x_md.o(.text)
    SPI1_IRQHandler                          0x0800011b   Thumb Code     0  startup_stm32f10x_md.o(.text)
    SPI2_IRQHandler                          0x0800011b   Thumb Code     0  startup_stm32f10x_md.o(.text)
    TAMPER_IRQHandler                        0x0800011b   Thumb Code     0  startup_stm32f10x_md.o(.text)
    TIM1_BRK_IRQHandler                      0x0800011b   Thumb Code     0  startup_stm32f10x_md.o(.text)
    TIM1_CC_IRQHandler                       0x0800011b   Thumb Code     0  startup_stm32f10x_md.o(.text)
    TIM1_TRG_COM_IRQHandler                  0x0800011b   Thumb Code     0  startup_stm32f10x_md.o(.text)
    TIM1_UP_IRQHandler                       0x0800011b   Thumb Code     0  startup_stm32f10x_md.o(.text)
    TIM2_IRQHandler                          0x0800011b   Thumb Code     0  startup_stm32f10x_md.o(.text)
    TIM4_IRQHandler                          0x0800011b   Thumb Code     0  startup_stm32f10x_md.o(.text)
    USART1_IRQHandler                        0x0800011b   Thumb Code     0  startup_stm32f10x_md.o(.text)
    USART3_IRQHandler                        0x0800011b   Thumb Code     0  startup_stm32f10x_md.o(.text)
    USBWakeUp_IRQHandler                     0x0800011b   Thumb Code     0  startup_stm32f10x_md.o(.text)
    USB_HP_CAN1_TX_IRQHandler                0x0800011b   Thumb Code     0  startup_stm32f10x_md.o(.text)
    USB_LP_CAN1_RX0_IRQHandler               0x0800011b   Thumb Code     0  startup_stm32f10x_md.o(.text)
    WWDG_IRQHandler                          0x0800011b   Thumb Code     0  startup_stm32f10x_md.o(.text)
    strcmp                                   0x08000125   Thumb Code    28  strcmp.o(.text)
    strcpy                                   0x08000141   Thumb Code    18  strcpy.o(.text)
    strtok                                   0x08000155   Thumb Code    62  strtok.o(.text)
    __aeabi_fadd                             0x08000199   Thumb Code   164  fadd.o(.text)
    __aeabi_fsub                             0x0800023d   Thumb Code     6  fadd.o(.text)
    __aeabi_frsub                            0x08000243   Thumb Code     6  fadd.o(.text)
    __aeabi_fmul                             0x08000249   Thumb Code   100  fmul.o(.text)
    __aeabi_dadd                             0x080002ad   Thumb Code   322  dadd.o(.text)
    __aeabi_dsub                             0x080003ef   Thumb Code     6  dadd.o(.text)
    __aeabi_drsub                            0x080003f5   Thumb Code     6  dadd.o(.text)
    __aeabi_dmul                             0x080003fb   Thumb Code   228  dmul.o(.text)
    __aeabi_ddiv                             0x080004df   Thumb Code   222  ddiv.o(.text)
    __aeabi_i2f                              0x080005bd   Thumb Code    18  fflti.o(.text)
    __aeabi_ui2f                             0x080005cf   Thumb Code    10  ffltui.o(.text)
    __aeabi_i2d                              0x080005d9   Thumb Code    34  dflti.o(.text)
    __aeabi_f2iz                             0x080005fb   Thumb Code    50  ffixi.o(.text)
    __aeabi_d2iz                             0x0800062d   Thumb Code    62  dfixi.o(.text)
    __aeabi_f2d                              0x0800066b   Thumb Code    38  f2d.o(.text)
    __aeabi_cdcmpeq                          0x08000691   Thumb Code     0  cdcmple.o(.text)
    __aeabi_cdcmple                          0x08000691   Thumb Code    48  cdcmple.o(.text)
    __aeabi_cdrcmple                         0x080006c1   Thumb Code    48  cdrcmple.o(.text)
    __aeabi_d2f                              0x080006f1   Thumb Code    56  d2f.o(.text)
    __aeabi_cfcmpeq                          0x08000729   Thumb Code     0  cfcmple.o(.text)
    __aeabi_cfcmple                          0x08000729   Thumb Code    20  cfcmple.o(.text)
    __aeabi_uidiv                            0x0800073d   Thumb Code     0  uidiv.o(.text)
    __aeabi_uidivmod                         0x0800073d   Thumb Code    44  uidiv.o(.text)
    __aeabi_uldivmod                         0x08000769   Thumb Code    98  uldiv.o(.text)
    __aeabi_llsl                             0x080007cb   Thumb Code    30  llshl.o(.text)
    _ll_shift_l                              0x080007cb   Thumb Code     0  llshl.o(.text)
    __aeabi_llsr                             0x080007e9   Thumb Code    32  llushr.o(.text)
    _ll_ushift_r                             0x080007e9   Thumb Code     0  llushr.o(.text)
    __aeabi_lasr                             0x08000809   Thumb Code    36  llsshr.o(.text)
    _ll_sshift_r                             0x08000809   Thumb Code     0  llsshr.o(.text)
    __strtod_int                             0x08000863   Thumb Code    90  strtod.o(.text)
    __I$use$fp                               0x080008c9   Thumb Code     0  iusefp.o(.text)
    _float_round                             0x080008c9   Thumb Code    18  fepilogue.o(.text)
    _float_epilogue                          0x080008db   Thumb Code    92  fepilogue.o(.text)
    _double_round                            0x08000937   Thumb Code    30  depilogue.o(.text)
    _double_epilogue                         0x08000955   Thumb Code   156  depilogue.o(.text)
    __ARM_scalbn                             0x080009f1   Thumb Code    46  dscalb.o(.text)
    scalbn                                   0x080009f1   Thumb Code     0  dscalb.o(.text)
    _dsqrt                                   0x08000a1f   Thumb Code   162  dsqrt.o(.text)
    _drem                                    0x08000ac1   Thumb Code   134  drem.o(.text)
    __aeabi_d2ulz                            0x08000b47   Thumb Code    48  dfixul.o(.text)
    __scatterload                            0x08000b79   Thumb Code    28  init.o(.text)
    __scatterload_rt2                        0x08000b79   Thumb Code     0  init.o(.text)
    isspace                                  0x08000b9d   Thumb Code    10  isspace_c.o(.text)
    _scanf_real                              0x08000cd1   Thumb Code     0  scanf_fp.o(.text)
    _scanf_really_real                       0x08000cd1   Thumb Code   556  scanf_fp.o(.text)
    _sgetc                                   0x08000f09   Thumb Code    30  _sgetc.o(.text)
    _sbackspace                              0x08000f27   Thumb Code    34  _sgetc.o(.text)
    __aeabi_ui2d                             0x08000f49   Thumb Code    26  dfltui.o(.text)
    __ctype_lookup                           0x08000f65   Thumb Code    34  ctype_c.o(.text)
    __aeabi_ul2d                             0x08000f8d   Thumb Code    24  dfltul.o(.text)
    BusFault_Handler                         0x08000fa5   Thumb Code     4  stm32f10x_it.o(i.BusFault_Handler)
    CAN_FilterInit                           0x08000fa9   Thumb Code   258  stm32f10x_can.o(i.CAN_FilterInit)
    CAN_Init                                 0x080010b1   Thumb Code   276  stm32f10x_can.o(i.CAN_Init)
    Control_Gps                              0x080011c5   Thumb Code   204  control.o(i.Control_Gps)
    DebugMon_Handler                         0x080012a1   Thumb Code     2  stm32f10x_it.o(i.DebugMon_Handler)
    Delay_us                                 0x080012a3   Thumb Code    46  delay.o(i.Delay_us)
    EN_Motor_Init                            0x080012d1   Thumb Code    38  motor_pwm.o(i.EN_Motor_Init)
    EN_Yaw_Motor                             0x080012fd   Thumb Code    16  motor_pwm.o(i.EN_Yaw_Motor)
    GPIO_Init                                0x08001311   Thumb Code   278  stm32f10x_gpio.o(i.GPIO_Init)
    GPIO_ReadInputDataBit                    0x08001427   Thumb Code    18  stm32f10x_gpio.o(i.GPIO_ReadInputDataBit)
    GPIO_SetBits                             0x08001439   Thumb Code     4  stm32f10x_gpio.o(i.GPIO_SetBits)
    GPIO_WriteBit                            0x0800143d   Thumb Code    10  stm32f10x_gpio.o(i.GPIO_WriteBit)
    GPS_Transform                            0x08001449   Thumb Code   386  gps.o(i.GPS_Transform)
    GPS_zhuanhuang                           0x080015f9   Thumb Code    52  gps.o(i.GPS_zhuanhuang)
    HardFault_Handler                        0x08001635   Thumb Code     4  stm32f10x_it.o(i.HardFault_Handler)
    HeartBeat                                0x08001639   Thumb Code   118  heartbeat.o(i.HeartBeat)
    MOTOR_Yaw_Pitch_Init                     0x080016b5   Thumb Code    16  motor_pwm.o(i.MOTOR_Yaw_Pitch_Init)
    MPU6050_Config_Init                      0x080016c5   Thumb Code    54  my_mpu6050.o(i.MPU6050_Config_Init)
    MPU6050_Get_Angles                       0x080016fd   Thumb Code   506  my_mpu6050.o(i.MPU6050_Get_Angles)
    MPU6050_Init                             0x08001929   Thumb Code    40  my_mpu6050.o(i.MPU6050_Init)
    MPU6050_R_reg                            0x08001951   Thumb Code   148  my_mpu6050.o(i.MPU6050_R_reg)
    MPU6050_W_reg                            0x080019e9   Thumb Code   110  my_mpu6050.o(i.MPU6050_W_reg)
    MemManage_Handler                        0x08001a5d   Thumb Code     4  stm32f10x_it.o(i.MemManage_Handler)
    MyCAN_Init                               0x08001a61   Thumb Code   194  can.o(i.MyCAN_Init)
    MyI2C_Init                               0x08001b2d   Thumb Code    80  qmc_mpu_i2c.o(i.MyI2C_Init)
    MyI2C_R_SDA                              0x08001b85   Thumb Code    26  qmc_mpu_i2c.o(i.MyI2C_R_SDA)
    MyI2C_ReceiveAck                         0x08001b9f   Thumb Code    56  qmc_mpu_i2c.o(i.MyI2C_ReceiveAck)
    MyI2C_ReceiveByte                        0x08001bd7   Thumb Code    76  qmc_mpu_i2c.o(i.MyI2C_ReceiveByte)
    MyI2C_SendAck                            0x08001c23   Thumb Code    46  qmc_mpu_i2c.o(i.MyI2C_SendAck)
    MyI2C_SendByte                           0x08001c51   Thumb Code    72  qmc_mpu_i2c.o(i.MyI2C_SendByte)
    MyI2C_Start                              0x08001c99   Thumb Code    50  qmc_mpu_i2c.o(i.MyI2C_Start)
    MyI2C_Stop                               0x08001ccb   Thumb Code    40  qmc_mpu_i2c.o(i.MyI2C_Stop)
    MyI2C_W_SCL                              0x08001cf3   Thumb Code    26  qmc_mpu_i2c.o(i.MyI2C_W_SCL)
    MyI2C_W_SDA                              0x08001d0d   Thumb Code    26  qmc_mpu_i2c.o(i.MyI2C_W_SDA)
    NMI_Handler                              0x08001d27   Thumb Code     2  stm32f10x_it.o(i.NMI_Handler)
    NVIC_Init                                0x08001d29   Thumb Code   100  misc.o(i.NVIC_Init)
    NVIC_PriorityGroupConfig                 0x08001d99   Thumb Code    10  misc.o(i.NVIC_PriorityGroupConfig)
    PendSV_Handler                           0x08001dad   Thumb Code     2  stm32f10x_it.o(i.PendSV_Handler)
    Pitch_Motor_Left                         0x08001daf   Thumb Code    24  motor_pwm.o(i.Pitch_Motor_Left)
    Pitch_Motor_Pwm_1                        0x08001dc9   Thumb Code    14  motor_pwm.o(i.Pitch_Motor_Pwm_1)
    Pitch_Motor_Pwm_2                        0x08001ddd   Thumb Code    14  motor_pwm.o(i.Pitch_Motor_Pwm_2)
    Pitch_Motor_Rigth                        0x08001df1   Thumb Code    24  motor_pwm.o(i.Pitch_Motor_Rigth)
    Pitch_Motor_Stop                         0x08001e09   Thumb Code    22  motor_pwm.o(i.Pitch_Motor_Stop)
    Pitch_Pwm_Init                           0x08001e21   Thumb Code   154  motor_pwm.o(i.Pitch_Pwm_Init)
    QMC5883_ConfigInit                       0x08001ec5   Thumb Code    30  qmc_5883.o(i.QMC5883_ConfigInit)
    QMC5883_Get_CalibrationData              0x08001ee5   Thumb Code   162  qmc_5883.o(i.QMC5883_Get_CalibrationData)
    QMC5883_Get_Data                         0x08001fad   Thumb Code    72  qmc_5883.o(i.QMC5883_Get_Data)
    QMC5883_Get_Yaw_Angles                   0x08001ff5   Thumb Code   106  qmc_5883.o(i.QMC5883_Get_Yaw_Angles)
    QMC5883_Init                             0x08002079   Thumb Code    40  qmc_5883.o(i.QMC5883_Init)
    QMC5883_R_reg                            0x080020a1   Thumb Code   128  qmc_5883.o(i.QMC5883_R_reg)
    QMC5883_W_reg                            0x08002125   Thumb Code    94  qmc_5883.o(i.QMC5883_W_reg)
    RCC_APB1PeriphClockCmd                   0x08002189   Thumb Code    26  stm32f10x_rcc.o(i.RCC_APB1PeriphClockCmd)
    RCC_APB2PeriphClockCmd                   0x080021a9   Thumb Code    26  stm32f10x_rcc.o(i.RCC_APB2PeriphClockCmd)
    RCC_GetClocksFreq                        0x080021c9   Thumb Code   192  stm32f10x_rcc.o(i.RCC_GetClocksFreq)
    SET_RESET                                0x0800229d   Thumb Code    12  qmc_5883.o(i.SET_RESET)
    SVC_Handler                              0x080022a9   Thumb Code     2  stm32f10x_it.o(i.SVC_Handler)
    Serial_UART_Init                         0x080022ad   Thumb Code   300  serial.o(i.Serial_UART_Init)
    SysTick_Handler                          0x080024cd   Thumb Code     2  stm32f10x_it.o(i.SysTick_Handler)
    SystemInit                               0x080024d1   Thumb Code    78  system_stm32f10x.o(i.SystemInit)
    TIM3_IRQHandler                          0x08002531   Thumb Code   204  heartbeat.o(i.TIM3_IRQHandler)
    TIM_ClearFlag                            0x08002679   Thumb Code     6  stm32f10x_tim.o(i.TIM_ClearFlag)
    TIM_ClearITPendingBit                    0x0800267f   Thumb Code     6  stm32f10x_tim.o(i.TIM_ClearITPendingBit)
    TIM_Cmd                                  0x08002685   Thumb Code    24  stm32f10x_tim.o(i.TIM_Cmd)
    TIM_CtrlPWMOutputs                       0x0800269d   Thumb Code    30  stm32f10x_tim.o(i.TIM_CtrlPWMOutputs)
    TIM_GetITStatus                          0x080026bb   Thumb Code    34  stm32f10x_tim.o(i.TIM_GetITStatus)
    TIM_ITConfig                             0x080026dd   Thumb Code    18  stm32f10x_tim.o(i.TIM_ITConfig)
    TIM_InternalClockConfig                  0x080026ef   Thumb Code    12  stm32f10x_tim.o(i.TIM_InternalClockConfig)
    TIM_OC1Init                              0x080026fd   Thumb Code   132  stm32f10x_tim.o(i.TIM_OC1Init)
    TIM_OC1PreloadConfig                     0x08002795   Thumb Code    18  stm32f10x_tim.o(i.TIM_OC1PreloadConfig)
    TIM_OC2Init                              0x080027a9   Thumb Code   154  stm32f10x_tim.o(i.TIM_OC2Init)
    TIM_OC2PreloadConfig                     0x0800284d   Thumb Code    26  stm32f10x_tim.o(i.TIM_OC2PreloadConfig)
    TIM_OC3Init                              0x08002869   Thumb Code   150  stm32f10x_tim.o(i.TIM_OC3Init)
    TIM_OC3PreloadConfig                     0x08002909   Thumb Code    18  stm32f10x_tim.o(i.TIM_OC3PreloadConfig)
    TIM_OC4Init                              0x0800291d   Thumb Code   114  stm32f10x_tim.o(i.TIM_OC4Init)
    TIM_OC4PreloadConfig                     0x08002999   Thumb Code    26  stm32f10x_tim.o(i.TIM_OC4PreloadConfig)
    TIM_SetCompare1                          0x080029b3   Thumb Code     4  stm32f10x_tim.o(i.TIM_SetCompare1)
    TIM_SetCompare2                          0x080029b7   Thumb Code     4  stm32f10x_tim.o(i.TIM_SetCompare2)
    TIM_SetCompare3                          0x080029bb   Thumb Code     4  stm32f10x_tim.o(i.TIM_SetCompare3)
    TIM_SetCompare4                          0x080029bf   Thumb Code     6  stm32f10x_tim.o(i.TIM_SetCompare4)
    TIM_TimeBaseInit                         0x080029c5   Thumb Code   122  stm32f10x_tim.o(i.TIM_TimeBaseInit)
    USART2_IRQHandler                        0x08002a69   Thumb Code   506  serial.o(i.USART2_IRQHandler)
    USART_ClearITPendingBit                  0x08002cc9   Thumb Code    30  stm32f10x_usart.o(i.USART_ClearITPendingBit)
    USART_Cmd                                0x08002ce7   Thumb Code    24  stm32f10x_usart.o(i.USART_Cmd)
    USART_GetFlagStatus                      0x08002cff   Thumb Code    26  stm32f10x_usart.o(i.USART_GetFlagStatus)
    USART_GetITStatus                        0x08002d19   Thumb Code    84  stm32f10x_usart.o(i.USART_GetITStatus)
    USART_ITConfig                           0x08002d6d   Thumb Code    74  stm32f10x_usart.o(i.USART_ITConfig)
    USART_Init                               0x08002db9   Thumb Code   210  stm32f10x_usart.o(i.USART_Init)
    USART_ReceiveData                        0x08002e91   Thumb Code    10  stm32f10x_usart.o(i.USART_ReceiveData)
    USART_SendData                           0x08002e9b   Thumb Code     8  stm32f10x_usart.o(i.USART_SendData)
    UsageFault_Handler                       0x08002ea3   Thumb Code     4  stm32f10x_it.o(i.UsageFault_Handler)
    Yaw_Motor_Left                           0x08002ea7   Thumb Code    24  motor_pwm.o(i.Yaw_Motor_Left)
    Yaw_Motor_Pwm_1                          0x08002ebf   Thumb Code    16  motor_pwm.o(i.Yaw_Motor_Pwm_1)
    Yaw_Motor_Pwm_2                          0x08002ecf   Thumb Code    16  motor_pwm.o(i.Yaw_Motor_Pwm_2)
    Yaw_Motor_Rigth                          0x08002edf   Thumb Code    24  motor_pwm.o(i.Yaw_Motor_Rigth)
    Yaw_Motor_Stop                           0x08002ef7   Thumb Code    22  motor_pwm.o(i.Yaw_Motor_Stop)
    Yaw_Pwm_Init                             0x08002f0d   Thumb Code   158  motor_pwm.o(i.Yaw_Pwm_Init)
    __0printf                                0x08002fb5   Thumb Code    22  printfa.o(i.__0printf)
    __1printf                                0x08002fb5   Thumb Code     0  printfa.o(i.__0printf)
    __2printf                                0x08002fb5   Thumb Code     0  printfa.o(i.__0printf)
    __c89printf                              0x08002fb5   Thumb Code     0  printfa.o(i.__0printf)
    printf                                   0x08002fb5   Thumb Code     0  printfa.o(i.__0printf)
    __0sprintf                               0x08002fd5   Thumb Code    34  printfa.o(i.__0sprintf)
    __1sprintf                               0x08002fd5   Thumb Code     0  printfa.o(i.__0sprintf)
    __2sprintf                               0x08002fd5   Thumb Code     0  printfa.o(i.__0sprintf)
    __c89sprintf                             0x08002fd5   Thumb Code     0  printfa.o(i.__0sprintf)
    sprintf                                  0x08002fd5   Thumb Code     0  printfa.o(i.__0sprintf)
    __ARM_fpclassify                         0x08002ffd   Thumb Code    40  fpclassify.o(i.__ARM_fpclassify)
    __ieee754_rem_pio2                       0x08003025   Thumb Code   828  rred.o(i.__ieee754_rem_pio2)
    __kernel_cos                             0x080033ad   Thumb Code   230  cos_i.o(i.__kernel_cos)
    __kernel_poly                            0x080034a9   Thumb Code   170  poly.o(i.__kernel_poly)
    __kernel_sin                             0x08003555   Thumb Code   224  sin_i.o(i.__kernel_sin)
    __kernel_tan                             0x08003641   Thumb Code   586  tan_i.o(i.__kernel_tan)
    __mathlib_dbl_divzero                    0x080038bd   Thumb Code    12  dunder.o(i.__mathlib_dbl_divzero)
    __mathlib_dbl_infnan                     0x080038cd   Thumb Code     6  dunder.o(i.__mathlib_dbl_infnan)
    __mathlib_dbl_infnan2                    0x080038d3   Thumb Code     4  dunder.o(i.__mathlib_dbl_infnan2)
    __mathlib_dbl_invalid                    0x080038d7   Thumb Code    12  dunder.o(i.__mathlib_dbl_invalid)
    __mathlib_dbl_overflow                   0x080038e3   Thumb Code    14  dunder.o(i.__mathlib_dbl_overflow)
    __mathlib_dbl_underflow                  0x080038f1   Thumb Code    10  dunder.o(i.__mathlib_dbl_underflow)
    __read_errno                             0x08003901   Thumb Code     6  errno.o(i.__read_errno)
    __scatterload_copy                       0x0800390d   Thumb Code    14  handlers.o(i.__scatterload_copy)
    __scatterload_null                       0x0800391b   Thumb Code     2  handlers.o(i.__scatterload_null)
    __scatterload_zeroinit                   0x0800391d   Thumb Code    14  handlers.o(i.__scatterload_zeroinit)
    __set_errno                              0x0800392d   Thumb Code     6  errno.o(i.__set_errno)
    _is_digit                                0x08003abd   Thumb Code    14  scanf_fp.o(i._is_digit)
    aberration_correction                    0x08004205   Thumb Code    38  spa.o(i.aberration_correction)
    acos                                     0x08004239   Thumb Code   574  acos.o(i.acos)
    apparent_sun_longitude                   0x080044b5   Thumb Code    42  spa.o(i.apparent_sun_longitude)
    argument_latitude_moon                   0x080044e1   Thumb Code    42  spa.o(i.argument_latitude_moon)
    ascending_longitude_moon                 0x0800452d   Thumb Code    42  spa.o(i.ascending_longitude_moon)
    asin                                     0x08004579   Thumb Code   572  asin.o(i.asin)
    atan                                     0x080047e9   Thumb Code   474  atan.o(i.atan)
    atan2                                    0x08004a09   Thumb Code   346  atan2.o(i.atan2)
    atmospheric_refraction_correction        0x08004b89   Thumb Code   228  spa.o(i.atmospheric_refraction_correction)
    atof                                     0x08004ca1   Thumb Code    42  atof.o(i.atof)
    calculate_geocentric_sun_right_ascension_and_declination 0x08004ccb   Thumb Code   462  spa.o(i.calculate_geocentric_sun_right_ascension_and_declination)
    convertNE                                0x08004e99   Thumb Code    96  gps.o(i.convertNE)
    cos                                      0x08004f01   Thumb Code   148  cos.o(i.cos)
    deg2rad                                  0x08004f9d   Thumb Code    20  spa.o(i.deg2rad)
    earth_heliocentric_latitude              0x08004fb9   Thumb Code    74  spa.o(i.earth_heliocentric_latitude)
    earth_heliocentric_longitude             0x0800500d   Thumb Code    88  spa.o(i.earth_heliocentric_longitude)
    earth_periodic_term_summation            0x0800506d   Thumb Code   134  spa.o(i.earth_periodic_term_summation)
    earth_radius_vector                      0x080050f5   Thumb Code    66  spa.o(i.earth_radius_vector)
    earth_values                             0x08005141   Thumb Code   114  spa.o(i.earth_values)
    ecliptic_mean_obliquity                  0x080051b9   Thumb Code   270  spa.o(i.ecliptic_mean_obliquity)
    ecliptic_true_obliquity                  0x0800531d   Thumb Code    38  spa.o(i.ecliptic_true_obliquity)
    floor                                    0x08005349   Thumb Code   204  floor.o(i.floor)
    fmod                                     0x08005425   Thumb Code   144  fmod.o(i.fmod)
    fputc                                    0x080054b9   Thumb Code    32  serial.o(i.fputc)
    geocentric_declination                   0x080054dd   Thumb Code   172  spa.o(i.geocentric_declination)
    geocentric_latitude                      0x08005589   Thumb Code    12  spa.o(i.geocentric_latitude)
    geocentric_longitude                     0x08005595   Thumb Code    62  spa.o(i.geocentric_longitude)
    geocentric_right_ascension               0x080055dd   Thumb Code   172  spa.o(i.geocentric_right_ascension)
    greenwich_mean_sidereal_time             0x08005689   Thumb Code   130  spa.o(i.greenwich_mean_sidereal_time)
    greenwich_sidereal_time                  0x0800572d   Thumb Code    52  spa.o(i.greenwich_sidereal_time)
    integer                                  0x08005761   Thumb Code    16  spa.o(i.integer)
    julian_century                           0x08005771   Thumb Code    36  spa.o(i.julian_century)
    julian_day                               0x0800579d   Thumb Code   376  spa.o(i.julian_day)
    julian_ephemeris_century                 0x08005939   Thumb Code    36  spa.o(i.julian_ephemeris_century)
    julian_ephemeris_day                     0x08005965   Thumb Code    38  spa.o(i.julian_ephemeris_day)
    julian_ephemeris_millennium              0x08005991   Thumb Code    20  spa.o(i.julian_ephemeris_millennium)
    limit_degrees                            0x080059a9   Thumb Code    94  spa.o(i.limit_degrees)
    main                                     0x08005a0d   Thumb Code    48  main.o(i.main)
    mean_anomaly_moon                        0x08005a45   Thumb Code    42  spa.o(i.mean_anomaly_moon)
    mean_anomaly_sun                         0x08005a91   Thumb Code    42  spa.o(i.mean_anomaly_sun)
    mean_elongation_moon_sun                 0x08005add   Thumb Code    42  spa.o(i.mean_elongation_moon_sun)
    nutation_longitude_and_obliquity         0x08005b29   Thumb Code   268  spa.o(i.nutation_longitude_and_obliquity)
    observer_hour_angle                      0x08005c3d   Thumb Code    44  spa.o(i.observer_hour_angle)
    pow                                      0x08005c69   Thumb Code  2512  pow.o(i.pow)
    rad2deg                                  0x08006641   Thumb Code    20  spa.o(i.rad2deg)
    right_ascension_parallax_and_topocentric_dec 0x0800665d   Thumb Code   544  spa.o(i.right_ascension_parallax_and_topocentric_dec)
    sin                                      0x08006889   Thumb Code   150  sin.o(i.sin)
    spa_calculate                            0x08006929   Thumb Code   462  spa.o(i.spa_calculate)
    sqrt                                     0x08006af7   Thumb Code    76  sqrt.o(i.sqrt)
    sun_equatorial_horizontal_parallax       0x08006b45   Thumb Code    38  spa.o(i.sun_equatorial_horizontal_parallax)
    surface_incidence_angle                  0x08006b79   Thumb Code   184  spa.o(i.surface_incidence_angle)
    tan                                      0x08006c31   Thumb Code    90  tan.o(i.tan)
    third_order_polynomial                   0x08006c95   Thumb Code    94  spa.o(i.third_order_polynomial)
    topocentric_azimuth_angle                0x08006cf5   Thumb Code    30  spa.o(i.topocentric_azimuth_angle)
    topocentric_azimuth_angle_astro          0x08006d19   Thumb Code   172  spa.o(i.topocentric_azimuth_angle_astro)
    topocentric_elevation_angle              0x08006dc5   Thumb Code   172  spa.o(i.topocentric_elevation_angle)
    topocentric_elevation_angle_corrected    0x08006e71   Thumb Code    28  spa.o(i.topocentric_elevation_angle_corrected)
    topocentric_local_hour_angle             0x08006e8d   Thumb Code    28  spa.o(i.topocentric_local_hour_angle)
    topocentric_right_ascension              0x08006ea9   Thumb Code    28  spa.o(i.topocentric_right_ascension)
    topocentric_zenith_angle                 0x08006ec5   Thumb Code    20  spa.o(i.topocentric_zenith_angle)
    transformLat                             0x08006edd   Thumb Code   614  gps.o(i.transformLat)
    transformLon                             0x0800717d   Thumb Code   604  gps.o(i.transformLon)
    validate_inputs                          0x08007409   Thumb Code   480  spa.o(i.validate_inputs)
    xy_term_summation                        0x0800761d   Thumb Code    88  spa.o(i.xy_term_summation)
    l_subcount                               0x08007678   Data          24  spa.o(.constdata)
    b_subcount                               0x08007690   Data           8  spa.o(.constdata)
    r_subcount                               0x08007698   Data          20  spa.o(.constdata)
    L_TERMS                                  0x080076b0   Data        9216  spa.o(.constdata)
    B_TERMS                                  0x08009ab0   Data         240  spa.o(.constdata)
    R_TERMS                                  0x08009ba0   Data        4800  spa.o(.constdata)
    Y_TERMS                                  0x0800ae60   Data        1260  spa.o(.constdata)
    PE_TERMS                                 0x0800b350   Data        2016  spa.o(.constdata)
    __mathlib_zero                           0x0800bd20   Data           8  qnan.o(.constdata)
    __ctype_categories                       0x0800be78   Data          64  ctype_c.o(.constdata)
    Region$$Table$$Base                      0x0800beb8   Number         0  anon$$obj.o(Region$$Table)
    Region$$Table$$Limit                     0x0800bed8   Number         0  anon$$obj.o(Region$$Table)
    my5883                                   0x20000020   Data           6  qmc_5883.o(.data)
    __stdout                                 0x20000040   Data           4  serial.o(.data)
    Latitude                                 0x20000048   Data           4  main.o(.data)
    Longitude                                0x2000004c   Data           4  main.o(.data)
    Utc_Time                                 0x20000050   Data           4  main.o(.data)
    GPS_Status                               0x20000054   Data           4  main.o(.data)
    ns                                       0x20000058   Data           4  main.o(.data)
    ew                                       0x2000005c   Data           4  main.o(.data)
    date                                     0x20000060   Data           4  main.o(.data)
    GPS_E                                    0x20000068   Data           8  main.o(.data)
    GPS_N                                    0x20000070   Data           8  main.o(.data)
    Solar_Azimuth                            0x20000078   Data           8  main.o(.data)
    Solar_Altitude                           0x20000080   Data           8  main.o(.data)
    Yaw_Angle                                0x20000088   Data           4  main.o(.data)
    Pitch_Angle                              0x2000008c   Data           4  main.o(.data)
    GPS_If                                   0x20000090   Data           1  main.o(.data)
    ADC_Data1                                0x20000094   Data           4  main.o(.data)
    ADC_Data2                                0x20000098   Data           4  main.o(.data)
    ADC_Data3                                0x2000009c   Data           4  main.o(.data)
    ADC_Data4                                0x200000a0   Data           4  main.o(.data)
    Serial_RxPacket                          0x200000ac   Data         100  serial.o(.bss)
    spa                                      0x20000178   Data         488  main.o(.bss)
    __initial_sp                             0x20000760   Data           0  startup_stm32f10x_md.o(STACK)



==============================================================================

Memory Map of the image

  Image Entry point : 0x080000ed

  Load Region LR_IROM1 (Base: 0x08000000, Size: 0x0000bf84, Max: 0x00010000, ABSOLUTE)

    Execution Region ER_IROM1 (Exec base: 0x08000000, Load base: 0x08000000, Size: 0x0000bed8, Max: 0x00010000, ABSOLUTE)

    Exec Addr    Load Addr    Size         Type   Attr      Idx    E Section Name        Object

    0x08000000   0x08000000   0x000000ec   Data   RO            3    RESET               startup_stm32f10x_md.o
    0x080000ec   0x080000ec   0x00000000   Code   RO         4369  * .ARM.Collect$$$$00000000  mc_w.l(entry.o)
    0x080000ec   0x080000ec   0x00000004   Code   RO         4720    .ARM.Collect$$$$00000001  mc_w.l(entry2.o)
    0x080000f0   0x080000f0   0x00000004   Code   RO         4723    .ARM.Collect$$$$00000004  mc_w.l(entry5.o)
    0x080000f4   0x080000f4   0x00000000   Code   RO         4725    .ARM.Collect$$$$00000008  mc_w.l(entry7b.o)
    0x080000f4   0x080000f4   0x00000000   Code   RO         4727    .ARM.Collect$$$$0000000A  mc_w.l(entry8b.o)
    0x080000f4   0x080000f4   0x00000008   Code   RO         4728    .ARM.Collect$$$$0000000B  mc_w.l(entry9a.o)
    0x080000fc   0x080000fc   0x00000000   Code   RO         4730    .ARM.Collect$$$$0000000D  mc_w.l(entry10a.o)
    0x080000fc   0x080000fc   0x00000000   Code   RO         4732    .ARM.Collect$$$$0000000F  mc_w.l(entry11a.o)
    0x080000fc   0x080000fc   0x00000004   Code   RO         4721    .ARM.Collect$$$$00002712  mc_w.l(entry2.o)
    0x08000100   0x08000100   0x00000024   Code   RO            4    .text               startup_stm32f10x_md.o
    0x08000124   0x08000124   0x0000001c   Code   RO         4374    .text               mc_w.l(strcmp.o)
    0x08000140   0x08000140   0x00000012   Code   RO         4376    .text               mc_w.l(strcpy.o)
    0x08000152   0x08000152   0x00000002   PAD
    0x08000154   0x08000154   0x00000044   Code   RO         4378    .text               mc_w.l(strtok.o)
    0x08000198   0x08000198   0x000000b0   Code   RO         4647    .text               mf_w.l(fadd.o)
    0x08000248   0x08000248   0x00000064   Code   RO         4649    .text               mf_w.l(fmul.o)
    0x080002ac   0x080002ac   0x0000014e   Code   RO         4653    .text               mf_w.l(dadd.o)
    0x080003fa   0x080003fa   0x000000e4   Code   RO         4655    .text               mf_w.l(dmul.o)
    0x080004de   0x080004de   0x000000de   Code   RO         4657    .text               mf_w.l(ddiv.o)
    0x080005bc   0x080005bc   0x00000012   Code   RO         4659    .text               mf_w.l(fflti.o)
    0x080005ce   0x080005ce   0x0000000a   Code   RO         4661    .text               mf_w.l(ffltui.o)
    0x080005d8   0x080005d8   0x00000022   Code   RO         4663    .text               mf_w.l(dflti.o)
    0x080005fa   0x080005fa   0x00000032   Code   RO         4665    .text               mf_w.l(ffixi.o)
    0x0800062c   0x0800062c   0x0000003e   Code   RO         4667    .text               mf_w.l(dfixi.o)
    0x0800066a   0x0800066a   0x00000026   Code   RO         4669    .text               mf_w.l(f2d.o)
    0x08000690   0x08000690   0x00000030   Code   RO         4671    .text               mf_w.l(cdcmple.o)
    0x080006c0   0x080006c0   0x00000030   Code   RO         4673    .text               mf_w.l(cdrcmple.o)
    0x080006f0   0x080006f0   0x00000038   Code   RO         4675    .text               mf_w.l(d2f.o)
    0x08000728   0x08000728   0x00000014   Code   RO         4677    .text               mf_w.l(cfcmple.o)
    0x0800073c   0x0800073c   0x0000002c   Code   RO         4734    .text               mc_w.l(uidiv.o)
    0x08000768   0x08000768   0x00000062   Code   RO         4736    .text               mc_w.l(uldiv.o)
    0x080007ca   0x080007ca   0x0000001e   Code   RO         4738    .text               mc_w.l(llshl.o)
    0x080007e8   0x080007e8   0x00000020   Code   RO         4740    .text               mc_w.l(llushr.o)
    0x08000808   0x08000808   0x00000024   Code   RO         4742    .text               mc_w.l(llsshr.o)
    0x0800082c   0x0800082c   0x0000009c   Code   RO         4751    .text               mc_w.l(strtod.o)
    0x080008c8   0x080008c8   0x00000000   Code   RO         4753    .text               mc_w.l(iusefp.o)
    0x080008c8   0x080008c8   0x0000006e   Code   RO         4754    .text               mf_w.l(fepilogue.o)
    0x08000936   0x08000936   0x000000ba   Code   RO         4756    .text               mf_w.l(depilogue.o)
    0x080009f0   0x080009f0   0x0000002e   Code   RO         4758    .text               mf_w.l(dscalb.o)
    0x08000a1e   0x08000a1e   0x000000a2   Code   RO         4760    .text               mf_w.l(dsqrt.o)
    0x08000ac0   0x08000ac0   0x00000086   Code   RO         4762    .text               mf_w.l(drem.o)
    0x08000b46   0x08000b46   0x00000030   Code   RO         4764    .text               mf_w.l(dfixul.o)
    0x08000b76   0x08000b76   0x00000002   PAD
    0x08000b78   0x08000b78   0x00000024   Code   RO         4766    .text               mc_w.l(init.o)
    0x08000b9c   0x08000b9c   0x0000000a   Code   RO         4768    .text               mc_w.l(isspace_c.o)
    0x08000ba6   0x08000ba6   0x00000002   PAD
    0x08000ba8   0x08000ba8   0x00000360   Code   RO         4770    .text               mc_w.l(scanf_fp.o)
    0x08000f08   0x08000f08   0x00000040   Code   RO         4774    .text               mc_w.l(_sgetc.o)
    0x08000f48   0x08000f48   0x0000001a   Code   RO         4776    .text               mf_w.l(dfltui.o)
    0x08000f62   0x08000f62   0x00000002   PAD
    0x08000f64   0x08000f64   0x00000028   Code   RO         4778    .text               mc_w.l(ctype_c.o)
    0x08000f8c   0x08000f8c   0x00000018   Code   RO         4781    .text               mf_w.l(dfltul.o)
    0x08000fa4   0x08000fa4   0x00000004   Code   RO         4210    i.BusFault_Handler  stm32f10x_it.o
    0x08000fa8   0x08000fa8   0x00000108   Code   RO          511    i.CAN_FilterInit    stm32f10x_can.o
    0x080010b0   0x080010b0   0x00000114   Code   RO          518    i.CAN_Init          stm32f10x_can.o
    0x080011c4   0x080011c4   0x000000dc   Code   RO         3298    i.Control_Gps       control.o
    0x080012a0   0x080012a0   0x00000002   Code   RO         4211    i.DebugMon_Handler  stm32f10x_it.o
    0x080012a2   0x080012a2   0x0000002e   Code   RO         3198    i.Delay_us          delay.o
    0x080012d0   0x080012d0   0x0000002c   Code   RO         3429    i.EN_Motor_Init     motor_pwm.o
    0x080012fc   0x080012fc   0x00000014   Code   RO         3431    i.EN_Yaw_Motor      motor_pwm.o
    0x08001310   0x08001310   0x00000116   Code   RO         1347    i.GPIO_Init         stm32f10x_gpio.o
    0x08001426   0x08001426   0x00000012   Code   RO         1351    i.GPIO_ReadInputDataBit  stm32f10x_gpio.o
    0x08001438   0x08001438   0x00000004   Code   RO         1355    i.GPIO_SetBits      stm32f10x_gpio.o
    0x0800143c   0x0800143c   0x0000000a   Code   RO         1358    i.GPIO_WriteBit     stm32f10x_gpio.o
    0x08001446   0x08001446   0x00000002   PAD
    0x08001448   0x08001448   0x000001b0   Code   RO         3546    i.GPS_Transform     gps.o
    0x080015f8   0x080015f8   0x0000003c   Code   RO         3547    i.GPS_zhuanhuang    gps.o
    0x08001634   0x08001634   0x00000004   Code   RO         4212    i.HardFault_Handler  stm32f10x_it.o
    0x08001638   0x08001638   0x0000007c   Code   RO         3761    i.HeartBeat         heartbeat.o
    0x080016b4   0x080016b4   0x00000010   Code   RO         3432    i.MOTOR_Yaw_Pitch_Init  motor_pwm.o
    0x080016c4   0x080016c4   0x00000036   Code   RO         3220    i.MPU6050_Config_Init  my_mpu6050.o
    0x080016fa   0x080016fa   0x00000002   PAD
    0x080016fc   0x080016fc   0x0000022c   Code   RO         3221    i.MPU6050_Get_Angles  my_mpu6050.o
    0x08001928   0x08001928   0x00000028   Code   RO         3223    i.MPU6050_Init      my_mpu6050.o
    0x08001950   0x08001950   0x00000098   Code   RO         3224    i.MPU6050_R_reg     my_mpu6050.o
    0x080019e8   0x080019e8   0x00000074   Code   RO         3225    i.MPU6050_W_reg     my_mpu6050.o
    0x08001a5c   0x08001a5c   0x00000004   Code   RO         4213    i.MemManage_Handler  stm32f10x_it.o
    0x08001a60   0x08001a60   0x000000cc   Code   RO         3591    i.MyCAN_Init        can.o
    0x08001b2c   0x08001b2c   0x00000058   Code   RO         3639    i.MyI2C_Init        qmc_mpu_i2c.o
    0x08001b84   0x08001b84   0x0000001a   Code   RO         3640    i.MyI2C_R_SDA       qmc_mpu_i2c.o
    0x08001b9e   0x08001b9e   0x00000038   Code   RO         3641    i.MyI2C_ReceiveAck  qmc_mpu_i2c.o
    0x08001bd6   0x08001bd6   0x0000004c   Code   RO         3642    i.MyI2C_ReceiveByte  qmc_mpu_i2c.o
    0x08001c22   0x08001c22   0x0000002e   Code   RO         3643    i.MyI2C_SendAck     qmc_mpu_i2c.o
    0x08001c50   0x08001c50   0x00000048   Code   RO         3644    i.MyI2C_SendByte    qmc_mpu_i2c.o
    0x08001c98   0x08001c98   0x00000032   Code   RO         3645    i.MyI2C_Start       qmc_mpu_i2c.o
    0x08001cca   0x08001cca   0x00000028   Code   RO         3646    i.MyI2C_Stop        qmc_mpu_i2c.o
    0x08001cf2   0x08001cf2   0x0000001a   Code   RO         3647    i.MyI2C_W_SCL       qmc_mpu_i2c.o
    0x08001d0c   0x08001d0c   0x0000001a   Code   RO         3648    i.MyI2C_W_SDA       qmc_mpu_i2c.o
    0x08001d26   0x08001d26   0x00000002   Code   RO         4214    i.NMI_Handler       stm32f10x_it.o
    0x08001d28   0x08001d28   0x00000070   Code   RO          137    i.NVIC_Init         misc.o
    0x08001d98   0x08001d98   0x00000014   Code   RO          138    i.NVIC_PriorityGroupConfig  misc.o
    0x08001dac   0x08001dac   0x00000002   Code   RO         4215    i.PendSV_Handler    stm32f10x_it.o
    0x08001dae   0x08001dae   0x00000018   Code   RO         3434    i.Pitch_Motor_Left  motor_pwm.o
    0x08001dc6   0x08001dc6   0x00000002   PAD
    0x08001dc8   0x08001dc8   0x00000014   Code   RO         3435    i.Pitch_Motor_Pwm_1  motor_pwm.o
    0x08001ddc   0x08001ddc   0x00000014   Code   RO         3436    i.Pitch_Motor_Pwm_2  motor_pwm.o
    0x08001df0   0x08001df0   0x00000018   Code   RO         3437    i.Pitch_Motor_Rigth  motor_pwm.o
    0x08001e08   0x08001e08   0x00000016   Code   RO         3438    i.Pitch_Motor_Stop  motor_pwm.o
    0x08001e1e   0x08001e1e   0x00000002   PAD
    0x08001e20   0x08001e20   0x000000a4   Code   RO         3439    i.Pitch_Pwm_Init    motor_pwm.o
    0x08001ec4   0x08001ec4   0x0000001e   Code   RO         3340    i.QMC5883_ConfigInit  qmc_5883.o
    0x08001ee2   0x08001ee2   0x00000002   PAD
    0x08001ee4   0x08001ee4   0x000000c8   Code   RO         3341    i.QMC5883_Get_CalibrationData  qmc_5883.o
    0x08001fac   0x08001fac   0x00000048   Code   RO         3342    i.QMC5883_Get_Data  qmc_5883.o
    0x08001ff4   0x08001ff4   0x00000084   Code   RO         3344    i.QMC5883_Get_Yaw_Angles  qmc_5883.o
    0x08002078   0x08002078   0x00000028   Code   RO         3345    i.QMC5883_Init      qmc_5883.o
    0x080020a0   0x080020a0   0x00000084   Code   RO         3346    i.QMC5883_R_reg     qmc_5883.o
    0x08002124   0x08002124   0x00000064   Code   RO         3347    i.QMC5883_W_reg     qmc_5883.o
    0x08002188   0x08002188   0x00000020   Code   RO         1775    i.RCC_APB1PeriphClockCmd  stm32f10x_rcc.o
    0x080021a8   0x080021a8   0x00000020   Code   RO         1777    i.RCC_APB2PeriphClockCmd  stm32f10x_rcc.o
    0x080021c8   0x080021c8   0x000000d4   Code   RO         1785    i.RCC_GetClocksFreq  stm32f10x_rcc.o
    0x0800229c   0x0800229c   0x0000000c   Code   RO         3348    i.SET_RESET         qmc_5883.o
    0x080022a8   0x080022a8   0x00000002   Code   RO         4216    i.SVC_Handler       stm32f10x_it.o
    0x080022aa   0x080022aa   0x00000002   PAD
    0x080022ac   0x080022ac   0x00000138   Code   RO         3708    i.Serial_UART_Init  serial.o
    0x080023e4   0x080023e4   0x00000008   Code   RO           24    i.SetSysClock       system_stm32f10x.o
    0x080023ec   0x080023ec   0x000000e0   Code   RO           25    i.SetSysClockTo72   system_stm32f10x.o
    0x080024cc   0x080024cc   0x00000002   Code   RO         4217    i.SysTick_Handler   stm32f10x_it.o
    0x080024ce   0x080024ce   0x00000002   PAD
    0x080024d0   0x080024d0   0x00000060   Code   RO           27    i.SystemInit        system_stm32f10x.o
    0x08002530   0x08002530   0x00000148   Code   RO         3762    i.TIM3_IRQHandler   heartbeat.o
    0x08002678   0x08002678   0x00000006   Code   RO         2415    i.TIM_ClearFlag     stm32f10x_tim.o
    0x0800267e   0x0800267e   0x00000006   Code   RO         2416    i.TIM_ClearITPendingBit  stm32f10x_tim.o
    0x08002684   0x08002684   0x00000018   Code   RO         2421    i.TIM_Cmd           stm32f10x_tim.o
    0x0800269c   0x0800269c   0x0000001e   Code   RO         2423    i.TIM_CtrlPWMOutputs  stm32f10x_tim.o
    0x080026ba   0x080026ba   0x00000022   Code   RO         2442    i.TIM_GetITStatus   stm32f10x_tim.o
    0x080026dc   0x080026dc   0x00000012   Code   RO         2446    i.TIM_ITConfig      stm32f10x_tim.o
    0x080026ee   0x080026ee   0x0000000c   Code   RO         2448    i.TIM_InternalClockConfig  stm32f10x_tim.o
    0x080026fa   0x080026fa   0x00000002   PAD
    0x080026fc   0x080026fc   0x00000098   Code   RO         2450    i.TIM_OC1Init       stm32f10x_tim.o
    0x08002794   0x08002794   0x00000012   Code   RO         2453    i.TIM_OC1PreloadConfig  stm32f10x_tim.o
    0x080027a6   0x080027a6   0x00000002   PAD
    0x080027a8   0x080027a8   0x000000a4   Code   RO         2455    i.TIM_OC2Init       stm32f10x_tim.o
    0x0800284c   0x0800284c   0x0000001a   Code   RO         2458    i.TIM_OC2PreloadConfig  stm32f10x_tim.o
    0x08002866   0x08002866   0x00000002   PAD
    0x08002868   0x08002868   0x000000a0   Code   RO         2460    i.TIM_OC3Init       stm32f10x_tim.o
    0x08002908   0x08002908   0x00000012   Code   RO         2463    i.TIM_OC3PreloadConfig  stm32f10x_tim.o
    0x0800291a   0x0800291a   0x00000002   PAD
    0x0800291c   0x0800291c   0x0000007c   Code   RO         2465    i.TIM_OC4Init       stm32f10x_tim.o
    0x08002998   0x08002998   0x0000001a   Code   RO         2467    i.TIM_OC4PreloadConfig  stm32f10x_tim.o
    0x080029b2   0x080029b2   0x00000004   Code   RO         2482    i.TIM_SetCompare1   stm32f10x_tim.o
    0x080029b6   0x080029b6   0x00000004   Code   RO         2483    i.TIM_SetCompare2   stm32f10x_tim.o
    0x080029ba   0x080029ba   0x00000004   Code   RO         2484    i.TIM_SetCompare3   stm32f10x_tim.o
    0x080029be   0x080029be   0x00000006   Code   RO         2485    i.TIM_SetCompare4   stm32f10x_tim.o
    0x080029c4   0x080029c4   0x000000a4   Code   RO         2492    i.TIM_TimeBaseInit  stm32f10x_tim.o
    0x08002a68   0x08002a68   0x00000260   Code   RO         3709    i.USART2_IRQHandler  serial.o
    0x08002cc8   0x08002cc8   0x0000001e   Code   RO         2957    i.USART_ClearITPendingBit  stm32f10x_usart.o
    0x08002ce6   0x08002ce6   0x00000018   Code   RO         2960    i.USART_Cmd         stm32f10x_usart.o
    0x08002cfe   0x08002cfe   0x0000001a   Code   RO         2963    i.USART_GetFlagStatus  stm32f10x_usart.o
    0x08002d18   0x08002d18   0x00000054   Code   RO         2964    i.USART_GetITStatus  stm32f10x_usart.o
    0x08002d6c   0x08002d6c   0x0000004a   Code   RO         2966    i.USART_ITConfig    stm32f10x_usart.o
    0x08002db6   0x08002db6   0x00000002   PAD
    0x08002db8   0x08002db8   0x000000d8   Code   RO         2967    i.USART_Init        stm32f10x_usart.o
    0x08002e90   0x08002e90   0x0000000a   Code   RO         2974    i.USART_ReceiveData  stm32f10x_usart.o
    0x08002e9a   0x08002e9a   0x00000008   Code   RO         2977    i.USART_SendData    stm32f10x_usart.o
    0x08002ea2   0x08002ea2   0x00000004   Code   RO         4218    i.UsageFault_Handler  stm32f10x_it.o
    0x08002ea6   0x08002ea6   0x00000018   Code   RO         3441    i.Yaw_Motor_Left    motor_pwm.o
    0x08002ebe   0x08002ebe   0x00000010   Code   RO         3442    i.Yaw_Motor_Pwm_1   motor_pwm.o
    0x08002ece   0x08002ece   0x00000010   Code   RO         3443    i.Yaw_Motor_Pwm_2   motor_pwm.o
    0x08002ede   0x08002ede   0x00000018   Code   RO         3444    i.Yaw_Motor_Rigth   motor_pwm.o
    0x08002ef6   0x08002ef6   0x00000016   Code   RO         3445    i.Yaw_Motor_Stop    motor_pwm.o
    0x08002f0c   0x08002f0c   0x000000a8   Code   RO         3446    i.Yaw_Pwm_Init      motor_pwm.o
    0x08002fb4   0x08002fb4   0x00000020   Code   RO         4619    i.__0printf         mc_w.l(printfa.o)
    0x08002fd4   0x08002fd4   0x00000028   Code   RO         4621    i.__0sprintf        mc_w.l(printfa.o)
    0x08002ffc   0x08002ffc   0x00000028   Code   RO         4698    i.__ARM_fpclassify  m_ws.l(fpclassify.o)
    0x08003024   0x08003024   0x00000388   Code   RO         4703    i.__ieee754_rem_pio2  m_ws.l(rred.o)
    0x080033ac   0x080033ac   0x000000fc   Code   RO         4681    i.__kernel_cos      m_ws.l(cos_i.o)
    0x080034a8   0x080034a8   0x000000aa   Code   RO         4700    i.__kernel_poly     m_ws.l(poly.o)
    0x08003552   0x08003552   0x00000002   PAD
    0x08003554   0x08003554   0x000000ec   Code   RO         4708    i.__kernel_sin      m_ws.l(sin_i.o)
    0x08003640   0x08003640   0x0000027c   Code   RO         4714    i.__kernel_tan      m_ws.l(tan_i.o)
    0x080038bc   0x080038bc   0x00000010   Code   RO         4684    i.__mathlib_dbl_divzero  m_ws.l(dunder.o)
    0x080038cc   0x080038cc   0x00000006   Code   RO         4685    i.__mathlib_dbl_infnan  m_ws.l(dunder.o)
    0x080038d2   0x080038d2   0x00000004   Code   RO         4686    i.__mathlib_dbl_infnan2  m_ws.l(dunder.o)
    0x080038d6   0x080038d6   0x0000000c   Code   RO         4687    i.__mathlib_dbl_invalid  m_ws.l(dunder.o)
    0x080038e2   0x080038e2   0x0000000e   Code   RO         4688    i.__mathlib_dbl_overflow  m_ws.l(dunder.o)
    0x080038f0   0x080038f0   0x00000010   Code   RO         4690    i.__mathlib_dbl_underflow  m_ws.l(dunder.o)
    0x08003900   0x08003900   0x0000000c   Code   RO         4745    i.__read_errno      mc_w.l(errno.o)
    0x0800390c   0x0800390c   0x0000000e   Code   RO         4785    i.__scatterload_copy  mc_w.l(handlers.o)
    0x0800391a   0x0800391a   0x00000002   Code   RO         4786    i.__scatterload_null  mc_w.l(handlers.o)
    0x0800391c   0x0800391c   0x0000000e   Code   RO         4787    i.__scatterload_zeroinit  mc_w.l(handlers.o)
    0x0800392a   0x0800392a   0x00000002   PAD
    0x0800392c   0x0800392c   0x0000000c   Code   RO         4746    i.__set_errno       mc_w.l(errno.o)
    0x08003938   0x08003938   0x00000184   Code   RO         4626    i._fp_digits        mc_w.l(printfa.o)
    0x08003abc   0x08003abc   0x0000000e   Code   RO         4772    i._is_digit         mc_w.l(scanf_fp.o)
    0x08003aca   0x08003aca   0x00000002   PAD
    0x08003acc   0x08003acc   0x000006dc   Code   RO         4627    i._printf_core      mc_w.l(printfa.o)
    0x080041a8   0x080041a8   0x00000024   Code   RO         4628    i._printf_post_padding  mc_w.l(printfa.o)
    0x080041cc   0x080041cc   0x0000002e   Code   RO         4629    i._printf_pre_padding  mc_w.l(printfa.o)
    0x080041fa   0x080041fa   0x0000000a   Code   RO         4631    i._sputc            mc_w.l(printfa.o)
    0x08004204   0x08004204   0x00000034   Code   RO         3792    i.aberration_correction  spa.o
    0x08004238   0x08004238   0x0000027c   Code   RO         4274    i.acos              m_ws.l(acos.o)
    0x080044b4   0x080044b4   0x0000002a   Code   RO         3793    i.apparent_sun_longitude  spa.o
    0x080044de   0x080044de   0x00000002   PAD
    0x080044e0   0x080044e0   0x0000004c   Code   RO         3796    i.argument_latitude_moon  spa.o
    0x0800452c   0x0800452c   0x0000004c   Code   RO         3797    i.ascending_longitude_moon  spa.o
    0x08004578   0x08004578   0x00000270   Code   RO         4284    i.asin              m_ws.l(asin.o)
    0x080047e8   0x080047e8   0x00000220   Code   RO         4294    i.atan              m_ws.l(atan.o)
    0x08004a08   0x08004a08   0x00000180   Code   RO         4304    i.atan2             m_ws.l(atan2.o)
    0x08004b88   0x08004b88   0x00000118   Code   RO         3798    i.atmospheric_refraction_correction  spa.o
    0x08004ca0   0x08004ca0   0x0000002a   Code   RO         4312    i.atof              m_ws.l(atof.o)
    0x08004cca   0x08004cca   0x000001ce   Code   RO         3800    i.calculate_geocentric_sun_right_ascension_and_declination  spa.o
    0x08004e98   0x08004e98   0x00000068   Code   RO         3548    i.convertNE         gps.o
    0x08004f00   0x08004f00   0x0000009c   Code   RO         4316    i.cos               m_ws.l(cos.o)
    0x08004f9c   0x08004f9c   0x0000001c   Code   RO         3802    i.deg2rad           spa.o
    0x08004fb8   0x08004fb8   0x00000054   Code   RO         3803    i.earth_heliocentric_latitude  spa.o
    0x0800500c   0x0800500c   0x00000060   Code   RO         3804    i.earth_heliocentric_longitude  spa.o
    0x0800506c   0x0800506c   0x00000086   Code   RO         3805    i.earth_periodic_term_summation  spa.o
    0x080050f2   0x080050f2   0x00000002   PAD
    0x080050f4   0x080050f4   0x0000004c   Code   RO         3806    i.earth_radius_vector  spa.o
    0x08005140   0x08005140   0x00000078   Code   RO         3807    i.earth_values      spa.o
    0x080051b8   0x080051b8   0x00000164   Code   RO         3808    i.ecliptic_mean_obliquity  spa.o
    0x0800531c   0x0800531c   0x0000002c   Code   RO         3809    i.ecliptic_true_obliquity  spa.o
    0x08005348   0x08005348   0x000000dc   Code   RO         4324    i.floor             m_ws.l(floor.o)
    0x08005424   0x08005424   0x00000094   Code   RO         4328    i.fmod              m_ws.l(fmod.o)
    0x080054b8   0x080054b8   0x00000024   Code   RO         3712    i.fputc             serial.o
    0x080054dc   0x080054dc   0x000000ac   Code   RO         3811    i.geocentric_declination  spa.o
    0x08005588   0x08005588   0x0000000c   Code   RO         3812    i.geocentric_latitude  spa.o
    0x08005594   0x08005594   0x00000048   Code   RO         3813    i.geocentric_longitude  spa.o
    0x080055dc   0x080055dc   0x000000ac   Code   RO         3814    i.geocentric_right_ascension  spa.o
    0x08005688   0x08005688   0x000000a4   Code   RO         3815    i.greenwich_mean_sidereal_time  spa.o
    0x0800572c   0x0800572c   0x00000034   Code   RO         3816    i.greenwich_sidereal_time  spa.o
    0x08005760   0x08005760   0x00000010   Code   RO         3817    i.integer           spa.o
    0x08005770   0x08005770   0x0000002c   Code   RO         3818    i.julian_century    spa.o
    0x0800579c   0x0800579c   0x0000019c   Code   RO         3819    i.julian_day        spa.o
    0x08005938   0x08005938   0x0000002c   Code   RO         3820    i.julian_ephemeris_century  spa.o
    0x08005964   0x08005964   0x0000002c   Code   RO         3821    i.julian_ephemeris_day  spa.o
    0x08005990   0x08005990   0x00000018   Code   RO         3822    i.julian_ephemeris_millennium  spa.o
    0x080059a8   0x080059a8   0x00000064   Code   RO         3823    i.limit_degrees     spa.o
    0x08005a0c   0x08005a0c   0x00000038   Code   RO         4170    i.main              main.o
    0x08005a44   0x08005a44   0x0000004c   Code   RO         3828    i.mean_anomaly_moon  spa.o
    0x08005a90   0x08005a90   0x0000004c   Code   RO         3829    i.mean_anomaly_sun  spa.o
    0x08005adc   0x08005adc   0x0000004c   Code   RO         3830    i.mean_elongation_moon_sun  spa.o
    0x08005b28   0x08005b28   0x00000114   Code   RO         3831    i.nutation_longitude_and_obliquity  spa.o
    0x08005c3c   0x08005c3c   0x0000002c   Code   RO         3832    i.observer_hour_angle  spa.o
    0x08005c68   0x08005c68   0x000009d8   Code   RO         4336    i.pow               m_ws.l(pow.o)
    0x08006640   0x08006640   0x0000001c   Code   RO         3833    i.rad2deg           spa.o
    0x0800665c   0x0800665c   0x0000022c   Code   RO         3834    i.right_ascension_parallax_and_topocentric_dec  spa.o
    0x08006888   0x08006888   0x000000a0   Code   RO         4346    i.sin               m_ws.l(sin.o)
    0x08006928   0x08006928   0x000001ce   Code   RO         3837    i.spa_calculate     spa.o
    0x08006af6   0x08006af6   0x0000004c   Code   RO         4354    i.sqrt              m_ws.l(sqrt.o)
    0x08006b42   0x08006b42   0x00000002   PAD
    0x08006b44   0x08006b44   0x00000034   Code   RO         3838    i.sun_equatorial_horizontal_parallax  spa.o
    0x08006b78   0x08006b78   0x000000b8   Code   RO         3842    i.surface_incidence_angle  spa.o
    0x08006c30   0x08006c30   0x00000064   Code   RO         4362    i.tan               m_ws.l(tan.o)
    0x08006c94   0x08006c94   0x0000005e   Code   RO         3843    i.third_order_polynomial  spa.o
    0x08006cf2   0x08006cf2   0x00000002   PAD
    0x08006cf4   0x08006cf4   0x00000024   Code   RO         3844    i.topocentric_azimuth_angle  spa.o
    0x08006d18   0x08006d18   0x000000ac   Code   RO         3845    i.topocentric_azimuth_angle_astro  spa.o
    0x08006dc4   0x08006dc4   0x000000ac   Code   RO         3846    i.topocentric_elevation_angle  spa.o
    0x08006e70   0x08006e70   0x0000001c   Code   RO         3847    i.topocentric_elevation_angle_corrected  spa.o
    0x08006e8c   0x08006e8c   0x0000001c   Code   RO         3848    i.topocentric_local_hour_angle  spa.o
    0x08006ea8   0x08006ea8   0x0000001c   Code   RO         3849    i.topocentric_right_ascension  spa.o
    0x08006ec4   0x08006ec4   0x00000018   Code   RO         3850    i.topocentric_zenith_angle  spa.o
    0x08006edc   0x08006edc   0x000002a0   Code   RO         3549    i.transformLat      gps.o
    0x0800717c   0x0800717c   0x0000028c   Code   RO         3550    i.transformLon      gps.o
    0x08007408   0x08007408   0x00000214   Code   RO         3851    i.validate_inputs   spa.o
    0x0800761c   0x0800761c   0x0000005c   Code   RO         3852    i.xy_term_summation  spa.o
    0x08007678   0x08007678   0x000044b8   Data   RO         3853    .constdata          spa.o
    0x0800bb30   0x0800bb30   0x00000050   Data   RO         4275    .constdata          m_ws.l(acos.o)
    0x0800bb80   0x0800bb80   0x00000050   Data   RO         4285    .constdata          m_ws.l(asin.o)
    0x0800bbd0   0x0800bbd0   0x00000098   Data   RO         4295    .constdata          m_ws.l(atan.o)
    0x0800bc68   0x0800bc68   0x00000088   Data   RO         4337    .constdata          m_ws.l(pow.o)
    0x0800bcf0   0x0800bcf0   0x00000030   Data   RO         4682    .constdata          m_ws.l(cos_i.o)
    0x0800bd20   0x0800bd20   0x00000008   Data   RO         4702    .constdata          m_ws.l(qnan.o)
    0x0800bd28   0x0800bd28   0x000000c8   Data   RO         4705    .constdata          m_ws.l(rred.o)
    0x0800bdf0   0x0800bdf0   0x00000028   Data   RO         4709    .constdata          m_ws.l(sin_i.o)
    0x0800be18   0x0800be18   0x00000060   Data   RO         4715    .constdata          m_ws.l(tan_i.o)
    0x0800be78   0x0800be78   0x00000040   Data   RO         4779    .constdata          mc_w.l(ctype_c.o)
    0x0800beb8   0x0800beb8   0x00000020   Data   RO         4783    Region$$Table       anon$$obj.o


    Execution Region RW_IRAM1 (Exec base: 0x20000000, Load base: 0x0800bed8, Size: 0x00000760, Max: 0x00005000, ABSOLUTE)

    Exec Addr    Load Addr    Size         Type   Attr      Idx    E Section Name        Object

    0x20000000   0x0800bed8   0x00000014   Data   RW         1805    .data               stm32f10x_rcc.o
    0x20000014   0x0800beec   0x00000008   Data   RW         3227    .data               my_mpu6050.o
    0x2000001c   0x0800bef4   0x00000024   Data   RW         3351    .data               qmc_5883.o
    0x20000040   0x0800bf18   0x00000005   Data   RW         3714    .data               serial.o
    0x20000045   0x0800bf1d   0x00000003   PAD
    0x20000048   0x0800bf20   0x0000005c   Data   RW         4172    .data               main.o
    0x200000a4   0x0800bf7c   0x00000004   Data   RW         4379    .data               mc_w.l(strtok.o)
    0x200000a8   0x0800bf80   0x00000004   Data   RW         4747    .data               mc_w.l(errno.o)
    0x200000ac        -       0x000000c8   Zero   RW         3713    .bss                serial.o
    0x20000174   0x0800bf84   0x00000004   PAD
    0x20000178        -       0x000001e8   Zero   RW         4171    .bss                main.o
    0x20000360        -       0x00000400   Zero   RW            1    STACK               startup_stm32f10x_md.o


==============================================================================

Image component sizes


      Code (inc. data)   RO Data    RW Data    ZI Data      Debug   Object Name

       204         10          0          0          0        661   can.o
       220         16          0          0          0        594   control.o
         0          0          0          0          0       4516   core_cm3.o
        46          0          0          0          0        435   delay.o
      1920        168          0          0          0       3139   gps.o
       452        130          0          0          0       1098   heartbeat.o
        56          8          0         92        488       1245   main.o
       132         22          0          0          0     212919   misc.o
       624         42          0          0          0       7728   motor_pwm.o
       918         60          0          8          0       6568   my_mpu6050.o
       718         74          0         36          0       7523   qmc_5883.o
       506          8          0          0          0       6686   qmc_mpu_i2c.o
       956        118          0          5        200       4953   serial.o
      6290        590      17592          0          0      31826   spa.o
        36          8        236          0       1024        800   startup_stm32f10x_md.o
         0          0          0          0          0       1644   stm32f10x_adc.o
       540          6          0          0          0      10460   stm32f10x_can.o
       310          0          0          0          0      11759   stm32f10x_gpio.o
        26          0          0          0          0       3630   stm32f10x_it.o
       276         32          0         20          0      12902   stm32f10x_rcc.o
      1000         92          0          0          0      31817   stm32f10x_tim.o
       472          6          0          0          0      12351   stm32f10x_usart.o
       328         28          0          0          0      45117   system_stm32f10x.o

    ----------------------------------------------------------------------
     16060       1418      17860        164       1716     420371   Object Totals
         0          0         32          0          0          0   (incl. Generated)
        30          0          0          3          4          0   (incl. Padding)

    ----------------------------------------------------------------------

      Code (inc. data)   RO Data    RW Data    ZI Data      Debug   Library Member Name

       636         62         80          0          0        188   acos.o
       624         52         80          0          0        168   asin.o
       544         70        152          0          0        124   atan.o
       384         38          0          0          0        144   atan2.o
        42          0          0          0          0         84   atof.o
       156          8          0          0          0        104   cos.o
       252         22         48          0          0        124   cos_i.o
        68         10          0          0          0        408   dunder.o
       220         16          0          0          0         84   floor.o
       148          4          0          0          0         88   fmod.o
        40          0          0          0          0         68   fpclassify.o
       170          0          0          0          0         96   poly.o
      2520        190        136          0          0        324   pow.o
         0          0          8          0          0          0   qnan.o
       904         76        200          0          0        140   rred.o
       160         10          0          0          0        108   sin.o
       236         12         40          0          0        128   sin_i.o
        76          0          0          0          0         84   sqrt.o
       100         10          0          0          0         96   tan.o
       636         50         96          0          0        168   tan_i.o
        64          0          0          0          0         84   _sgetc.o
        40          6         64          0          0         68   ctype_c.o
         0          0          0          0          0          0   entry.o
         0          0          0          0          0          0   entry10a.o
         0          0          0          0          0          0   entry11a.o
         8          4          0          0          0          0   entry2.o
         4          0          0          0          0          0   entry5.o
         0          0          0          0          0          0   entry7b.o
         0          0          0          0          0          0   entry8b.o
         8          4          0          0          0          0   entry9a.o
        24         12          0          4          0        136   errno.o
        30          0          0          0          0          0   handlers.o
        36          8          0          0          0         68   init.o
        10          0          0          0          0         68   isspace_c.o
         0          0          0          0          0          0   iusefp.o
        30          0          0          0          0         68   llshl.o
        36          0          0          0          0         68   llsshr.o
        32          0          0          0          0         68   llushr.o
      2308         96          0          0          0        604   printfa.o
       878         12          0          0          0        216   scanf_fp.o
        28          0          0          0          0         76   strcmp.o
        18          0          0          0          0         68   strcpy.o
       156         12          0          0          0        120   strtod.o
        68          6          0          4          0         80   strtok.o
        44          0          0          0          0         80   uidiv.o
        98          0          0          0          0         92   uldiv.o
        48          0          0          0          0         68   cdcmple.o
        48          0          0          0          0         68   cdrcmple.o
        20          0          0          0          0         68   cfcmple.o
        56          0          0          0          0         88   d2f.o
       334          0          0          0          0        148   dadd.o
       222          0          0          0          0        100   ddiv.o
       186          0          0          0          0        176   depilogue.o
        62          0          0          0          0         80   dfixi.o
        48          0          0          0          0         68   dfixul.o
        34          0          0          0          0         76   dflti.o
        26          0          0          0          0         76   dfltui.o
        24          0          0          0          0         76   dfltul.o
       228          0          0          0          0         96   dmul.o
       134          0          0          0          0         96   drem.o
        46          0          0          0          0         80   dscalb.o
       162          0          0          0          0        100   dsqrt.o
        38          0          0          0          0         68   f2d.o
       176          0          0          0          0        140   fadd.o
       110          0          0          0          0        168   fepilogue.o
        50          0          0          0          0         68   ffixi.o
        18          0          0          0          0         68   fflti.o
        10          0          0          0          0         68   ffltui.o
       100          0          0          0          0         76   fmul.o

    ----------------------------------------------------------------------
     14032        790        904          8          0       6812   Library Totals
        16          0          0          0          0          0   (incl. Padding)

    ----------------------------------------------------------------------

      Code (inc. data)   RO Data    RW Data    ZI Data      Debug   Library Name

      7916        630        840          0          0       2728   m_ws.l
      3920        160         64          8          0       1964   mc_w.l
      2180          0          0          0          0       2120   mf_w.l

    ----------------------------------------------------------------------
     14032        790        904          8          0       6812   Library Totals

    ----------------------------------------------------------------------

==============================================================================


      Code (inc. data)   RO Data    RW Data    ZI Data      Debug   

     30092       2208      18764        172       1716     416207   Grand Totals
     30092       2208      18764        172       1716     416207   ELF Image Totals
     30092       2208      18764        172          0          0   ROM Totals

==============================================================================

    Total RO  Size (Code + RO Data)                48856 (  47.71kB)
    Total RW  Size (RW Data + ZI Data)              1888 (   1.84kB)
    Total ROM Size (Code + RO Data + RW Data)      49028 (  47.88kB)

==============================================================================

