Component: ARM Compiler 5.06 update 6 (build 750) Tool: armlink [4d35ed]

==============================================================================

Section Cross References

    startup_stm32f10x_md.o(RESET) refers to startup_stm32f10x_md.o(STACK) for __initial_sp
    startup_stm32f10x_md.o(RESET) refers to startup_stm32f10x_md.o(.text) for Reset_Handler
    startup_stm32f10x_md.o(RESET) refers to stm32f10x_it.o(i.NMI_Handler) for NMI_Handler
    startup_stm32f10x_md.o(RESET) refers to stm32f10x_it.o(i.HardFault_Handler) for HardFault_Handler
    startup_stm32f10x_md.o(RESET) refers to stm32f10x_it.o(i.MemManage_Handler) for MemManage_Handler
    startup_stm32f10x_md.o(RESET) refers to stm32f10x_it.o(i.BusFault_Handler) for BusFault_Handler
    startup_stm32f10x_md.o(RESET) refers to stm32f10x_it.o(i.UsageFault_Handler) for UsageFault_Handler
    startup_stm32f10x_md.o(RESET) refers to stm32f10x_it.o(i.SVC_Handler) for SVC_Handler
    startup_stm32f10x_md.o(RESET) refers to stm32f10x_it.o(i.DebugMon_Handler) for DebugMon_Handler
    startup_stm32f10x_md.o(RESET) refers to stm32f10x_it.o(i.PendSV_Handler) for PendSV_Handler
    startup_stm32f10x_md.o(RESET) refers to stm32f10x_it.o(i.SysTick_Handler) for SysTick_Handler
    startup_stm32f10x_md.o(RESET) refers to heartbeat.o(i.TIM3_IRQHandler) for TIM3_IRQHandler
    startup_stm32f10x_md.o(RESET) refers to serial.o(i.USART2_IRQHandler) for USART2_IRQHandler
    startup_stm32f10x_md.o(.text) refers to system_stm32f10x.o(i.SystemInit) for SystemInit
    startup_stm32f10x_md.o(.text) refers to entry.o(.ARM.Collect$$$$00000000) for __main
    system_stm32f10x.o(i.SetSysClock) refers to system_stm32f10x.o(i.SetSysClockTo72) for SetSysClockTo72
    system_stm32f10x.o(i.SystemCoreClockUpdate) refers to system_stm32f10x.o(.data) for SystemCoreClock
    system_stm32f10x.o(i.SystemInit) refers to system_stm32f10x.o(i.SetSysClock) for SetSysClock
    stm32f10x_adc.o(i.ADC_DeInit) refers to stm32f10x_rcc.o(i.RCC_APB2PeriphResetCmd) for RCC_APB2PeriphResetCmd
    stm32f10x_bkp.o(i.BKP_DeInit) refers to stm32f10x_rcc.o(i.RCC_BackupResetCmd) for RCC_BackupResetCmd
    stm32f10x_can.o(i.CAN_DeInit) refers to stm32f10x_rcc.o(i.RCC_APB1PeriphResetCmd) for RCC_APB1PeriphResetCmd
    stm32f10x_can.o(i.CAN_GetITStatus) refers to stm32f10x_can.o(i.CheckITStatus) for CheckITStatus
    stm32f10x_cec.o(i.CEC_DeInit) refers to stm32f10x_rcc.o(i.RCC_APB1PeriphResetCmd) for RCC_APB1PeriphResetCmd
    stm32f10x_dac.o(i.DAC_DeInit) refers to stm32f10x_rcc.o(i.RCC_APB1PeriphResetCmd) for RCC_APB1PeriphResetCmd
    stm32f10x_flash.o(i.FLASH_EnableWriteProtection) refers to stm32f10x_flash.o(i.FLASH_WaitForLastOperation) for FLASH_WaitForLastOperation
    stm32f10x_flash.o(i.FLASH_EraseAllBank1Pages) refers to stm32f10x_flash.o(i.FLASH_WaitForLastBank1Operation) for FLASH_WaitForLastBank1Operation
    stm32f10x_flash.o(i.FLASH_EraseAllPages) refers to stm32f10x_flash.o(i.FLASH_WaitForLastOperation) for FLASH_WaitForLastOperation
    stm32f10x_flash.o(i.FLASH_EraseOptionBytes) refers to stm32f10x_flash.o(i.FLASH_GetReadOutProtectionStatus) for FLASH_GetReadOutProtectionStatus
    stm32f10x_flash.o(i.FLASH_EraseOptionBytes) refers to stm32f10x_flash.o(i.FLASH_WaitForLastOperation) for FLASH_WaitForLastOperation
    stm32f10x_flash.o(i.FLASH_ErasePage) refers to stm32f10x_flash.o(i.FLASH_WaitForLastOperation) for FLASH_WaitForLastOperation
    stm32f10x_flash.o(i.FLASH_ProgramHalfWord) refers to stm32f10x_flash.o(i.FLASH_WaitForLastOperation) for FLASH_WaitForLastOperation
    stm32f10x_flash.o(i.FLASH_ProgramOptionByteData) refers to stm32f10x_flash.o(i.FLASH_WaitForLastOperation) for FLASH_WaitForLastOperation
    stm32f10x_flash.o(i.FLASH_ProgramWord) refers to stm32f10x_flash.o(i.FLASH_WaitForLastOperation) for FLASH_WaitForLastOperation
    stm32f10x_flash.o(i.FLASH_ReadOutProtection) refers to stm32f10x_flash.o(i.FLASH_WaitForLastOperation) for FLASH_WaitForLastOperation
    stm32f10x_flash.o(i.FLASH_UserOptionByteConfig) refers to stm32f10x_flash.o(i.FLASH_WaitForLastOperation) for FLASH_WaitForLastOperation
    stm32f10x_flash.o(i.FLASH_WaitForLastBank1Operation) refers to stm32f10x_flash.o(i.FLASH_GetBank1Status) for FLASH_GetBank1Status
    stm32f10x_flash.o(i.FLASH_WaitForLastOperation) refers to stm32f10x_flash.o(i.FLASH_GetBank1Status) for FLASH_GetBank1Status
    stm32f10x_gpio.o(i.GPIO_AFIODeInit) refers to stm32f10x_rcc.o(i.RCC_APB2PeriphResetCmd) for RCC_APB2PeriphResetCmd
    stm32f10x_gpio.o(i.GPIO_DeInit) refers to stm32f10x_rcc.o(i.RCC_APB2PeriphResetCmd) for RCC_APB2PeriphResetCmd
    stm32f10x_i2c.o(i.I2C_DeInit) refers to stm32f10x_rcc.o(i.RCC_APB1PeriphResetCmd) for RCC_APB1PeriphResetCmd
    stm32f10x_i2c.o(i.I2C_Init) refers to stm32f10x_rcc.o(i.RCC_GetClocksFreq) for RCC_GetClocksFreq
    stm32f10x_pwr.o(i.PWR_DeInit) refers to stm32f10x_rcc.o(i.RCC_APB1PeriphResetCmd) for RCC_APB1PeriphResetCmd
[...]
    _sputc                                   0x08004b37   Thumb Code    10  printfa.o(i._sputc)
    i.aberration_correction                  0x08004b40   Section        0  spa.o(i.aberration_correction)
    i.acos                                   0x08004b74   Section        0  acos.o(i.acos)
    i.apparent_sun_longitude                 0x08004df0   Section        0  spa.o(i.apparent_sun_longitude)
    i.argument_latitude_moon                 0x08004e1c   Section        0  spa.o(i.argument_latitude_moon)
    i.ascending_longitude_moon               0x08004e68   Section        0  spa.o(i.ascending_longitude_moon)
    i.asin                                   0x08004eb4   Section        0  asin.o(i.asin)
    i.atan                                   0x08005124   Section        0  atan.o(i.atan)
    i.atan2                                  0x08005344   Section        0  atan2.o(i.atan2)
    i.atmospheric_refraction_correction      0x080054c4   Section        0  spa.o(i.atmospheric_refraction_correction)
    i.atof                                   0x080055dc   Section        0  atof.o(i.atof)
    i.calculate_geocentric_sun_right_ascension_and_declination 0x08005606   Section        0  spa.o(i.calculate_geocentric_sun_right_ascension_and_declination)
    i.convertNE                              0x080057d4   Section        0  gps.o(i.convertNE)
    i.cos                                    0x0800583c   Section        0  cos.o(i.cos)
    i.deg2rad                                0x080058d8   Section        0  spa.o(i.deg2rad)
    i.earth_heliocentric_latitude            0x080058f4   Section        0  spa.o(i.earth_heliocentric_latitude)
    i.earth_heliocentric_longitude           0x08005948   Section        0  spa.o(i.earth_heliocentric_longitude)
    i.earth_periodic_term_summation          0x080059a8   Section        0  spa.o(i.earth_periodic_term_summation)
    i.earth_radius_vector                    0x08005a30   Section        0  spa.o(i.earth_radius_vector)
    i.earth_values                           0x08005a7c   Section        0  spa.o(i.earth_values)
    i.ecliptic_mean_obliquity                0x08005af4   Section        0  spa.o(i.ecliptic_mean_obliquity)
    i.ecliptic_true_obliquity                0x08005c58   Section        0  spa.o(i.ecliptic_true_obliquity)
    i.floor                                  0x08005c84   Section        0  floor.o(i.floor)
    i.fmod                                   0x08005d60   Section        0  fmod.o(i.fmod)
    i.fputc                                  0x08005df4   Section        0  serial.o(i.fputc)
    i.geocentric_declination                 0x08005e18   Section        0  spa.o(i.geocentric_declination)
    i.geocentric_latitude                    0x08005ec4   Section        0  spa.o(i.geocentric_latitude)
    i.geocentric_longitude                   0x08005ed0   Section        0  spa.o(i.geocentric_longitude)
    i.geocentric_right_ascension             0x08005f18   Section        0  spa.o(i.geocentric_right_ascension)
    i.greenwich_mean_sidereal_time           0x08005fc4   Section        0  spa.o(i.greenwich_mean_sidereal_time)
    i.greenwich_sidereal_time                0x08006068   Section        0  spa.o(i.greenwich_sidereal_time)
    i.integer                                0x0800609c   Section        0  spa.o(i.integer)
    i.julian_century                         0x080060ac   Section        0  spa.o(i.julian_century)
    i.julian_day                             0x080060d8   Section        0  spa.o(i.julian_day)
    i.julian_ephemeris_century               0x08006274   Section        0  spa.o(i.julian_ephemeris_century)
    i.julian_ephemeris_day                   0x080062a0   Section        0  spa.o(i.julian_ephemeris_day)
    i.julian_ephemeris_millennium            0x080062cc   Section        0  spa.o(i.julian_ephemeris_millennium)
    i.limit_degrees                          0x080062e4   Section        0  spa.o(i.limit_degrees)
    i.main                                   0x08006348   Section        0  main.o(i.main)
    i.mean_anomaly_moon                      0x08006380   Section        0  spa.o(i.mean_anomaly_moon)
    i.mean_anomaly_sun                       0x080063cc   Section        0  spa.o(i.mean_anomaly_sun)
    i.mean_elongation_moon_sun               0x08006418   Section        0  spa.o(i.mean_elongation_moon_sun)
    i.nutation_longitude_and_obliquity       0x08006464   Section        0  spa.o(i.nutation_longitude_and_obliquity)
    i.observer_hour_angle                    0x08006578   Section        0  spa.o(i.observer_hour_angle)
    i.pow                                    0x080065a4   Section        0  pow.o(i.pow)
    i.rad2deg                                0x08006f7c   Section        0  spa.o(i.rad2deg)
    i.right_ascension_parallax_and_topocentric_dec 0x08006f98   Section        0  spa.o(i.right_ascension_parallax_and_topocentric_dec)
    i.sin                                    0x080071c4   Section        0  sin.o(i.sin)
    i.spa_calculate                          0x08007264   Section        0  spa.o(i.spa_calculate)
    i.sqrt                                   0x08007432   Section        0  sqrt.o(i.sqrt)
    i.sun_equatorial_horizontal_parallax     0x08007480   Section        0  spa.o(i.sun_equatorial_horizontal_parallax)
    i.surface_incidence_angle                0x080074b4   Section        0  spa.o(i.surface_incidence_angle)
    i.tan                                    0x0800756c   Section        0  tan.o(i.tan)
    i.third_order_polynomial                 0x080075d0   Section        0  spa.o(i.third_order_polynomial)
    i.topocentric_azimuth_angle              0x08007630   Section        0  spa.o(i.topocentric_azimuth_angle)
    i.topocentric_azimuth_angle_astro        0x08007654   Section        0  spa.o(i.topocentric_azimuth_angle_astro)
    i.topocentric_elevation_angle            0x08007700   Section        0  spa.o(i.topocentric_elevation_angle)
    i.topocentric_elevation_angle_corrected  0x080077ac   Section        0  spa.o(i.topocentric_elevation_angle_corrected)
    i.topocentric_local_hour_angle           0x080077c8   Section        0  spa.o(i.topocentric_local_hour_angle)
    i.topocentric_right_ascension            0x080077e4   Section        0  spa.o(i.topocentric_right_ascension)
    i.topocentric_zenith_angle               0x08007800   Section        0  spa.o(i.topocentric_zenith_angle)
    i.transformLat                           0x08007818   Section        0  gps.o(i.transformLat)
    i.transformLon                           0x08007ab8   Section        0  gps.o(i.transformLon)
    i.validate_inputs                        0x08007d44   Section        0  spa.o(i.validate_inputs)
    i.xy_term_summation                      0x08007f58   Section        0  spa.o(i.xy_term_summation)
    .constdata                               0x08007fb8   Section    17592  spa.o(.constdata)
    .constdata                               0x0800c470   Section       80  acos.o(.constdata)
    pS                                       0x0800c470   Data          48  acos.o(.constdata)
    qS                                       0x0800c4a0   Data          32  acos.o(.constdata)
    .constdata                               0x0800c4c0   Section       80  asin.o(.constdata)
    pS                                       0x0800c4c0   Data          48  asin.o(.constdata)
    qS                                       0x0800c4f0   Data          32  asin.o(.constdata)
    .constdata                               0x0800c510   Section      152  atan.o(.constdata)
    atanhi                                   0x0800c510   Data          32  atan.o(.constdata)
    atanlo                                   0x0800c530   Data          32  atan.o(.constdata)
    aTodd                                    0x0800c550   Data          40  atan.o(.constdata)
    aTeven                                   0x0800c578   Data          48  atan.o(.constdata)
    .constdata                               0x0800c5a8   Section      136  pow.o(.constdata)
    bp                                       0x0800c5a8   Data          16  pow.o(.constdata)
    dp_h                                     0x0800c5b8   Data          16  pow.o(.constdata)
    dp_l                                     0x0800c5c8   Data          16  pow.o(.constdata)
    L                                        0x0800c5d8   Data          48  pow.o(.constdata)
    P                                        0x0800c608   Data          40  pow.o(.constdata)
    .constdata                               0x0800c630   Section       48  cos_i.o(.constdata)
    C                                        0x0800c630   Data          48  cos_i.o(.constdata)
    .constdata                               0x0800c660   Section        8  qnan.o(.constdata)
    .constdata                               0x0800c668   Section      200  rred.o(.constdata)
    pio2s                                    0x0800c668   Data          48  rred.o(.constdata)
    twooverpi                                0x0800c698   Data         152  rred.o(.constdata)
    .constdata                               0x0800c730   Section       40  sin_i.o(.constdata)
    S                                        0x0800c730   Data          40  sin_i.o(.constdata)
    .constdata                               0x0800c758   Section       96  tan_i.o(.constdata)
    Todd                                     0x0800c758   Data          48  tan_i.o(.constdata)
    Teven                                    0x0800c788   Data          48  tan_i.o(.constdata)
    .constdata                               0x0800c7b8   Section       64  ctype_c.o(.constdata)
    .data                                    0x20000000   Section       20  stm32f10x_rcc.o(.data)
    APBAHBPrescTable                         0x20000000   Data          16  stm32f10x_rcc.o(.data)
    ADCPrescTable                            0x20000010   Data           4  stm32f10x_rcc.o(.data)
    .data                                    0x20000014   Section        8  my_mpu6050.o(.data)
    Gyroscope_roll                           0x20000014   Data           4  my_mpu6050.o(.data)
    Gyroscope_pitch                          0x20000018   Data           4  my_mpu6050.o(.data)
    .data                                    0x2000001c   Section       36  qmc_5883.o(.data)
    calibration_x                            0x2000001c   Data           2  qmc_5883.o(.data)
    calibration_y                            0x2000001e   Data           2  qmc_5883.o(.data)
    min_x                                    0x20000026   Data           2  qmc_5883.o(.data)
    max_x                                    0x20000028   Data           2  qmc_5883.o(.data)
    min_y                                    0x2000002a   Data           2  qmc_5883.o(.data)
    max_y                                    0x2000002c   Data           2  qmc_5883.o(.data)
    min_z                                    0x2000002e   Data           2  qmc_5883.o(.data)
    max_z                                    0x20000030   Data           2  qmc_5883.o(.data)
    temp_hx                                  0x20000034   Data           4  qmc_5883.o(.data)
    temp_hy                                  0x20000038   Data           4  qmc_5883.o(.data)
    temp_hz                                  0x2000003c   Data           4  qmc_5883.o(.data)
    .data                                    0x20000040   Section       20  can.o(.data)
    .data                                    0x20000054   Section        5  serial.o(.data)
    Stare_Index                              0x20000058   Data           1  serial.o(.data)
    .data                                    0x2000005c   Section      112  heartbeat.o(.data)
    mytestbuff                               0x2000005c   Data         100  heartbeat.o(.data)
    .data                                    0x200000d0   Section       92  main.o(.data)
    .data                                    0x2000012c   Section        4  strtok.o(.data)
    state                                    0x2000012c   Data           4  strtok.o(.data)
    .data                                    0x20000130   Section        4  errno.o(.data)
    _errno                                   0x20000130   Data           4  errno.o(.data)
    .bss                                     0x20000134   Section       20  can.o(.bss)
    .bss                                     0x20000148   Section      200  serial.o(.bss)
    Usart2_GPS_Data_Buff                     0x200001ac   Data         100  serial.o(.bss)
    .bss                                     0x20000210   Section      488  main.o(.bss)
    STACK                                    0x200003f8   Section     1024  startup_stm32f10x_md.o(STACK)

    Global Symbols

    Symbol Name                              Value     Ov Type        Size  Object(Section)

    BuildAttributes$$THM_ISAv4$P$D$K$B$S$PE$A:L22UL41UL21$X:L11$S22US41US21$IEEE1$IW$USESV6$~STKCKD$USESV7$~SHL$OTIME$ROPI$IEEEX$EBA8$MICROLIB$REQ8$PRES8$EABIv2 0x00000000   Number         0  anon$$obj.o ABSOLUTE
    __ARM_use_no_argv                        0x00000000   Number         0  main.o ABSOLUTE
    __use_no_errno                           0x00000000   Number         0  useno.o ABSOLUTE
    __use_no_exception_handling              0x00000000   Number         0  useno.o ABSOLUTE
    __use_no_fp                              0x00000000   Number         0  useno.o ABSOLUTE
    __use_no_heap                            0x00000000   Number         0  useno.o ABSOLUTE
    __use_no_heap_region                     0x00000000   Number         0  useno.o ABSOLUTE
    __use_no_semihosting                     0x00000000   Number         0  useno.o ABSOLUTE
    __use_no_semihosting_swi                 0x00000000   Number         0  useno.o ABSOLUTE
    __use_no_signal_handling                 0x00000000   Number         0  useno.o ABSOLUTE
    _printf_a                                0x00000000   Number         0  stubs.o ABSOLUTE
    _printf_c                                0x00000000   Number         0  stubs.o ABSOLUTE
    _printf_charcount                        0x00000000   Number         0  stubs.o ABSOLUTE
    _printf_d                                0x00000000   Number         0  stubs.o ABSOLUTE
    _printf_e                                0x00000000   Number         0  stubs.o ABSOLUTE
    _printf_f                                0x00000000   Number         0  stubs.o ABSOLUTE
    _printf_flags                            0x00000000   Number         0  stubs.o ABSOLUTE
    _printf_fp_dec                           0x00000000   Number         0  stubs.o ABSOLUTE
    _printf_fp_hex                           0x00000000   Number         0  stubs.o ABSOLUTE
    _printf_g                                0x00000000   Number         0  stubs.o ABSOLUTE
    _printf_i                                0x00000000   Number         0  stubs.o ABSOLUTE
    _printf_int_dec                          0x00000000   Number         0  stubs.o ABSOLUTE
    _printf_l                                0x00000000   Number         0  stubs.o ABSOLUTE
    _printf_lc                               0x00000000   Number         0  stubs.o ABSOLUTE
    _printf_ll                               0x00000000   Number         0  stubs.o ABSOLUTE
    _printf_lld                              0x00000000   Number         0  stubs.o ABSOLUTE
    _printf_lli                              0x00000000   Number         0  stubs.o ABSOLUTE
    _printf_llo                              0x00000000   Number         0  stubs.o ABSOLUTE
    _printf_llu                              0x00000000   Number         0  stubs.o ABSOLUTE
    _printf_llx                              0x00000000   Number         0  stubs.o ABSOLUTE
    _printf_longlong_dec                     0x00000000   Number         0  stubs.o ABSOLUTE
    _printf_longlong_hex                     0x00000000   Number         0  stubs.o ABSOLUTE
    _printf_longlong_oct                     0x00000000   Number         0  stubs.o ABSOLUTE
    _printf_ls                               0x00000000   Number         0  stubs.o ABSOLUTE
    _printf_mbtowc                           0x00000000   Number         0  stubs.o ABSOLUTE
    _printf_n                                0x00000000   Number         0  stubs.o ABSOLUTE
    _printf_o                                0x00000000   Number         0  stubs.o ABSOLUTE
    _printf_p                                0x00000000   Number         0  stubs.o ABSOLUTE
    _printf_percent                          0x00000000   Number         0  stubs.o ABSOLUTE
    _printf_pre_padding                      0x00000000   Number         0  stubs.o ABSOLUTE
    _printf_return_value                     0x00000000   Number         0  stubs.o ABSOLUTE
    _printf_s                                0x00000000   Number         0  stubs.o ABSOLUTE
    _printf_sizespec                         0x00000000   Number         0  stubs.o ABSOLUTE
    _printf_str                              0x00000000   Number         0  stubs.o ABSOLUTE
    _printf_truncate_signed                  0x00000000   Number         0  stubs.o ABSOLUTE
    _printf_truncate_unsigned                0x00000000   Number         0  stubs.o ABSOLUTE
    _printf_u                                0x00000000   Number         0  stubs.o ABSOLUTE
    _printf_wc                               0x00000000   Number         0  stubs.o ABSOLUTE
    _printf_wctomb                           0x00000000   Number         0  stubs.o ABSOLUTE
    _printf_widthprec                        0x00000000   Number         0  stubs.o ABSOLUTE
    _printf_x                                0x00000000   Number         0  stubs.o ABSOLUTE
    __cpp_initialize__aeabi_                  - Undefined Weak Reference
    __cxa_finalize                            - Undefined Weak Reference
    _clock_init                               - Undefined Weak Reference
    _microlib_exit                            - Undefined Weak Reference
    __Vectors_Size                           0x000000ec   Number         0  startup_stm32f10x_md.o ABSOLUTE
    __Vectors                                0x08000000   Data           4  startup_stm32f10x_md.o(RESET)
    __Vectors_End                            0x080000ec   Data           0  startup_stm32f10x_md.o(RESET)
    __main                                   0x080000ed   Thumb Code     0  entry.o(.ARM.Collect$$$$00000000)
    _main_stk                                0x080000ed   Thumb Code     0  entry2.o(.ARM.Collect$$$$00000001)
    _main_scatterload                        0x080000f1   Thumb Code     0  entry5.o(.ARM.Collect$$$$00000004)
    __main_after_scatterload                 0x080000f5   Thumb Code     0  entry5.o(.ARM.Collect$$$$00000004)
    _main_clock                              0x080000f5   Thumb Code     0  entry7b.o(.ARM.Collect$$$$00000008)
    _main_cpp_init                           0x080000f5   Thumb Code     0  entry8b.o(.ARM.Collect$$$$0000000A)
    _main_init                               0x080000f5   Thumb Code     0  entry9a.o(.ARM.Collect$$$$0000000B)
    __rt_final_cpp                           0x080000fd   Thumb Code     0  entry10a.o(.ARM.Collect$$$$0000000D)
    __rt_final_exit                          0x080000fd   Thumb Code     0  entry11a.o(.ARM.Collect$$$$0000000F)
    Reset_Handler                            0x08000101   Thumb Code     8  startup_stm32f10x_md.o(.text)
    ADC1_2_IRQHandler                        0x0800011b   Thumb Code     0  startup_stm32f10x_md.o(.text)
    CAN1_RX1_IRQHandler                      0x0800011b   Thumb Code     0  startup_stm32f10x_md.o(.text)
    CAN1_SCE_IRQHandler                      0x0800011b   Thumb Code     0  startup_stm32f10x_md.o(.text)
    DMA1_Channel1_IRQHandler                 0x0800011b   Thumb Code     0  startup_stm32f10x_md.o(.text)
    DMA1_Channel2_IRQHandler                 0x0800011b   Thumb Code     0  startup_stm32f10x_md.o(.text)
    DMA1_Channel3_IRQHandler                 0x0800011b   Thumb Code     0  startup_stm32f10x_md.o(.text)
    DMA1_Channel4_IRQHandler                 0x0800011b   Thumb Code     0  startup_stm32f10x_md.o(.text)
    DMA1_Channel5_IRQHandler                 0x0800011b   Thumb Code     0  startup_stm32f10x_md.o(.text)
    DMA1_Channel6_IRQHandler                 0x0800011b   Thumb Code     0  startup_stm32f10x_md.o(.text)
    DMA1_Channel7_IRQHandler                 0x0800011b   Thumb Code     0  startup_stm32f10x_md.o(.text)
    EXTI0_IRQHandler                         0x0800011b   Thumb Code     0  startup_stm32f10x_md.o(.text)
    EXTI15_10_IRQHandler                     0x0800011b   Thumb Code     0  startup_stm32f10x_md.o(.text)
    EXTI1_IRQHandler                         0x0800011b   Thumb Code     0  startup_stm32f10x_md.o(.text)
    EXTI2_IRQHandler                         0x0800011b   Thumb Code     0  startup_stm32f10x_md.o(.text)
    EXTI3_IRQHandler                         0x0800011b   Thumb Code     0  startup_stm32f10x_md.o(.text)
    EXTI4_IRQHandler                         0x0800011b   Thumb Code     0  startup_stm32f10x_md.o(.text)
    EXTI9_5_IRQHandler                       0x0800011b   Thumb Code     0  startup_stm32f10x_md.o(.text)
    FLASH_IRQHandler                         0x0800011b   Thumb Code     0  startup_stm32f10x_md.o(.text)
    I2C1_ER_IRQHandler                       0x0800011b   Thumb Code     0  startup_stm32f10x_md.o(.text)
    I2C1_EV_IRQHandler                       0x0800011b   Thumb Code     0  startup_stm32f10x_md.o(.text)
    I2C2_ER_IRQHandler                       0x0800011b   Thumb Code     0  startup_stm32f10x_md.o(.text)
    I2C2_EV_IRQHandler                       0x0800011b   Thumb Code     0  startup_stm32f10x_md.o(.text)
    PVD_IRQHandler                           0x0800011b   Thumb Code     0  startup_stm32f10x_md.o(.text)
    RCC_IRQHandler                           0x0800011b   Thumb Code     0  startup_stm32f10x_md.o(.text)
    RTCAlarm_IRQHandler                      0x0800011b   Thumb Code     0  startup_stm32f10x_md.o(.text)
    RTC_IRQHandler                           0x0800011b   Thumb Code     0  startup_stm32f10x_md.o(.text)
    SPI1_IRQHandler                          0x0800011b   Thumb Code     0  startup_stm32f10x_md.o(.text)
    SPI2_IRQHandler                          0x0800011b   Thumb Code     0  startup_stm32f10x_md.o(.text)
    TAMPER_IRQHandler                        0x0800011b   Thumb Code     0  startup_stm32f10x_md.o(.text)
    TIM1_BRK_IRQHandler                      0x0800011b   Thumb Code     0  startup_stm32f10x_md.o(.text)
    TIM1_CC_IRQHandler                       0x0800011b   Thumb Code     0  startup_stm32f10x_md.o(.text)
    TIM1_TRG_COM_IRQHandler                  0x0800011b   Thumb Code     0  startup_stm32f10x_md.o(.text)
    TIM1_UP_IRQHandler                       0x0800011b   Thumb Code     0  startup_stm32f10x_md.o(.text)
    TIM2_IRQHandler                          0x0800011b   Thumb Code     0  startup_stm32f10x_md.o(.text)
    TIM4_IRQHandler                          0x0800011b   Thumb Code     0  startup_stm32f10x_md.o(.text)
    USART1_IRQHandler                        0x0800011b   Thumb Code     0  startup_stm32f10x_md.o(.text)
    USART3_IRQHandler                        0x0800011b   Thumb Code     0  startup_stm32f10x_md.o(.text)
    USBWakeUp_IRQHandler                     0x0800011b   Thumb Code     0  startup_stm32f10x_md.o(.text)
    USB_HP_CAN1_TX_IRQHandler                0x0800011b   Thumb Code     0  startup_stm32f10x_md.o(.text)
    USB_LP_CAN1_RX0_IRQHandler               0x0800011b   Thumb Code     0  startup_stm32f10x_md.o(.text)
    WWDG_IRQHandler                          0x0800011b   Thumb Code     0  startup_stm32f10x_md.o(.text)
    strcmp                                   0x08000125   Thumb Code    28  strcmp.o(.text)
    strcpy                                   0x08000141   Thumb Code    18  strcpy.o(.text)
    strtok                                   0x08000155   Thumb Code    62  strtok.o(.text)
    __aeabi_fadd                             0x08000199   Thumb Code   164  fadd.o(.text)
    __aeabi_fsub                             0x0800023d   Thumb Code     6  fadd.o(.text)
    __aeabi_frsub                            0x08000243   Thumb Code     6  fadd.o(.text)
    __aeabi_fmul                             0x08000249   Thumb Code   100  fmul.o(.text)
    __aeabi_fdiv                             0x080002ad   Thumb Code   124  fdiv.o(.text)
    __aeabi_dadd                             0x08000329   Thumb Code   322  dadd.o(.text)
    __aeabi_dsub                             0x0800046b   Thumb Code     6  dadd.o(.text)
    __aeabi_drsub                            0x08000471   Thumb Code     6  dadd.o(.text)
    __aeabi_dmul                             0x08000477   Thumb Code   228  dmul.o(.text)
    __aeabi_ddiv                             0x0800055b   Thumb Code   222  ddiv.o(.text)
    __aeabi_i2f                              0x08000639   Thumb Code    18  fflti.o(.text)
    __aeabi_ui2f                             0x0800064b   Thumb Code    10  ffltui.o(.text)
    __aeabi_i2d                              0x08000655   Thumb Code    34  dflti.o(.text)
    __aeabi_f2iz                             0x08000677   Thumb Code    50  ffixi.o(.text)
    __aeabi_d2iz                             0x080006a9   Thumb Code    62  dfixi.o(.text)
    __aeabi_f2d                              0x080006e7   Thumb Code    38  f2d.o(.text)
    __aeabi_cdcmpeq                          0x0800070d   Thumb Code     0  cdcmple.o(.text)
    __aeabi_cdcmple                          0x0800070d   Thumb Code    48  cdcmple.o(.text)
    __aeabi_cdrcmple                         0x0800073d   Thumb Code    48  cdrcmple.o(.text)
    __aeabi_d2f                              0x0800076d   Thumb Code    56  d2f.o(.text)
    __aeabi_cfcmpeq                          0x080007a5   Thumb Code     0  cfcmple.o(.text)
    __aeabi_cfcmple                          0x080007a5   Thumb Code    20  cfcmple.o(.text)
    __aeabi_uidiv                            0x080007b9   Thumb Code     0  uidiv.o(.text)
    __aeabi_uidivmod                         0x080007b9   Thumb Code    44  uidiv.o(.text)
    __aeabi_uldivmod                         0x080007e5   Thumb Code    98  uldiv.o(.text)
    __aeabi_llsl                             0x08000847   Thumb Code    30  llshl.o(.text)
    _ll_shift_l                              0x08000847   Thumb Code     0  llshl.o(.text)
    __aeabi_llsr                             0x08000865   Thumb Code    32  llushr.o(.text)
    _ll_ushift_r                             0x08000865   Thumb Code     0  llushr.o(.text)
    __aeabi_lasr                             0x08000885   Thumb Code    36  llsshr.o(.text)
    _ll_sshift_r                             0x08000885   Thumb Code     0  llsshr.o(.text)
    __strtod_int                             0x080008df   Thumb Code    90  strtod.o(.text)
    __I$use$fp                               0x08000945   Thumb Code     0  iusefp.o(.text)
    _float_round                             0x08000945   Thumb Code    18  fepilogue.o(.text)
    _float_epilogue                          0x08000957   Thumb Code    92  fepilogue.o(.text)
    _double_round                            0x080009b3   Thumb Code    30  depilogue.o(.text)
    _double_epilogue                         0x080009d1   Thumb Code   156  depilogue.o(.text)
    __ARM_scalbn                             0x08000a6d   Thumb Code    46  dscalb.o(.text)
    scalbn                                   0x08000a6d   Thumb Code     0  dscalb.o(.text)
    _dsqrt                                   0x08000a9b   Thumb Code   162  dsqrt.o(.text)
    _drem                                    0x08000b3d   Thumb Code   134  drem.o(.text)
    __aeabi_d2ulz                            0x08000bc3   Thumb Code    48  dfixul.o(.text)
    __scatterload                            0x08000bf5   Thumb Code    28  init.o(.text)
    __scatterload_rt2                        0x08000bf5   Thumb Code     0  init.o(.text)
    isspace                                  0x08000c19   Thumb Code    10  isspace_c.o(.text)
    _scanf_real                              0x08000d4d   Thumb Code     0  scanf_fp.o(.text)
    _scanf_really_real                       0x08000d4d   Thumb Code   556  scanf_fp.o(.text)
    _sgetc                                   0x08000f85   Thumb Code    30  _sgetc.o(.text)
    _sbackspace                              0x08000fa3   Thumb Code    34  _sgetc.o(.text)
    __aeabi_ui2d                             0x08000fc5   Thumb Code    26  dfltui.o(.text)
    __ctype_lookup                           0x08000fe1   Thumb Code    34  ctype_c.o(.text)
    __aeabi_ul2d                             0x08001009   Thumb Code    24  dfltul.o(.text)
    __decompress                             0x08001021   Thumb Code     0  __dczerorl2.o(.text)
    __decompress1                            0x08001021   Thumb Code    86  __dczerorl2.o(.text)
    ADC_Index_if                             0x08001079   Thumb Code    82  can.o(i.ADC_Index_if)
    BusFault_Handler                         0x080010d1   Thumb Code     4  stm32f10x_it.o(i.BusFault_Handler)
    CAN_FilterInit                           0x080010d5   Thumb Code   258  stm32f10x_can.o(i.CAN_FilterInit)
    CAN_Init                                 0x080011dd   Thumb Code   276  stm32f10x_can.o(i.CAN_Init)
    CAN_MessagePending                       0x080012f1   Thumb Code    30  stm32f10x_can.o(i.CAN_MessagePending)
    CAN_Receive                              0x0800130f   Thumb Code   240  stm32f10x_can.o(i.CAN_Receive)
    CAN_Transmit                             0x080013ff   Thumb Code   294  stm32f10x_can.o(i.CAN_Transmit)
    CAN_TransmitStatus                       0x08001525   Thumb Code   138  stm32f10x_can.o(i.CAN_TransmitStatus)
    Control_Gps                              0x080015c5   Thumb Code   204  control.o(i.Control_Gps)
    Control_test                             0x080016a1   Thumb Code   272  control.o(i.Control_test)
    DebugMon_Handler                         0x080017cd   Thumb Code     2  stm32f10x_it.o(i.DebugMon_Handler)
    Delay_us                                 0x080017cf   Thumb Code    46  delay.o(i.Delay_us)
    EN_Motor_Init                            0x080017fd   Thumb Code    38  motor_pwm.o(i.EN_Motor_Init)
    EN_Yaw_Motor                             0x08001829   Thumb Code    16  motor_pwm.o(i.EN_Yaw_Motor)
    GPIO_Init                                0x0800183d   Thumb Code   278  stm32f10x_gpio.o(i.GPIO_Init)
    GPIO_ReadInputDataBit                    0x08001953   Thumb Code    18  stm32f10x_gpio.o(i.GPIO_ReadInputDataBit)
    GPIO_SetBits                             0x08001965   Thumb Code     4  stm32f10x_gpio.o(i.GPIO_SetBits)
    GPIO_WriteBit                            0x08001969   Thumb Code    10  stm32f10x_gpio.o(i.GPIO_WriteBit)
    GPS_Transform                            0x08001975   Thumb Code   386  gps.o(i.GPS_Transform)
    GPS_zhuanhuang                           0x08001b25   Thumb Code    52  gps.o(i.GPS_zhuanhuang)
    Get_Can_ADC_Data                         0x08001b69   Thumb Code   894  can.o(i.Get_Can_ADC_Data)
    HardFault_Handler                        0x08001f09   Thumb Code     4  stm32f10x_it.o(i.HardFault_Handler)
    HeartBeat                                0x08001f0d   Thumb Code   118  heartbeat.o(i.HeartBeat)
    MOTOR_Yaw_Pitch_Init                     0x08001f89   Thumb Code    16  motor_pwm.o(i.MOTOR_Yaw_Pitch_Init)
    MPU6050_Config_Init                      0x08001f99   Thumb Code    54  my_mpu6050.o(i.MPU6050_Config_Init)
    MPU6050_Get_Angles                       0x08001fd1   Thumb Code   506  my_mpu6050.o(i.MPU6050_Get_Angles)
    MPU6050_Init                             0x080021fd   Thumb Code    40  my_mpu6050.o(i.MPU6050_Init)
    MPU6050_R_reg                            0x08002225   Thumb Code   148  my_mpu6050.o(i.MPU6050_R_reg)
    MPU6050_W_reg                            0x080022bd   Thumb Code   110  my_mpu6050.o(i.MPU6050_W_reg)
    MemManage_Handler                        0x08002331   Thumb Code     4  stm32f10x_it.o(i.MemManage_Handler)
    MyCAN_Init                               0x08002335   Thumb Code   194  can.o(i.MyCAN_Init)
    MyCAN_Receive                            0x08002401   Thumb Code    16  can.o(i.MyCAN_Receive)
    MyCAN_ReceiveFlag                        0x08002415   Thumb Code    22  can.o(i.MyCAN_ReceiveFlag)
    MyCAN_Transmit                           0x08002431   Thumb Code    44  can.o(i.MyCAN_Transmit)
    MyI2C_Init                               0x08002465   Thumb Code    80  qmc_mpu_i2c.o(i.MyI2C_Init)
    MyI2C_R_SDA                              0x080024bd   Thumb Code    26  qmc_mpu_i2c.o(i.MyI2C_R_SDA)
    MyI2C_ReceiveAck                         0x080024d7   Thumb Code    56  qmc_mpu_i2c.o(i.MyI2C_ReceiveAck)
    MyI2C_ReceiveByte                        0x0800250f   Thumb Code    76  qmc_mpu_i2c.o(i.MyI2C_ReceiveByte)
    MyI2C_SendAck                            0x0800255b   Thumb Code    46  qmc_mpu_i2c.o(i.MyI2C_SendAck)
    MyI2C_SendByte                           0x08002589   Thumb Code    72  qmc_mpu_i2c.o(i.MyI2C_SendByte)
    MyI2C_Start                              0x080025d1   Thumb Code    50  qmc_mpu_i2c.o(i.MyI2C_Start)
    MyI2C_Stop                               0x08002603   Thumb Code    40  qmc_mpu_i2c.o(i.MyI2C_Stop)
    MyI2C_W_SCL                              0x0800262b   Thumb Code    26  qmc_mpu_i2c.o(i.MyI2C_W_SCL)
    MyI2C_W_SDA                              0x08002645   Thumb Code    26  qmc_mpu_i2c.o(i.MyI2C_W_SDA)
    NMI_Handler                              0x0800265f   Thumb Code     2  stm32f10x_it.o(i.NMI_Handler)
    NVIC_Init                                0x08002661   Thumb Code   100  misc.o(i.NVIC_Init)
    NVIC_PriorityGroupConfig                 0x080026d1   Thumb Code    10  misc.o(i.NVIC_PriorityGroupConfig)
    PendSV_Handler                           0x080026e5   Thumb Code     2  stm32f10x_it.o(i.PendSV_Handler)
    Pitch_Motor_Left                         0x080026e7   Thumb Code    24  motor_pwm.o(i.Pitch_Motor_Left)
    Pitch_Motor_Pwm_1                        0x08002701   Thumb Code    14  motor_pwm.o(i.Pitch_Motor_Pwm_1)
    Pitch_Motor_Pwm_2                        0x08002715   Thumb Code    14  motor_pwm.o(i.Pitch_Motor_Pwm_2)
    Pitch_Motor_Rigth                        0x08002729   Thumb Code    24  motor_pwm.o(i.Pitch_Motor_Rigth)
    Pitch_Motor_Stop                         0x08002741   Thumb Code    22  motor_pwm.o(i.Pitch_Motor_Stop)
    Pitch_Pwm_Init                           0x08002759   Thumb Code   154  motor_pwm.o(i.Pitch_Pwm_Init)
    QMC5883_ConfigInit                       0x080027fd   Thumb Code    30  qmc_5883.o(i.QMC5883_ConfigInit)
    QMC5883_Get_CalibrationData              0x0800281d   Thumb Code   162  qmc_5883.o(i.QMC5883_Get_CalibrationData)
    QMC5883_Get_Data                         0x080028e5   Thumb Code    72  qmc_5883.o(i.QMC5883_Get_Data)
    QMC5883_Get_Yaw_Angles                   0x0800292d   Thumb Code   106  qmc_5883.o(i.QMC5883_Get_Yaw_Angles)
    QMC5883_Init                             0x080029b1   Thumb Code    40  qmc_5883.o(i.QMC5883_Init)
    QMC5883_R_reg                            0x080029d9   Thumb Code   128  qmc_5883.o(i.QMC5883_R_reg)
    QMC5883_W_reg                            0x08002a5d   Thumb Code    94  qmc_5883.o(i.QMC5883_W_reg)
    RCC_APB1PeriphClockCmd                   0x08002ac1   Thumb Code    26  stm32f10x_rcc.o(i.RCC_APB1PeriphClockCmd)
    RCC_APB2PeriphClockCmd                   0x08002ae1   Thumb Code    26  stm32f10x_rcc.o(i.RCC_APB2PeriphClockCmd)
    RCC_GetClocksFreq                        0x08002b01   Thumb Code   192  stm32f10x_rcc.o(i.RCC_GetClocksFreq)
    SET_RESET                                0x08002bd5   Thumb Code    12  qmc_5883.o(i.SET_RESET)
    SVC_Handler                              0x08002be1   Thumb Code     2  stm32f10x_it.o(i.SVC_Handler)
    Serial_UART_Init                         0x08002be5   Thumb Code   300  serial.o(i.Serial_UART_Init)
    SysTick_Handler                          0x08002e05   Thumb Code     2  stm32f10x_it.o(i.SysTick_Handler)
    SystemInit                               0x08002e09   Thumb Code    78  system_stm32f10x.o(i.SystemInit)
    TIM3_IRQHandler                          0x08002e69   Thumb Code   212  heartbeat.o(i.TIM3_IRQHandler)
    TIM_ClearFlag                            0x08002fb9   Thumb Code     6  stm32f10x_tim.o(i.TIM_ClearFlag)
    TIM_ClearITPendingBit                    0x08002fbf   Thumb Code     6  stm32f10x_tim.o(i.TIM_ClearITPendingBit)
    TIM_Cmd                                  0x08002fc5   Thumb Code    24  stm32f10x_tim.o(i.TIM_Cmd)
    TIM_CtrlPWMOutputs                       0x08002fdd   Thumb Code    30  stm32f10x_tim.o(i.TIM_CtrlPWMOutputs)
    TIM_GetITStatus                          0x08002ffb   Thumb Code    34  stm32f10x_tim.o(i.TIM_GetITStatus)
    TIM_ITConfig                             0x0800301d   Thumb Code    18  stm32f10x_tim.o(i.TIM_ITConfig)
    TIM_InternalClockConfig                  0x0800302f   Thumb Code    12  stm32f10x_tim.o(i.TIM_InternalClockConfig)
    TIM_OC1Init                              0x0800303d   Thumb Code   132  stm32f10x_tim.o(i.TIM_OC1Init)
    TIM_OC1PreloadConfig                     0x080030d5   Thumb Code    18  stm32f10x_tim.o(i.TIM_OC1PreloadConfig)
    TIM_OC2Init                              0x080030e9   Thumb Code   154  stm32f10x_tim.o(i.TIM_OC2Init)
    TIM_OC2PreloadConfig                     0x0800318d   Thumb Code    26  stm32f10x_tim.o(i.TIM_OC2PreloadConfig)
    TIM_OC3Init                              0x080031a9   Thumb Code   150  stm32f10x_tim.o(i.TIM_OC3Init)
    TIM_OC3PreloadConfig                     0x08003249   Thumb Code    18  stm32f10x_tim.o(i.TIM_OC3PreloadConfig)
    TIM_OC4Init                              0x0800325d   Thumb Code   114  stm32f10x_tim.o(i.TIM_OC4Init)
    TIM_OC4PreloadConfig                     0x080032d9   Thumb Code    26  stm32f10x_tim.o(i.TIM_OC4PreloadConfig)
    TIM_SetCompare1                          0x080032f3   Thumb Code     4  stm32f10x_tim.o(i.TIM_SetCompare1)
    TIM_SetCompare2                          0x080032f7   Thumb Code     4  stm32f10x_tim.o(i.TIM_SetCompare2)
    TIM_SetCompare3                          0x080032fb   Thumb Code     4  stm32f10x_tim.o(i.TIM_SetCompare3)
    TIM_SetCompare4                          0x080032ff   Thumb Code     6  stm32f10x_tim.o(i.TIM_SetCompare4)
    TIM_TimeBaseInit                         0x08003305   Thumb Code   122  stm32f10x_tim.o(i.TIM_TimeBaseInit)
    USART2_IRQHandler                        0x080033a9   Thumb Code   502  serial.o(i.USART2_IRQHandler)
    USART_ClearITPendingBit                  0x08003605   Thumb Code    30  stm32f10x_usart.o(i.USART_ClearITPendingBit)
    USART_Cmd                                0x08003623   Thumb Code    24  stm32f10x_usart.o(i.USART_Cmd)
    USART_GetFlagStatus                      0x0800363b   Thumb Code    26  stm32f10x_usart.o(i.USART_GetFlagStatus)
    USART_GetITStatus                        0x08003655   Thumb Code    84  stm32f10x_usart.o(i.USART_GetITStatus)
    USART_ITConfig                           0x080036a9   Thumb Code    74  stm32f10x_usart.o(i.USART_ITConfig)
    USART_Init                               0x080036f5   Thumb Code   210  stm32f10x_usart.o(i.USART_Init)
    USART_ReceiveData                        0x080037cd   Thumb Code    10  stm32f10x_usart.o(i.USART_ReceiveData)
    USART_SendData                           0x080037d7   Thumb Code     8  stm32f10x_usart.o(i.USART_SendData)
    UsageFault_Handler                       0x080037df   Thumb Code     4  stm32f10x_it.o(i.UsageFault_Handler)
    Yaw_Motor_Left                           0x080037e3   Thumb Code    24  motor_pwm.o(i.Yaw_Motor_Left)
    Yaw_Motor_Pwm_1                          0x080037fb   Thumb Code    16  motor_pwm.o(i.Yaw_Motor_Pwm_1)
    Yaw_Motor_Pwm_2                          0x0800380b   Thumb Code    16  motor_pwm.o(i.Yaw_Motor_Pwm_2)
    Yaw_Motor_Rigth                          0x0800381b   Thumb Code    24  motor_pwm.o(i.Yaw_Motor_Rigth)
    Yaw_Motor_Stop                           0x08003833   Thumb Code    22  motor_pwm.o(i.Yaw_Motor_Stop)
    Yaw_Pwm_Init                             0x08003849   Thumb Code   158  motor_pwm.o(i.Yaw_Pwm_Init)
    __0printf                                0x080038f1   Thumb Code    22  printfa.o(i.__0printf)
    __1printf                                0x080038f1   Thumb Code     0  printfa.o(i.__0printf)
    __2printf                                0x080038f1   Thumb Code     0  printfa.o(i.__0printf)
    __c89printf                              0x080038f1   Thumb Code     0  printfa.o(i.__0printf)
    printf                                   0x080038f1   Thumb Code     0  printfa.o(i.__0printf)
    __0sprintf                               0x08003911   Thumb Code    34  printfa.o(i.__0sprintf)
    __1sprintf                               0x08003911   Thumb Code     0  printfa.o(i.__0sprintf)
    __2sprintf                               0x08003911   Thumb Code     0  printfa.o(i.__0sprintf)
    __c89sprintf                             0x08003911   Thumb Code     0  printfa.o(i.__0sprintf)
    sprintf                                  0x08003911   Thumb Code     0  printfa.o(i.__0sprintf)
    __ARM_fpclassify                         0x08003939   Thumb Code    40  fpclassify.o(i.__ARM_fpclassify)
    __ieee754_rem_pio2                       0x08003961   Thumb Code   828  rred.o(i.__ieee754_rem_pio2)
    __kernel_cos                             0x08003ce9   Thumb Code   230  cos_i.o(i.__kernel_cos)
    __kernel_poly                            0x08003de5   Thumb Code   170  poly.o(i.__kernel_poly)
    __kernel_sin                             0x08003e91   Thumb Code   224  sin_i.o(i.__kernel_sin)
    __kernel_tan                             0x08003f7d   Thumb Code   586  tan_i.o(i.__kernel_tan)
    __mathlib_dbl_divzero                    0x080041f9   Thumb Code    12  dunder.o(i.__mathlib_dbl_divzero)
    __mathlib_dbl_infnan                     0x08004209   Thumb Code     6  dunder.o(i.__mathlib_dbl_infnan)
    __mathlib_dbl_infnan2                    0x0800420f   Thumb Code     4  dunder.o(i.__mathlib_dbl_infnan2)
    __mathlib_dbl_invalid                    0x08004213   Thumb Code    12  dunder.o(i.__mathlib_dbl_invalid)
    __mathlib_dbl_overflow                   0x0800421f   Thumb Code    14  dunder.o(i.__mathlib_dbl_overflow)
    __mathlib_dbl_underflow                  0x0800422d   Thumb Code    10  dunder.o(i.__mathlib_dbl_underflow)
    __read_errno                             0x0800423d   Thumb Code     6  errno.o(i.__read_errno)
    __scatterload_copy                       0x08004249   Thumb Code    14  handlers.o(i.__scatterload_copy)
    __scatterload_null                       0x08004257   Thumb Code     2  handlers.o(i.__scatterload_null)
    __scatterload_zeroinit                   0x08004259   Thumb Code    14  handlers.o(i.__scatterload_zeroinit)
    __set_errno                              0x08004269   Thumb Code     6  errno.o(i.__set_errno)
    _is_digit                                0x080043f9   Thumb Code    14  scanf_fp.o(i._is_digit)
    aberration_correction                    0x08004b41   Thumb Code    38  spa.o(i.aberration_correction)
    acos                                     0x08004b75   Thumb Code   574  acos.o(i.acos)
    apparent_sun_longitude                   0x08004df1   Thumb Code    42  spa.o(i.apparent_sun_longitude)
    argument_latitude_moon                   0x08004e1d   Thumb Code    42  spa.o(i.argument_latitude_moon)
    ascending_longitude_moon                 0x08004e69   Thumb Code    42  spa.o(i.ascending_longitude_moon)
    asin                                     0x08004eb5   Thumb Code   572  asin.o(i.asin)
    atan                                     0x08005125   Thumb Code   474  atan.o(i.atan)
    atan2                                    0x08005345   Thumb Code   346  atan2.o(i.atan2)
    atmospheric_refraction_correction        0x080054c5   Thumb Code   228  spa.o(i.atmospheric_refraction_correction)
    atof                                     0x080055dd   Thumb Code    42  atof.o(i.atof)
    calculate_geocentric_sun_right_ascension_and_declination 0x08005607   Thumb Code   462  spa.o(i.calculate_geocentric_sun_right_ascension_and_declination)
    convertNE                                0x080057d5   Thumb Code    96  gps.o(i.convertNE)
    cos                                      0x0800583d   Thumb Code   148  cos.o(i.cos)
    deg2rad                                  0x080058d9   Thumb Code    20  spa.o(i.deg2rad)
    earth_heliocentric_latitude              0x080058f5   Thumb Code    74  spa.o(i.earth_heliocentric_latitude)
    earth_heliocentric_longitude             0x08005949   Thumb Code    88  spa.o(i.earth_heliocentric_longitude)
    earth_periodic_term_summation            0x080059a9   Thumb Code   134  spa.o(i.earth_periodic_term_summation)
    earth_radius_vector                      0x08005a31   Thumb Code    66  spa.o(i.earth_radius_vector)
    earth_values                             0x08005a7d   Thumb Code   114  spa.o(i.earth_values)
    ecliptic_mean_obliquity                  0x08005af5   Thumb Code   270  spa.o(i.ecliptic_mean_obliquity)
    ecliptic_true_obliquity                  0x08005c59   Thumb Code    38  spa.o(i.ecliptic_true_obliquity)
    floor                                    0x08005c85   Thumb Code   204  floor.o(i.floor)
    fmod                                     0x08005d61   Thumb Code   144  fmod.o(i.fmod)
    fputc                                    0x08005df5   Thumb Code    32  serial.o(i.fputc)
    geocentric_declination                   0x08005e19   Thumb Code   172  spa.o(i.geocentric_declination)
    geocentric_latitude                      0x08005ec5   Thumb Code    12  spa.o(i.geocentric_latitude)
    geocentric_longitude                     0x08005ed1   Thumb Code    62  spa.o(i.geocentric_longitude)
    geocentric_right_ascension               0x08005f19   Thumb Code   172  spa.o(i.geocentric_right_ascension)
    greenwich_mean_sidereal_time             0x08005fc5   Thumb Code   130  spa.o(i.greenwich_mean_sidereal_time)
    greenwich_sidereal_time                  0x08006069   Thumb Code    52  spa.o(i.greenwich_sidereal_time)
    integer                                  0x0800609d   Thumb Code    16  spa.o(i.integer)
    julian_century                           0x080060ad   Thumb Code    36  spa.o(i.julian_century)
    julian_day                               0x080060d9   Thumb Code   376  spa.o(i.julian_day)
    julian_ephemeris_century                 0x08006275   Thumb Code    36  spa.o(i.julian_ephemeris_century)
    julian_ephemeris_day                     0x080062a1   Thumb Code    38  spa.o(i.julian_ephemeris_day)
    julian_ephemeris_millennium              0x080062cd   Thumb Code    20  spa.o(i.julian_ephemeris_millennium)
    limit_degrees                            0x080062e5   Thumb Code    94  spa.o(i.limit_degrees)
    main                                     0x08006349   Thumb Code    48  main.o(i.main)
    mean_anomaly_moon                        0x08006381   Thumb Code    42  spa.o(i.mean_anomaly_moon)
    mean_anomaly_sun                         0x080063cd   Thumb Code    42  spa.o(i.mean_anomaly_sun)
    mean_elongation_moon_sun                 0x08006419   Thumb Code    42  spa.o(i.mean_elongation_moon_sun)
    nutation_longitude_and_obliquity         0x08006465   Thumb Code   268  spa.o(i.nutation_longitude_and_obliquity)
    observer_hour_angle                      0x08006579   Thumb Code    44  spa.o(i.observer_hour_angle)
    pow                                      0x080065a5   Thumb Code  2512  pow.o(i.pow)
    rad2deg                                  0x08006f7d   Thumb Code    20  spa.o(i.rad2deg)
    right_ascension_parallax_and_topocentric_dec 0x08006f99   Thumb Code   544  spa.o(i.right_ascension_parallax_and_topocentric_dec)
    sin                                      0x080071c5   Thumb Code   150  sin.o(i.sin)
    spa_calculate                            0x08007265   Thumb Code   462  spa.o(i.spa_calculate)
    sqrt                                     0x08007433   Thumb Code    76  sqrt.o(i.sqrt)
    sun_equatorial_horizontal_parallax       0x08007481   Thumb Code    38  spa.o(i.sun_equatorial_horizontal_parallax)
    surface_incidence_angle                  0x080074b5   Thumb Code   184  spa.o(i.surface_incidence_angle)
    tan                                      0x0800756d   Thumb Code    90  tan.o(i.tan)
    third_order_polynomial                   0x080075d1   Thumb Code    94  spa.o(i.third_order_polynomial)
    topocentric_azimuth_angle                0x08007631   Thumb Code    30  spa.o(i.topocentric_azimuth_angle)
    topocentric_azimuth_angle_astro          0x08007655   Thumb Code   172  spa.o(i.topocentric_azimuth_angle_astro)
    topocentric_elevation_angle              0x08007701   Thumb Code   172  spa.o(i.topocentric_elevation_angle)
    topocentric_elevation_angle_corrected    0x080077ad   Thumb Code    28  spa.o(i.topocentric_elevation_angle_corrected)
    topocentric_local_hour_angle             0x080077c9   Thumb Code    28  spa.o(i.topocentric_local_hour_angle)
    topocentric_right_ascension              0x080077e5   Thumb Code    28  spa.o(i.topocentric_right_ascension)
    topocentric_zenith_angle                 0x08007801   Thumb Code    20  spa.o(i.topocentric_zenith_angle)
    transformLat                             0x08007819   Thumb Code   614  gps.o(i.transformLat)
    transformLon                             0x08007ab9   Thumb Code   604  gps.o(i.transformLon)
    validate_inputs                          0x08007d45   Thumb Code   480  spa.o(i.validate_inputs)
    xy_term_summation                        0x08007f59   Thumb Code    88  spa.o(i.xy_term_summation)
    l_subcount                               0x08007fb8   Data          24  spa.o(.constdata)
    b_subcount                               0x08007fd0   Data           8  spa.o(.constdata)
    r_subcount                               0x08007fd8   Data          20  spa.o(.constdata)
    L_TERMS                                  0x08007ff0   Data        9216  spa.o(.constdata)
    B_TERMS                                  0x0800a3f0   Data         240  spa.o(.constdata)
    R_TERMS                                  0x0800a4e0   Data        4800  spa.o(.constdata)
    Y_TERMS                                  0x0800b7a0   Data        1260  spa.o(.constdata)
    PE_TERMS                                 0x0800bc90   Data        2016  spa.o(.constdata)
    __mathlib_zero                           0x0800c660   Data           8  qnan.o(.constdata)
    __ctype_categories                       0x0800c7b8   Data          64  ctype_c.o(.constdata)
    Region$$Table$$Base                      0x0800c7f8   Number         0  anon$$obj.o(Region$$Table)
    Region$$Table$$Limit                     0x0800c818   Number         0  anon$$obj.o(Region$$Table)
    my5883                                   0x20000020   Data           6  qmc_5883.o(.data)
    TxMsg_ADC_DATA                           0x20000040   Data          20  can.o(.data)
    __stdout                                 0x20000054   Data           4  serial.o(.data)
    my_h                                     0x200000c0   Data           4  heartbeat.o(.data)
    my_m                                     0x200000c4   Data           4  heartbeat.o(.data)
    zg_return                                0x200000c8   Data           4  heartbeat.o(.data)
    Latitude                                 0x200000d0   Data           4  main.o(.data)
    Longitude                                0x200000d4   Data           4  main.o(.data)
    Utc_Time                                 0x200000d8   Data           4  main.o(.data)
    GPS_Status                               0x200000dc   Data           4  main.o(.data)
    ns                                       0x200000e0   Data           4  main.o(.data)
    ew                                       0x200000e4   Data           4  main.o(.data)
    date                                     0x200000e8   Data           4  main.o(.data)
    GPS_E                                    0x200000f0   Data           8  main.o(.data)
    GPS_N                                    0x200000f8   Data           8  main.o(.data)
    Solar_Azimuth                            0x20000100   Data           8  main.o(.data)
    Solar_Altitude                           0x20000108   Data           8  main.o(.data)
    Yaw_Angle                                0x20000110   Data           4  main.o(.data)
    Pitch_Angle                              0x20000114   Data           4  main.o(.data)
    GPS_If                                   0x20000118   Data           1  main.o(.data)
    ADC_Data1                                0x2000011c   Data           4  main.o(.data)
    ADC_Data2                                0x20000120   Data           4  main.o(.data)
    ADC_Data3                                0x20000124   Data           4  main.o(.data)
    ADC_Data4                                0x20000128   Data           4  main.o(.data)
    RxMsg                                    0x20000134   Data          20  can.o(.bss)
    Serial_RxPacket                          0x20000148   Data         100  serial.o(.bss)
    spa                                      0x20000210   Data         488  main.o(.bss)
    __initial_sp                             0x200007f8   Data           0  startup_stm32f10x_md.o(STACK)



==============================================================================

Memory Map of the image

  Image Entry point : 0x080000ed

  Load Region LR_IROM1 (Base: 0x08000000, Size: 0x0000c94c, Max: 0x00010000, ABSOLUTE, COMPRESSED[0x0000c890])

    Execution Region ER_IROM1 (Exec base: 0x08000000, Load base: 0x08000000, Size: 0x0000c818, Max: 0x00010000, ABSOLUTE)

    Exec Addr    Load Addr    Size         Type   Attr      Idx    E Section Name        Object

    0x08000000   0x08000000   0x000000ec   Data   RO            3    RESET               startup_stm32f10x_md.o
    0x080000ec   0x080000ec   0x00000000   Code   RO         4369  * .ARM.Collect$$$$00000000  mc_w.l(entry.o)
    0x080000ec   0x080000ec   0x00000004   Code   RO         4720    .ARM.Collect$$$$00000001  mc_w.l(entry2.o)
    0x080000f0   0x080000f0   0x00000004   Code   RO         4723    .ARM.Collect$$$$00000004  mc_w.l(entry5.o)
    0x080000f4   0x080000f4   0x00000000   Code   RO         4725    .ARM.Collect$$$$00000008  mc_w.l(entry7b.o)
    0x080000f4   0x080000f4   0x00000000   Code   RO         4727    .ARM.Collect$$$$0000000A  mc_w.l(entry8b.o)
    0x080000f4   0x080000f4   0x00000008   Code   RO         4728    .ARM.Collect$$$$0000000B  mc_w.l(entry9a.o)
    0x080000fc   0x080000fc   0x00000000   Code   RO         4730    .ARM.Collect$$$$0000000D  mc_w.l(entry10a.o)
    0x080000fc   0x080000fc   0x00000000   Code   RO         4732    .ARM.Collect$$$$0000000F  mc_w.l(entry11a.o)
    0x080000fc   0x080000fc   0x00000004   Code   RO         4721    .ARM.Collect$$$$00002712  mc_w.l(entry2.o)
    0x08000100   0x08000100   0x00000024   Code   RO            4    .text               startup_stm32f10x_md.o
    0x08000124   0x08000124   0x0000001c   Code   RO         4374    .text               mc_w.l(strcmp.o)
    0x08000140   0x08000140   0x00000012   Code   RO         4376    .text               mc_w.l(strcpy.o)
    0x08000152   0x08000152   0x00000002   PAD
    0x08000154   0x08000154   0x00000044   Code   RO         4378    .text               mc_w.l(strtok.o)
    0x08000198   0x08000198   0x000000b0   Code   RO         4647    .text               mf_w.l(fadd.o)
    0x08000248   0x08000248   0x00000064   Code   RO         4649    .text               mf_w.l(fmul.o)
    0x080002ac   0x080002ac   0x0000007c   Code   RO         4651    .text               mf_w.l(fdiv.o)
    0x08000328   0x08000328   0x0000014e   Code   RO         4653    .text               mf_w.l(dadd.o)
    0x08000476   0x08000476   0x000000e4   Code   RO         4655    .text               mf_w.l(dmul.o)
    0x0800055a   0x0800055a   0x000000de   Code   RO         4657    .text               mf_w.l(ddiv.o)
    0x08000638   0x08000638   0x00000012   Code   RO         4659    .text               mf_w.l(fflti.o)
    0x0800064a   0x0800064a   0x0000000a   Code   RO         4661    .text               mf_w.l(ffltui.o)
    0x08000654   0x08000654   0x00000022   Code   RO         4663    .text               mf_w.l(dflti.o)
    0x08000676   0x08000676   0x00000032   Code   RO         4665    .text               mf_w.l(ffixi.o)
    0x080006a8   0x080006a8   0x0000003e   Code   RO         4667    .text               mf_w.l(dfixi.o)
    0x080006e6   0x080006e6   0x00000026   Code   RO         4669    .text               mf_w.l(f2d.o)
    0x0800070c   0x0800070c   0x00000030   Code   RO         4671    .text               mf_w.l(cdcmple.o)
    0x0800073c   0x0800073c   0x00000030   Code   RO         4673    .text               mf_w.l(cdrcmple.o)
    0x0800076c   0x0800076c   0x00000038   Code   RO         4675    .text               mf_w.l(d2f.o)
    0x080007a4   0x080007a4   0x00000014   Code   RO         4677    .text               mf_w.l(cfcmple.o)
    0x080007b8   0x080007b8   0x0000002c   Code   RO         4734    .text               mc_w.l(uidiv.o)
    0x080007e4   0x080007e4   0x00000062   Code   RO         4736    .text               mc_w.l(uldiv.o)
    0x08000846   0x08000846   0x0000001e   Code   RO         4738    .text               mc_w.l(llshl.o)
    0x08000864   0x08000864   0x00000020   Code   RO         4740    .text               mc_w.l(llushr.o)
    0x08000884   0x08000884   0x00000024   Code   RO         4742    .text               mc_w.l(llsshr.o)
    0x080008a8   0x080008a8   0x0000009c   Code   RO         4751    .text               mc_w.l(strtod.o)
    0x08000944   0x08000944   0x00000000   Code   RO         4753    .text               mc_w.l(iusefp.o)
    0x08000944   0x08000944   0x0000006e   Code   RO         4754    .text               mf_w.l(fepilogue.o)
    0x080009b2   0x080009b2   0x000000ba   Code   RO         4756    .text               mf_w.l(depilogue.o)
    0x08000a6c   0x08000a6c   0x0000002e   Code   RO         4758    .text               mf_w.l(dscalb.o)
    0x08000a9a   0x08000a9a   0x000000a2   Code   RO         4760    .text               mf_w.l(dsqrt.o)
    0x08000b3c   0x08000b3c   0x00000086   Code   RO         4762    .text               mf_w.l(drem.o)
    0x08000bc2   0x08000bc2   0x00000030   Code   RO         4764    .text               mf_w.l(dfixul.o)
    0x08000bf2   0x08000bf2   0x00000002   PAD
    0x08000bf4   0x08000bf4   0x00000024   Code   RO         4766    .text               mc_w.l(init.o)
    0x08000c18   0x08000c18   0x0000000a   Code   RO         4768    .text               mc_w.l(isspace_c.o)
    0x08000c22   0x08000c22   0x00000002   PAD
    0x08000c24   0x08000c24   0x00000360   Code   RO         4770    .text               mc_w.l(scanf_fp.o)
    0x08000f84   0x08000f84   0x00000040   Code   RO         4774    .text               mc_w.l(_sgetc.o)
    0x08000fc4   0x08000fc4   0x0000001a   Code   RO         4776    .text               mf_w.l(dfltui.o)
    0x08000fde   0x08000fde   0x00000002   PAD
    0x08000fe0   0x08000fe0   0x00000028   Code   RO         4778    .text               mc_w.l(ctype_c.o)
    0x08001008   0x08001008   0x00000018   Code   RO         4781    .text               mf_w.l(dfltul.o)
    0x08001020   0x08001020   0x00000056   Code   RO         4791    .text               mc_w.l(__dczerorl2.o)
    0x08001076   0x08001076   0x00000002   PAD
    0x08001078   0x08001078   0x00000058   Code   RO         3589    i.ADC_Index_if      can.o
    0x080010d0   0x080010d0   0x00000004   Code   RO         4210    i.BusFault_Handler  stm32f10x_it.o
    0x080010d4   0x080010d4   0x00000108   Code   RO          511    i.CAN_FilterInit    stm32f10x_can.o
    0x080011dc   0x080011dc   0x00000114   Code   RO          518    i.CAN_Init          stm32f10x_can.o
    0x080012f0   0x080012f0   0x0000001e   Code   RO          519    i.CAN_MessagePending  stm32f10x_can.o
    0x0800130e   0x0800130e   0x000000f0   Code   RO          521    i.CAN_Receive       stm32f10x_can.o
    0x080013fe   0x080013fe   0x00000126   Code   RO          526    i.CAN_Transmit      stm32f10x_can.o
    0x08001524   0x08001524   0x000000a0   Code   RO          527    i.CAN_TransmitStatus  stm32f10x_can.o
    0x080015c4   0x080015c4   0x000000dc   Code   RO         3298    i.Control_Gps       control.o
    0x080016a0   0x080016a0   0x0000012c   Code   RO         3300    i.Control_test      control.o
    0x080017cc   0x080017cc   0x00000002   Code   RO         4211    i.DebugMon_Handler  stm32f10x_it.o
    0x080017ce   0x080017ce   0x0000002e   Code   RO         3198    i.Delay_us          delay.o
    0x080017fc   0x080017fc   0x0000002c   Code   RO         3429    i.EN_Motor_Init     motor_pwm.o
    0x08001828   0x08001828   0x00000014   Code   RO         3431    i.EN_Yaw_Motor      motor_pwm.o
    0x0800183c   0x0800183c   0x00000116   Code   RO         1347    i.GPIO_Init         stm32f10x_gpio.o
    0x08001952   0x08001952   0x00000012   Code   RO         1351    i.GPIO_ReadInputDataBit  stm32f10x_gpio.o
    0x08001964   0x08001964   0x00000004   Code   RO         1355    i.GPIO_SetBits      stm32f10x_gpio.o
    0x08001968   0x08001968   0x0000000a   Code   RO         1358    i.GPIO_WriteBit     stm32f10x_gpio.o
    0x08001972   0x08001972   0x00000002   PAD
    0x08001974   0x08001974   0x000001b0   Code   RO         3546    i.GPS_Transform     gps.o
    0x08001b24   0x08001b24   0x00000044   Code   RO         3547    i.GPS_zhuanhuang    gps.o
    0x08001b68   0x08001b68   0x000003a0   Code   RO         3590    i.Get_Can_ADC_Data  can.o
    0x08001f08   0x08001f08   0x00000004   Code   RO         4212    i.HardFault_Handler  stm32f10x_it.o
    0x08001f0c   0x08001f0c   0x0000007c   Code   RO         3761    i.HeartBeat         heartbeat.o
    0x08001f88   0x08001f88   0x00000010   Code   RO         3432    i.MOTOR_Yaw_Pitch_Init  motor_pwm.o
    0x08001f98   0x08001f98   0x00000036   Code   RO         3220    i.MPU6050_Config_Init  my_mpu6050.o
    0x08001fce   0x08001fce   0x00000002   PAD
    0x08001fd0   0x08001fd0   0x0000022c   Code   RO         3221    i.MPU6050_Get_Angles  my_mpu6050.o
    0x080021fc   0x080021fc   0x00000028   Code   RO         3223    i.MPU6050_Init      my_mpu6050.o
    0x08002224   0x08002224   0x00000098   Code   RO         3224    i.MPU6050_R_reg     my_mpu6050.o
    0x080022bc   0x080022bc   0x00000074   Code   RO         3225    i.MPU6050_W_reg     my_mpu6050.o
    0x08002330   0x08002330   0x00000004   Code   RO         4213    i.MemManage_Handler  stm32f10x_it.o
    0x08002334   0x08002334   0x000000cc   Code   RO         3591    i.MyCAN_Init        can.o
    0x08002400   0x08002400   0x00000014   Code   RO         3592    i.MyCAN_Receive     can.o
    0x08002414   0x08002414   0x0000001c   Code   RO         3593    i.MyCAN_ReceiveFlag  can.o
    0x08002430   0x08002430   0x00000034   Code   RO         3594    i.MyCAN_Transmit    can.o
    0x08002464   0x08002464   0x00000058   Code   RO         3639    i.MyI2C_Init        qmc_mpu_i2c.o
    0x080024bc   0x080024bc   0x0000001a   Code   RO         3640    i.MyI2C_R_SDA       qmc_mpu_i2c.o
    0x080024d6   0x080024d6   0x00000038   Code   RO         3641    i.MyI2C_ReceiveAck  qmc_mpu_i2c.o
    0x0800250e   0x0800250e   0x0000004c   Code   RO         3642    i.MyI2C_ReceiveByte  qmc_mpu_i2c.o
    0x0800255a   0x0800255a   0x0000002e   Code   RO         3643    i.MyI2C_SendAck     qmc_mpu_i2c.o
    0x08002588   0x08002588   0x00000048   Code   RO         3644    i.MyI2C_SendByte    qmc_mpu_i2c.o
    0x080025d0   0x080025d0   0x00000032   Code   RO         3645    i.MyI2C_Start       qmc_mpu_i2c.o
    0x08002602   0x08002602   0x00000028   Code   RO         3646    i.MyI2C_Stop        qmc_mpu_i2c.o
    0x0800262a   0x0800262a   0x0000001a   Code   RO         3647    i.MyI2C_W_SCL       qmc_mpu_i2c.o
    0x08002644   0x08002644   0x0000001a   Code   RO         3648    i.MyI2C_W_SDA       qmc_mpu_i2c.o
    0x0800265e   0x0800265e   0x00000002   Code   RO         4214    i.NMI_Handler       stm32f10x_it.o
    0x08002660   0x08002660   0x00000070   Code   RO          137    i.NVIC_Init         misc.o
    0x080026d0   0x080026d0   0x00000014   Code   RO          138    i.NVIC_PriorityGroupConfig  misc.o
    0x080026e4   0x080026e4   0x00000002   Code   RO         4215    i.PendSV_Handler    stm32f10x_it.o
    0x080026e6   0x080026e6   0x00000018   Code   RO         3434    i.Pitch_Motor_Left  motor_pwm.o
    0x080026fe   0x080026fe   0x00000002   PAD
    0x08002700   0x08002700   0x00000014   Code   RO         3435    i.Pitch_Motor_Pwm_1  motor_pwm.o
    0x08002714   0x08002714   0x00000014   Code   RO         3436    i.Pitch_Motor_Pwm_2  motor_pwm.o
    0x08002728   0x08002728   0x00000018   Code   RO         3437    i.Pitch_Motor_Rigth  motor_pwm.o
    0x08002740   0x08002740   0x00000016   Code   RO         3438    i.Pitch_Motor_Stop  motor_pwm.o
    0x08002756   0x08002756   0x00000002   PAD
    0x08002758   0x08002758   0x000000a4   Code   RO         3439    i.Pitch_Pwm_Init    motor_pwm.o
    0x080027fc   0x080027fc   0x0000001e   Code   RO         3340    i.QMC5883_ConfigInit  qmc_5883.o
    0x0800281a   0x0800281a   0x00000002   PAD
    0x0800281c   0x0800281c   0x000000c8   Code   RO         3341    i.QMC5883_Get_CalibrationData  qmc_5883.o
    0x080028e4   0x080028e4   0x00000048   Code   RO         3342    i.QMC5883_Get_Data  qmc_5883.o
    0x0800292c   0x0800292c   0x00000084   Code   RO         3344    i.QMC5883_Get_Yaw_Angles  qmc_5883.o
    0x080029b0   0x080029b0   0x00000028   Code   RO         3345    i.QMC5883_Init      qmc_5883.o
    0x080029d8   0x080029d8   0x00000084   Code   RO         3346    i.QMC5883_R_reg     qmc_5883.o
    0x08002a5c   0x08002a5c   0x00000064   Code   RO         3347    i.QMC5883_W_reg     qmc_5883.o
    0x08002ac0   0x08002ac0   0x00000020   Code   RO         1775    i.RCC_APB1PeriphClockCmd  stm32f10x_rcc.o
    0x08002ae0   0x08002ae0   0x00000020   Code   RO         1777    i.RCC_APB2PeriphClockCmd  stm32f10x_rcc.o
    0x08002b00   0x08002b00   0x000000d4   Code   RO         1785    i.RCC_GetClocksFreq  stm32f10x_rcc.o
    0x08002bd4   0x08002bd4   0x0000000c   Code   RO         3348    i.SET_RESET         qmc_5883.o
    0x08002be0   0x08002be0   0x00000002   Code   RO         4216    i.SVC_Handler       stm32f10x_it.o
    0x08002be2   0x08002be2   0x00000002   PAD
    0x08002be4   0x08002be4   0x00000138   Code   RO         3708    i.Serial_UART_Init  serial.o
    0x08002d1c   0x08002d1c   0x00000008   Code   RO           24    i.SetSysClock       system_stm32f10x.o
    0x08002d24   0x08002d24   0x000000e0   Code   RO           25    i.SetSysClockTo72   system_stm32f10x.o
    0x08002e04   0x08002e04   0x00000002   Code   RO         4217    i.SysTick_Handler   stm32f10x_it.o
    0x08002e06   0x08002e06   0x00000002   PAD
    0x08002e08   0x08002e08   0x00000060   Code   RO           27    i.SystemInit        system_stm32f10x.o
    0x08002e68   0x08002e68   0x00000150   Code   RO         3762    i.TIM3_IRQHandler   heartbeat.o
    0x08002fb8   0x08002fb8   0x00000006   Code   RO         2415    i.TIM_ClearFlag     stm32f10x_tim.o
    0x08002fbe   0x08002fbe   0x00000006   Code   RO         2416    i.TIM_ClearITPendingBit  stm32f10x_tim.o
    0x08002fc4   0x08002fc4   0x00000018   Code   RO         2421    i.TIM_Cmd           stm32f10x_tim.o
    0x08002fdc   0x08002fdc   0x0000001e   Code   RO         2423    i.TIM_CtrlPWMOutputs  stm32f10x_tim.o
    0x08002ffa   0x08002ffa   0x00000022   Code   RO         2442    i.TIM_GetITStatus   stm32f10x_tim.o
    0x0800301c   0x0800301c   0x00000012   Code   RO         2446    i.TIM_ITConfig      stm32f10x_tim.o
    0x0800302e   0x0800302e   0x0000000c   Code   RO         2448    i.TIM_InternalClockConfig  stm32f10x_tim.o
    0x0800303a   0x0800303a   0x00000002   PAD
    0x0800303c   0x0800303c   0x00000098   Code   RO         2450    i.TIM_OC1Init       stm32f10x_tim.o
    0x080030d4   0x080030d4   0x00000012   Code   RO         2453    i.TIM_OC1PreloadConfig  stm32f10x_tim.o
    0x080030e6   0x080030e6   0x00000002   PAD
    0x080030e8   0x080030e8   0x000000a4   Code   RO         2455    i.TIM_OC2Init       stm32f10x_tim.o
    0x0800318c   0x0800318c   0x0000001a   Code   RO         2458    i.TIM_OC2PreloadConfig  stm32f10x_tim.o
    0x080031a6   0x080031a6   0x00000002   PAD
    0x080031a8   0x080031a8   0x000000a0   Code   RO         2460    i.TIM_OC3Init       stm32f10x_tim.o
    0x08003248   0x08003248   0x00000012   Code   RO         2463    i.TIM_OC3PreloadConfig  stm32f10x_tim.o
    0x0800325a   0x0800325a   0x00000002   PAD
    0x0800325c   0x0800325c   0x0000007c   Code   RO         2465    i.TIM_OC4Init       stm32f10x_tim.o
    0x080032d8   0x080032d8   0x0000001a   Code   RO         2467    i.TIM_OC4PreloadConfig  stm32f10x_tim.o
    0x080032f2   0x080032f2   0x00000004   Code   RO         2482    i.TIM_SetCompare1   stm32f10x_tim.o
    0x080032f6   0x080032f6   0x00000004   Code   RO         2483    i.TIM_SetCompare2   stm32f10x_tim.o
    0x080032fa   0x080032fa   0x00000004   Code   RO         2484    i.TIM_SetCompare3   stm32f10x_tim.o
    0x080032fe   0x080032fe   0x00000006   Code   RO         2485    i.TIM_SetCompare4   stm32f10x_tim.o
    0x08003304   0x08003304   0x000000a4   Code   RO         2492    i.TIM_TimeBaseInit  stm32f10x_tim.o
    0x080033a8   0x080033a8   0x0000025c   Code   RO         3709    i.USART2_IRQHandler  serial.o
    0x08003604   0x08003604   0x0000001e   Code   RO         2957    i.USART_ClearITPendingBit  stm32f10x_usart.o
    0x08003622   0x08003622   0x00000018   Code   RO         2960    i.USART_Cmd         stm32f10x_usart.o
    0x0800363a   0x0800363a   0x0000001a   Code   RO         2963    i.USART_GetFlagStatus  stm32f10x_usart.o
    0x08003654   0x08003654   0x00000054   Code   RO         2964    i.USART_GetITStatus  stm32f10x_usart.o
    0x080036a8   0x080036a8   0x0000004a   Code   RO         2966    i.USART_ITConfig    stm32f10x_usart.o
    0x080036f2   0x080036f2   0x00000002   PAD
    0x080036f4   0x080036f4   0x000000d8   Code   RO         2967    i.USART_Init        stm32f10x_usart.o
    0x080037cc   0x080037cc   0x0000000a   Code   RO         2974    i.USART_ReceiveData  stm32f10x_usart.o
    0x080037d6   0x080037d6   0x00000008   Code   RO         2977    i.USART_SendData    stm32f10x_usart.o
    0x080037de   0x080037de   0x00000004   Code   RO         4218    i.UsageFault_Handler  stm32f10x_it.o
    0x080037e2   0x080037e2   0x00000018   Code   RO         3441    i.Yaw_Motor_Left    motor_pwm.o
    0x080037fa   0x080037fa   0x00000010   Code   RO         3442    i.Yaw_Motor_Pwm_1   motor_pwm.o
    0x0800380a   0x0800380a   0x00000010   Code   RO         3443    i.Yaw_Motor_Pwm_2   motor_pwm.o
    0x0800381a   0x0800381a   0x00000018   Code   RO         3444    i.Yaw_Motor_Rigth   motor_pwm.o
    0x08003832   0x08003832   0x00000016   Code   RO         3445    i.Yaw_Motor_Stop    motor_pwm.o
    0x08003848   0x08003848   0x000000a8   Code   RO         3446    i.Yaw_Pwm_Init      motor_pwm.o
    0x080038f0   0x080038f0   0x00000020   Code   RO         4619    i.__0printf         mc_w.l(printfa.o)
    0x08003910   0x08003910   0x00000028   Code   RO         4621    i.__0sprintf        mc_w.l(printfa.o)
    0x08003938   0x08003938   0x00000028   Code   RO         4698    i.__ARM_fpclassify  m_ws.l(fpclassify.o)
    0x08003960   0x08003960   0x00000388   Code   RO         4703    i.__ieee754_rem_pio2  m_ws.l(rred.o)
    0x08003ce8   0x08003ce8   0x000000fc   Code   RO         4681    i.__kernel_cos      m_ws.l(cos_i.o)
    0x08003de4   0x08003de4   0x000000aa   Code   RO         4700    i.__kernel_poly     m_ws.l(poly.o)
    0x08003e8e   0x08003e8e   0x00000002   PAD
    0x08003e90   0x08003e90   0x000000ec   Code   RO         4708    i.__kernel_sin      m_ws.l(sin_i.o)
    0x08003f7c   0x08003f7c   0x0000027c   Code   RO         4714    i.__kernel_tan      m_ws.l(tan_i.o)
    0x080041f8   0x080041f8   0x00000010   Code   RO         4684    i.__mathlib_dbl_divzero  m_ws.l(dunder.o)
    0x08004208   0x08004208   0x00000006   Code   RO         4685    i.__mathlib_dbl_infnan  m_ws.l(dunder.o)
    0x0800420e   0x0800420e   0x00000004   Code   RO         4686    i.__mathlib_dbl_infnan2  m_ws.l(dunder.o)
    0x08004212   0x08004212   0x0000000c   Code   RO         4687    i.__mathlib_dbl_invalid  m_ws.l(dunder.o)
    0x0800421e   0x0800421e   0x0000000e   Code   RO         4688    i.__mathlib_dbl_overflow  m_ws.l(dunder.o)
    0x0800422c   0x0800422c   0x00000010   Code   RO         4690    i.__mathlib_dbl_underflow  m_ws.l(dunder.o)
    0x0800423c   0x0800423c   0x0000000c   Code   RO         4745    i.__read_errno      mc_w.l(errno.o)
    0x08004248   0x08004248   0x0000000e   Code   RO         4785    i.__scatterload_copy  mc_w.l(handlers.o)
    0x08004256   0x08004256   0x00000002   Code   RO         4786    i.__scatterload_null  mc_w.l(handlers.o)
    0x08004258   0x08004258   0x0000000e   Code   RO         4787    i.__scatterload_zeroinit  mc_w.l(handlers.o)
    0x08004266   0x08004266   0x00000002   PAD
    0x08004268   0x08004268   0x0000000c   Code   RO         4746    i.__set_errno       mc_w.l(errno.o)
    0x08004274   0x08004274   0x00000184   Code   RO         4626    i._fp_digits        mc_w.l(printfa.o)
    0x080043f8   0x080043f8   0x0000000e   Code   RO         4772    i._is_digit         mc_w.l(scanf_fp.o)
    0x08004406   0x08004406   0x00000002   PAD
    0x08004408   0x08004408   0x000006dc   Code   RO         4627    i._printf_core      mc_w.l(printfa.o)
    0x08004ae4   0x08004ae4   0x00000024   Code   RO         4628    i._printf_post_padding  mc_w.l(printfa.o)
    0x08004b08   0x08004b08   0x0000002e   Code   RO         4629    i._printf_pre_padding  mc_w.l(printfa.o)
    0x08004b36   0x08004b36   0x0000000a   Code   RO         4631    i._sputc            mc_w.l(printfa.o)
    0x08004b40   0x08004b40   0x00000034   Code   RO         3792    i.aberration_correction  spa.o
    0x08004b74   0x08004b74   0x0000027c   Code   RO         4274    i.acos              m_ws.l(acos.o)
    0x08004df0   0x08004df0   0x0000002a   Code   RO         3793    i.apparent_sun_longitude  spa.o
    0x08004e1a   0x08004e1a   0x00000002   PAD
    0x08004e1c   0x08004e1c   0x0000004c   Code   RO         3796    i.argument_latitude_moon  spa.o
    0x08004e68   0x08004e68   0x0000004c   Code   RO         3797    i.ascending_longitude_moon  spa.o
    0x08004eb4   0x08004eb4   0x00000270   Code   RO         4284    i.asin              m_ws.l(asin.o)
    0x08005124   0x08005124   0x00000220   Code   RO         4294    i.atan              m_ws.l(atan.o)
    0x08005344   0x08005344   0x00000180   Code   RO         4304    i.atan2             m_ws.l(atan2.o)
    0x080054c4   0x080054c4   0x00000118   Code   RO         3798    i.atmospheric_refraction_correction  spa.o
    0x080055dc   0x080055dc   0x0000002a   Code   RO         4312    i.atof              m_ws.l(atof.o)
    0x08005606   0x08005606   0x000001ce   Code   RO         3800    i.calculate_geocentric_sun_right_ascension_and_declination  spa.o
    0x080057d4   0x080057d4   0x00000068   Code   RO         3548    i.convertNE         gps.o
    0x0800583c   0x0800583c   0x0000009c   Code   RO         4316    i.cos               m_ws.l(cos.o)
    0x080058d8   0x080058d8   0x0000001c   Code   RO         3802    i.deg2rad           spa.o
    0x080058f4   0x080058f4   0x00000054   Code   RO         3803    i.earth_heliocentric_latitude  spa.o
    0x08005948   0x08005948   0x00000060   Code   RO         3804    i.earth_heliocentric_longitude  spa.o
    0x080059a8   0x080059a8   0x00000086   Code   RO         3805    i.earth_periodic_term_summation  spa.o
    0x08005a2e   0x08005a2e   0x00000002   PAD
    0x08005a30   0x08005a30   0x0000004c   Code   RO         3806    i.earth_radius_vector  spa.o
    0x08005a7c   0x08005a7c   0x00000078   Code   RO         3807    i.earth_values      spa.o
    0x08005af4   0x08005af4   0x00000164   Code   RO         3808    i.ecliptic_mean_obliquity  spa.o
    0x08005c58   0x08005c58   0x0000002c   Code   RO         3809    i.ecliptic_true_obliquity  spa.o
    0x08005c84   0x08005c84   0x000000dc   Code   RO         4324    i.floor             m_ws.l(floor.o)
    0x08005d60   0x08005d60   0x00000094   Code   RO         4328    i.fmod              m_ws.l(fmod.o)
    0x08005df4   0x08005df4   0x00000024   Code   RO         3712    i.fputc             serial.o
    0x08005e18   0x08005e18   0x000000ac   Code   RO         3811    i.geocentric_declination  spa.o
    0x08005ec4   0x08005ec4   0x0000000c   Code   RO         3812    i.geocentric_latitude  spa.o
    0x08005ed0   0x08005ed0   0x00000048   Code   RO         3813    i.geocentric_longitude  spa.o
    0x08005f18   0x08005f18   0x000000ac   Code   RO         3814    i.geocentric_right_ascension  spa.o
    0x08005fc4   0x08005fc4   0x000000a4   Code   RO         3815    i.greenwich_mean_sidereal_time  spa.o
    0x08006068   0x08006068   0x00000034   Code   RO         3816    i.greenwich_sidereal_time  spa.o
    0x0800609c   0x0800609c   0x00000010   Code   RO         3817    i.integer           spa.o
    0x080060ac   0x080060ac   0x0000002c   Code   RO         3818    i.julian_century    spa.o
    0x080060d8   0x080060d8   0x0000019c   Code   RO         3819    i.julian_day        spa.o
    0x08006274   0x08006274   0x0000002c   Code   RO         3820    i.julian_ephemeris_century  spa.o
    0x080062a0   0x080062a0   0x0000002c   Code   RO         3821    i.julian_ephemeris_day  spa.o
    0x080062cc   0x080062cc   0x00000018   Code   RO         3822    i.julian_ephemeris_millennium  spa.o
    0x080062e4   0x080062e4   0x00000064   Code   RO         3823    i.limit_degrees     spa.o
    0x08006348   0x08006348   0x00000038   Code   RO         4170    i.main              main.o
    0x08006380   0x08006380   0x0000004c   Code   RO         3828    i.mean_anomaly_moon  spa.o
    0x080063cc   0x080063cc   0x0000004c   Code   RO         3829    i.mean_anomaly_sun  spa.o
    0x08006418   0x08006418   0x0000004c   Code   RO         3830    i.mean_elongation_moon_sun  spa.o
    0x08006464   0x08006464   0x00000114   Code   RO         3831    i.nutation_longitude_and_obliquity  spa.o
    0x08006578   0x08006578   0x0000002c   Code   RO         3832    i.observer_hour_angle  spa.o
    0x080065a4   0x080065a4   0x000009d8   Code   RO         4336    i.pow               m_ws.l(pow.o)
    0x08006f7c   0x08006f7c   0x0000001c   Code   RO         3833    i.rad2deg           spa.o
    0x08006f98   0x08006f98   0x0000022c   Code   RO         3834    i.right_ascension_parallax_and_topocentric_dec  spa.o
    0x080071c4   0x080071c4   0x000000a0   Code   RO         4346    i.sin               m_ws.l(sin.o)
    0x08007264   0x08007264   0x000001ce   Code   RO         3837    i.spa_calculate     spa.o
    0x08007432   0x08007432   0x0000004c   Code   RO         4354    i.sqrt              m_ws.l(sqrt.o)
    0x0800747e   0x0800747e   0x00000002   PAD
    0x08007480   0x08007480   0x00000034   Code   RO         3838    i.sun_equatorial_horizontal_parallax  spa.o
    0x080074b4   0x080074b4   0x000000b8   Code   RO         3842    i.surface_incidence_angle  spa.o
    0x0800756c   0x0800756c   0x00000064   Code   RO         4362    i.tan               m_ws.l(tan.o)
    0x080075d0   0x080075d0   0x0000005e   Code   RO         3843    i.third_order_polynomial  spa.o
    0x0800762e   0x0800762e   0x00000002   PAD
    0x08007630   0x08007630   0x00000024   Code   RO         3844    i.topocentric_azimuth_angle  spa.o
    0x08007654   0x08007654   0x000000ac   Code   RO         3845    i.topocentric_azimuth_angle_astro  spa.o
    0x08007700   0x08007700   0x000000ac   Code   RO         3846    i.topocentric_elevation_angle  spa.o
    0x080077ac   0x080077ac   0x0000001c   Code   RO         3847    i.topocentric_elevation_angle_corrected  spa.o
    0x080077c8   0x080077c8   0x0000001c   Code   RO         3848    i.topocentric_local_hour_angle  spa.o
    0x080077e4   0x080077e4   0x0000001c   Code   RO         3849    i.topocentric_right_ascension  spa.o
    0x08007800   0x08007800   0x00000018   Code   RO         3850    i.topocentric_zenith_angle  spa.o
    0x08007818   0x08007818   0x000002a0   Code   RO         3549    i.transformLat      gps.o
    0x08007ab8   0x08007ab8   0x0000028c   Code   RO         3550    i.transformLon      gps.o
    0x08007d44   0x08007d44   0x00000214   Code   RO         3851    i.validate_inputs   spa.o
    0x08007f58   0x08007f58   0x0000005c   Code   RO         3852    i.xy_term_summation  spa.o
    0x08007fb4   0x08007fb4   0x00000004   PAD
    0x08007fb8   0x08007fb8   0x000044b8   Data   RO         3853    .constdata          spa.o
    0x0800c470   0x0800c470   0x00000050   Data   RO         4275    .constdata          m_ws.l(acos.o)
    0x0800c4c0   0x0800c4c0   0x00000050   Data   RO         4285    .constdata          m_ws.l(asin.o)
    0x0800c510   0x0800c510   0x00000098   Data   RO         4295    .constdata          m_ws.l(atan.o)
    0x0800c5a8   0x0800c5a8   0x00000088   Data   RO         4337    .constdata          m_ws.l(pow.o)
    0x0800c630   0x0800c630   0x00000030   Data   RO         4682    .constdata          m_ws.l(cos_i.o)
    0x0800c660   0x0800c660   0x00000008   Data   RO         4702    .constdata          m_ws.l(qnan.o)
    0x0800c668   0x0800c668   0x000000c8   Data   RO         4705    .constdata          m_ws.l(rred.o)
    0x0800c730   0x0800c730   0x00000028   Data   RO         4709    .constdata          m_ws.l(sin_i.o)
    0x0800c758   0x0800c758   0x00000060   Data   RO         4715    .constdata          m_ws.l(tan_i.o)
    0x0800c7b8   0x0800c7b8   0x00000040   Data   RO         4779    .constdata          mc_w.l(ctype_c.o)
    0x0800c7f8   0x0800c7f8   0x00000020   Data   RO         4783    Region$$Table       anon$$obj.o


    Execution Region RW_IRAM1 (Exec base: 0x20000000, Load base: 0x0800c818, Size: 0x000007f8, Max: 0x00005000, ABSOLUTE, COMPRESSED[0x00000078])

    Exec Addr    Load Addr    Size         Type   Attr      Idx    E Section Name        Object

    0x20000000   COMPRESSED   0x00000014   Data   RW         1805    .data               stm32f10x_rcc.o
    0x20000014   COMPRESSED   0x00000008   Data   RW         3227    .data               my_mpu6050.o
    0x2000001c   COMPRESSED   0x00000024   Data   RW         3351    .data               qmc_5883.o
    0x20000040   COMPRESSED   0x00000014   Data   RW         3596    .data               can.o
    0x20000054   COMPRESSED   0x00000005   Data   RW         3714    .data               serial.o
    0x20000059   COMPRESSED   0x00000003   PAD
    0x2000005c   COMPRESSED   0x00000070   Data   RW         3763    .data               heartbeat.o
    0x200000cc   COMPRESSED   0x00000004   PAD
    0x200000d0   COMPRESSED   0x0000005c   Data   RW         4172    .data               main.o
    0x2000012c   COMPRESSED   0x00000004   Data   RW         4379    .data               mc_w.l(strtok.o)
    0x20000130   COMPRESSED   0x00000004   Data   RW         4747    .data               mc_w.l(errno.o)
    0x20000134        -       0x00000014   Zero   RW         3595    .bss                can.o
    0x20000148        -       0x000000c8   Zero   RW         3713    .bss                serial.o
    0x20000210        -       0x000001e8   Zero   RW         4171    .bss                main.o
    0x200003f8        -       0x00000400   Zero   RW            1    STACK               startup_stm32f10x_md.o


==============================================================================

Image component sizes


      Code (inc. data)   RO Data    RW Data    ZI Data      Debug   Object Name

      1320         68          0         20         20       3763   can.o
       520         44          0          0          0       1329   control.o
         0          0          0          0          0       4516   core_cm3.o
        46          0          0          0          0        435   delay.o
      1928        176          0          0          0       3027   gps.o
       460        130          0        112          0       1972   heartbeat.o
        56          8          0         92        488       1245   main.o
       132         22          0          0          0     212919   misc.o
       624         42          0          0          0       7728   motor_pwm.o
       918         60          0          8          0       6568   my_mpu6050.o
       718         74          0         36          0       7523   qmc_5883.o
       506          8          0          0          0       6686   qmc_mpu_i2c.o
       952        118          0          5        200       4957   serial.o
      6290        590      17592          0          0      31826   spa.o
        36          8        236          0       1024        800   startup_stm32f10x_md.o
         0          0          0          0          0       1644   stm32f10x_adc.o
      1264         28          0          0          0      12999   stm32f10x_can.o
       310          0          0          0          0      11759   stm32f10x_gpio.o
        26          0          0          0          0       3630   stm32f10x_it.o
       276         32          0         20          0      12902   stm32f10x_rcc.o
      1000         92          0          0          0      31817   stm32f10x_tim.o
       472          6          0          0          0      12351   stm32f10x_usart.o
       328         28          0          0          0      45117   system_stm32f10x.o

    ----------------------------------------------------------------------
     18216       1538      17860        300       1732     427513   Object Totals
         0          0         32          0          0          0   (incl. Generated)
        34          4          0          7          0          0   (incl. Padding)

    ----------------------------------------------------------------------

      Code (inc. data)   RO Data    RW Data    ZI Data      Debug   Library Member Name

       636         62         80          0          0        188   acos.o
       624         52         80          0          0        168   asin.o
       544         70        152          0          0        124   atan.o
       384         38          0          0          0        144   atan2.o
        42          0          0          0          0         84   atof.o
       156          8          0          0          0        104   cos.o
       252         22         48          0          0        124   cos_i.o
        68         10          0          0          0        408   dunder.o
       220         16          0          0          0         84   floor.o
       148          4          0          0          0         88   fmod.o
        40          0          0          0          0         68   fpclassify.o
       170          0          0          0          0         96   poly.o
      2520        190        136          0          0        324   pow.o
         0          0          8          0          0          0   qnan.o
       904         76        200          0          0        140   rred.o
       160         10          0          0          0        108   sin.o
       236         12         40          0          0        128   sin_i.o
        76          0          0          0          0         84   sqrt.o
       100         10          0          0          0         96   tan.o
       636         50         96          0          0        168   tan_i.o
        86          0          0          0          0          0   __dczerorl2.o
        64          0          0          0          0         84   _sgetc.o
        40          6         64          0          0         68   ctype_c.o
         0          0          0          0          0          0   entry.o
         0          0          0          0          0          0   entry10a.o
         0          0          0          0          0          0   entry11a.o
         8          4          0          0          0          0   entry2.o
         4          0          0          0          0          0   entry5.o
         0          0          0          0          0          0   entry7b.o
         0          0          0          0          0          0   entry8b.o
         8          4          0          0          0          0   entry9a.o
        24         12          0          4          0        136   errno.o
        30          0          0          0          0          0   handlers.o
        36          8          0          0          0         68   init.o
        10          0          0          0          0         68   isspace_c.o
         0          0          0          0          0          0   iusefp.o
        30          0          0          0          0         68   llshl.o
        36          0          0          0          0         68   llsshr.o
        32          0          0          0          0         68   llushr.o
      2308         96          0          0          0        604   printfa.o
       878         12          0          0          0        216   scanf_fp.o
        28          0          0          0          0         76   strcmp.o
        18          0          0          0          0         68   strcpy.o
       156         12          0          0          0        120   strtod.o
        68          6          0          4          0         80   strtok.o
        44          0          0          0          0         80   uidiv.o
        98          0          0          0          0         92   uldiv.o
        48          0          0          0          0         68   cdcmple.o
        48          0          0          0          0         68   cdrcmple.o
        20          0          0          0          0         68   cfcmple.o
        56          0          0          0          0         88   d2f.o
       334          0          0          0          0        148   dadd.o
       222          0          0          0          0        100   ddiv.o
       186          0          0          0          0        176   depilogue.o
        62          0          0          0          0         80   dfixi.o
        48          0          0          0          0         68   dfixul.o
        34          0          0          0          0         76   dflti.o
        26          0          0          0          0         76   dfltui.o
        24          0          0          0          0         76   dfltul.o
       228          0          0          0          0         96   dmul.o
       134          0          0          0          0         96   drem.o
        46          0          0          0          0         80   dscalb.o
       162          0          0          0          0        100   dsqrt.o
        38          0          0          0          0         68   f2d.o
       176          0          0          0          0        140   fadd.o
       124          0          0          0          0         88   fdiv.o
       110          0          0          0          0        168   fepilogue.o
        50          0          0          0          0         68   ffixi.o
        18          0          0          0          0         68   fflti.o
        10          0          0          0          0         68   ffltui.o
       100          0          0          0          0         76   fmul.o

    ----------------------------------------------------------------------
     14244        790        904          8          0       6900   Library Totals
        18          0          0          0          0          0   (incl. Padding)

    ----------------------------------------------------------------------

      Code (inc. data)   RO Data    RW Data    ZI Data      Debug   Library Name

      7916        630        840          0          0       2728   m_ws.l
      4006        160         64          8          0       1964   mc_w.l
      2304          0          0          0          0       2208   mf_w.l

    ----------------------------------------------------------------------
     14244        790        904          8          0       6900   Library Totals

    ----------------------------------------------------------------------

==============================================================================


      Code (inc. data)   RO Data    RW Data    ZI Data      Debug   

     32460       2328      18764        308       1732     422945   Grand Totals
     32460       2328      18764        120       1732     422945   ELF Image Totals (compressed)
     32460       2328      18764        120          0          0   ROM Totals

==============================================================================

    Total RO  Size (Code + RO Data)                51224 (  50.02kB)
    Total RW  Size (RW Data + ZI Data)              2040 (   1.99kB)
    Total ROM Size (Code + RO Data + RW Data)      51344 (  50.14kB)

==============================================================================

